#
# There is insufficient memory for the Java Runtime Environment to continue.
# Native memory allocation (malloc) failed to allocate 1058304 bytes. Error detail: Chunk::new
# Possible reasons:
#   The system is out of physical RAM or swap space
#   This process is running with CompressedOops enabled, and the Java Heap may be blocking the growth of the native heap
# Possible solutions:
#   Reduce memory load on the system
#   Increase physical memory or swap space
#   Check if swap backing store is full
#   Decrease Java heap size (-Xmx/-Xms)
#   Decrease number of Java threads
#   Decrease Java thread stack sizes (-Xss)
#   Set larger code cache with -XX:ReservedCodeCacheSize=
#   JVM is running with Unscaled Compressed Oops mode in which the Java heap is
#     placed in the first 4GB address space. The Java Heap base address is the
#     maximum limit for the native heap growth. Please use -XX:HeapBaseMinAddress
#     to set the Java Heap base and to place the Java Heap above 4GB virtual address.
# This output file may be truncated or incomplete.
#
#  Out of Memory Error (arena.cpp:168), pid=25636, tid=29512
#
# JRE version: OpenJDK Runtime Environment Temurin-21.0.10+7 (21.0.10+7) (build 21.0.10+7-LTS)
# Java VM: OpenJDK 64-Bit Server VM Temurin-21.0.10+7 (21.0.10+7-LTS, mixed mode, sharing, tiered, compressed oops, compressed class ptrs, g1 gc, windows-amd64)
# No core dump will be written. Minidumps are not enabled by default on client versions of Windows
#

---------------  S U M M A R Y ------------

Command Line: --add-opens=java.base/java.util=ALL-UNNAMED --add-opens=java.base/java.lang=ALL-UNNAMED --add-opens=java.base/java.lang.invoke=ALL-UNNAMED --add-opens=java.prefs/java.util.prefs=ALL-UNNAMED --add-exports=jdk.compiler/com.sun.tools.javac.api=ALL-UNNAMED --add-exports=jdk.compiler/com.sun.tools.javac.util=ALL-UNNAMED --add-opens=java.base/java.nio.charset=ALL-UNNAMED --add-opens=java.base/java.net=ALL-UNNAMED --add-opens=java.base/java.util.concurrent.atomic=ALL-UNNAMED -XX:MaxMetaspaceSize=384m -XX:+HeapDumpOnOutOfMemoryError -Xms256m -Xmx512m -Dfile.encoding=utf8 -Duser.country=US -Duser.language=en -Duser.variant -javaagent:C:\Users\HP\.gradle\wrapper\dists\gradle-8.9-bin\90cnw93cvbtalezasaz0blq0a\gradle-8.9\lib\agents\gradle-instrumentation-agent-8.9.jar org.gradle.launcher.daemon.bootstrap.GradleDaemon 8.9

Host: 11th Gen Intel(R) Core(TM) i5-1135G7 @ 2.40GHz, 8 cores, 23G,  Windows 11 , 64 bit Build 26100 (10.0.26100.8246)
Time: Fri Apr 24 21:15:51 2026 Middle East Daylight Time elapsed time: 17.877526 seconds (0d 0h 0m 17s)

---------------  T H R E A D  ---------------

Current thread (0x0000027b57271210):  JavaThread "C2 CompilerThread0" daemon [_thread_in_native, id=29512, stack(0x000000f7ef900000,0x000000f7efa00000) (1024K)]


Current CompileTask:
C2:17877 6836       4       sun.security.ec.ECOperations::setDouble (463 bytes)

Stack: [0x000000f7ef900000,0x000000f7efa00000]
Native frames: (J=compiled Java code, j=interpreted, Vv=VM code, C=native code)
V  [jvm.dll+0x6d7a39]
V  [jvm.dll+0x8b4b26]
V  [jvm.dll+0x8b70de]
V  [jvm.dll+0x8b77c3]
V  [jvm.dll+0x284346]
V  [jvm.dll+0xc66ed]
V  [jvm.dll+0xc6c31]
V  [jvm.dll+0x3bec3b]
V  [jvm.dll+0x1e3f69]
V  [jvm.dll+0x24c6b3]
V  [jvm.dll+0x24bb40]
V  [jvm.dll+0x1cb34e]
V  [jvm.dll+0x25b85d]
V  [jvm.dll+0x259dea]
V  [jvm.dll+0x3f857e]
V  [jvm.dll+0x85f59d]
V  [jvm.dll+0x6d626d]
C  [ucrtbase.dll+0x37b0]
C  [KERNEL32.DLL+0x2e8d7]
C  [ntdll.dll+0x8c3fc]


---------------  P R O C E S S  ---------------

Threads class SMR info:
_java_thread_list=0x0000027b75226750, length=38, elements={
0x0000027b418e0ef0, 0x0000027b572508d0, 0x0000027b57251ea0, 0x0000027b57254940,
0x0000027b57255600, 0x0000027b57257460, 0x0000027b57258b60, 0x0000027b57271210,
0x0000027b57292ea0, 0x0000027b57520970, 0x0000027b5759afd0, 0x0000027b720b2020,
0x0000027b720b05a0, 0x0000027b720a9010, 0x0000027b726a0840, 0x0000027b721f7730,
0x0000027b721f6380, 0x0000027b721f5cf0, 0x0000027b721f6a10, 0x0000027b74d4c470,
0x0000027b74d4f260, 0x0000027b74d4ff80, 0x0000027b74d4cb00, 0x0000027b74d4e540,
0x0000027b74d51330, 0x0000027b74d4d820, 0x0000027b74d4deb0, 0x0000027b74d4bde0,
0x0000027b74d526e0, 0x0000027b74d52d70, 0x0000027b74d4f8f0, 0x0000027b74d53400,
0x0000027b721f70a0, 0x0000027b721f5660, 0x0000027b721f8ae0, 0x0000027b721f7dc0,
0x0000027b73e1ba90, 0x0000027b73e1c160
}

Java Threads: ( => current thread )
  0x0000027b418e0ef0 JavaThread "main"                              [_thread_blocked, id=24512, stack(0x000000f7eeb00000,0x000000f7eec00000) (1024K)]
  0x0000027b572508d0 JavaThread "Reference Handler"          daemon [_thread_blocked, id=29760, stack(0x000000f7ef300000,0x000000f7ef400000) (1024K)]
  0x0000027b57251ea0 JavaThread "Finalizer"                  daemon [_thread_blocked, id=11620, stack(0x000000f7ef400000,0x000000f7ef500000) (1024K)]
  0x0000027b57254940 JavaThread "Signal Dispatcher"          daemon [_thread_blocked, id=20884, stack(0x000000f7ef500000,0x000000f7ef600000) (1024K)]
  0x0000027b57255600 JavaThread "Attach Listener"            daemon [_thread_blocked, id=13096, stack(0x000000f7ef600000,0x000000f7ef700000) (1024K)]
  0x0000027b57257460 JavaThread "Service Thread"             daemon [_thread_blocked, id=20812, stack(0x000000f7ef700000,0x000000f7ef800000) (1024K)]
  0x0000027b57258b60 JavaThread "Monitor Deflation Thread"   daemon [_thread_blocked, id=31340, stack(0x000000f7ef800000,0x000000f7ef900000) (1024K)]
=>0x0000027b57271210 JavaThread "C2 CompilerThread0"         daemon [_thread_in_native, id=29512, stack(0x000000f7ef900000,0x000000f7efa00000) (1024K)]
  0x0000027b57292ea0 JavaThread "C1 CompilerThread0"         daemon [_thread_blocked, id=3496, stack(0x000000f7efa00000,0x000000f7efb00000) (1024K)]
  0x0000027b57520970 JavaThread "Common-Cleaner"             daemon [_thread_blocked, id=28424, stack(0x000000f7efb00000,0x000000f7efc00000) (1024K)]
  0x0000027b5759afd0 JavaThread "Notification Thread"        daemon [_thread_blocked, id=26280, stack(0x000000f7efc00000,0x000000f7efd00000) (1024K)]
  0x0000027b720b2020 JavaThread "Daemon health stats"               [_thread_blocked, id=29920, stack(0x000000f7f0400000,0x000000f7f0500000) (1024K)]
  0x0000027b720b05a0 JavaThread "Incoming local TCP Connector on port 52658"        [_thread_in_native, id=23644, stack(0x000000f7f0500000,0x000000f7f0600000) (1024K)]
  0x0000027b720a9010 JavaThread "Daemon periodic checks"            [_thread_blocked, id=29812, stack(0x000000f7f0600000,0x000000f7f0700000) (1024K)]
  0x0000027b726a0840 JavaThread "Daemon"                            [_thread_blocked, id=28092, stack(0x000000f7f0700000,0x000000f7f0800000) (1024K)]
  0x0000027b721f7730 JavaThread "Daemon worker"                     [_thread_in_native, id=19740, stack(0x000000f7f0a00000,0x000000f7f0b00000) (1024K)]
  0x0000027b721f6380 JavaThread "Cache worker for journal cache (C:\Users\HP\.gradle\caches\journal-1)"        [_thread_blocked, id=28284, stack(0x000000f7f0e00000,0x000000f7f0f00000) (1024K)]
  0x0000027b721f5cf0 JavaThread "File lock request listener"        [_thread_in_native, id=28392, stack(0x000000f7f0f00000,0x000000f7f1000000) (1024K)]
  0x0000027b721f6a10 JavaThread "Cache worker for file hash cache (C:\Users\HP\.gradle\caches\8.9\fileHashes)"        [_thread_blocked, id=24380, stack(0x000000f7f1000000,0x000000f7f1100000) (1024K)]
  0x0000027b74d4c470 JavaThread "File watcher server"        daemon [_thread_in_native, id=21708, stack(0x000000f7f1600000,0x000000f7f1700000) (1024K)]
  0x0000027b74d4f260 JavaThread "File watcher consumer"      daemon [_thread_blocked, id=10332, stack(0x000000f7f1700000,0x000000f7f1800000) (1024K)]
  0x0000027b74d4ff80 JavaThread "Cache worker for file content cache (C:\Users\HP\.gradle\caches\8.9\fileContent)"        [_thread_blocked, id=17716, stack(0x000000f7efe00000,0x000000f7eff00000) (1024K)]
  0x0000027b74d4cb00 JavaThread "jar transforms"                    [_thread_blocked, id=24260, stack(0x000000f7f1b00000,0x000000f7f1c00000) (1024K)]
  0x0000027b74d4e540 JavaThread "jar transforms Thread 2"           [_thread_blocked, id=27564, stack(0x000000f7f1c00000,0x000000f7f1d00000) (1024K)]
  0x0000027b74d51330 JavaThread "jar transforms Thread 3"           [_thread_blocked, id=28100, stack(0x000000f7f1a00000,0x000000f7f1b00000) (1024K)]
  0x0000027b74d4d820 JavaThread "VFS cleanup"                       [_thread_blocked, id=3428, stack(0x000000f7efd00000,0x000000f7efe00000) (1024K)]
  0x0000027b74d4deb0 JavaThread "Handler for socket connection from /127.0.0.1:52658 to /127.0.0.1:52660"        [_thread_in_native, id=12772, stack(0x000000f7f0800000,0x000000f7f0900000) (1024K)]
  0x0000027b74d4bde0 JavaThread "Cancel handler"                    [_thread_blocked, id=29380, stack(0x000000f7f0900000,0x000000f7f0a00000) (1024K)]
  0x0000027b74d526e0 JavaThread "Asynchronous log dispatcher for DefaultDaemonConnection: socket connection from /127.0.0.1:52658 to /127.0.0.1:52660"        [_thread_blocked, id=30656, stack(0x000000f7f0b00000,0x000000f7f0c00000) (1024K)]
  0x0000027b74d52d70 JavaThread "Stdin handler"                     [_thread_blocked, id=28552, stack(0x000000f7f0c00000,0x000000f7f0d00000) (1024K)]
  0x0000027b74d4f8f0 JavaThread "Daemon client event forwarder"        [_thread_blocked, id=30596, stack(0x000000f7f0d00000,0x000000f7f0e00000) (1024K)]
  0x0000027b74d53400 JavaThread "Cache worker for file hash cache (C:\Users\HP\Downloads\Ejri Bl 3ishe\Orion\node_modules\expo-modules-autolinking\android\expo-gradle-plugin\.gradle\8.9\fileHashes)"        [_thread_blocked, id=24180, stack(0x000000f7f1100000,0x000000f7f1200000) (1024K)]
  0x0000027b721f70a0 JavaThread "Cache worker for Build Output Cleanup Cache (C:\Users\HP\Downloads\Ejri Bl 3ishe\Orion\node_modules\expo-modules-autolinking\android\expo-gradle-plugin\.gradle\buildOutputCleanup)"        [_thread_blocked, id=30064, stack(0x000000f7f1500000,0x000000f7f1600000) (1024K)]
  0x0000027b721f5660 JavaThread "Cache worker for checksums cache (C:\Users\HP\Downloads\Ejri Bl 3ishe\Orion\node_modules\expo-modules-autolinking\android\expo-gradle-plugin\.gradle\8.9\checksums)"        [_thread_blocked, id=21680, stack(0x000000f7f1800000,0x000000f7f1900000) (1024K)]
  0x0000027b721f8ae0 JavaThread "Cache worker for cache directory md-rule (C:\Users\HP\.gradle\caches\8.9\md-rule)"        [_thread_blocked, id=20048, stack(0x000000f7f1900000,0x000000f7f1a00000) (1024K)]
  0x0000027b721f7dc0 JavaThread "Cache worker for cache directory md-supplier (C:\Users\HP\.gradle\caches\8.9\md-supplier)"        [_thread_blocked, id=23632, stack(0x000000f7f1d00000,0x000000f7f1e00000) (1024K)]
  0x0000027b73e1ba90 JavaThread "C2 CompilerThread1"         daemon [_thread_blocked, id=13704, stack(0x000000f7f1f00000,0x000000f7f2000000) (1024K)]
  0x0000027b73e1c160 JavaThread "C2 CompilerThread2"         daemon [_thread_blocked, id=12368, stack(0x000000f7f2000000,0x000000f7f2100000) (1024K)]
Total: 38

Other Threads:
  0x0000027b57230580 VMThread "VM Thread"                           [id=28732, stack(0x000000f7ef200000,0x000000f7ef300000) (1024K)]
  0x0000027b57321920 WatcherThread "VM Periodic Task Thread"        [id=21760, stack(0x000000f7ef100000,0x000000f7ef200000) (1024K)]
  0x0000027b4190c730 WorkerThread "GC Thread#0"                     [id=26668, stack(0x000000f7eec00000,0x000000f7eed00000) (1024K)]
  0x0000027b578d5d90 WorkerThread "GC Thread#1"                     [id=24556, stack(0x000000f7eff00000,0x000000f7f0000000) (1024K)]
  0x0000027b578d6530 WorkerThread "GC Thread#2"                     [id=7772, stack(0x000000f7f0000000,0x000000f7f0100000) (1024K)]
  0x0000027b712a1290 WorkerThread "GC Thread#3"                     [id=31428, stack(0x000000f7f0100000,0x000000f7f0200000) (1024K)]
  0x0000027b71367ab0 WorkerThread "GC Thread#4"                     [id=29096, stack(0x000000f7f0200000,0x000000f7f0300000) (1024K)]
  0x0000027b712c5730 WorkerThread "GC Thread#5"                     [id=19792, stack(0x000000f7f0300000,0x000000f7f0400000) (1024K)]
  0x0000027b72bb4dc0 WorkerThread "GC Thread#6"                     [id=2900, stack(0x000000f7f1200000,0x000000f7f1300000) (1024K)]
  0x0000027b72bb37a0 WorkerThread "GC Thread#7"                     [id=29304, stack(0x000000f7f1300000,0x000000f7f1400000) (1024K)]
  0x0000027b41911790 ConcurrentGCThread "G1 Main Marker"            [id=15464, stack(0x000000f7eed00000,0x000000f7eee00000) (1024K)]
  0x0000027b419145f0 WorkerThread "G1 Conc#0"                       [id=19688, stack(0x000000f7eee00000,0x000000f7eef00000) (1024K)]
  0x0000027b72bb33f0 WorkerThread "G1 Conc#1"                       [id=26844, stack(0x000000f7f1400000,0x000000f7f1500000) (1024K)]
  0x0000027b5716d700 ConcurrentGCThread "G1 Refine#0"               [id=21080, stack(0x000000f7eef00000,0x000000f7ef000000) (1024K)]
  0x0000027b5716df30 ConcurrentGCThread "G1 Service"                [id=29576, stack(0x000000f7ef000000,0x000000f7ef100000) (1024K)]
Total: 15

Threads with active compile tasks:
C2 CompilerThread0  17922 6836       4       sun.security.ec.ECOperations::setDouble (463 bytes)
Total: 1

VM state: not at safepoint (normal execution)

VM Mutex/Monitor currently owned by a thread: None

Heap address: 0x00000000e0000000, size: 512 MB, Compressed Oops mode: 32-bit

CDS archive(s) mapped at: [0x0000027b58000000-0x0000027b58ba0000-0x0000027b58ba0000), size 12189696, SharedBaseAddress: 0x0000027b58000000, ArchiveRelocationMode: 1.
Compressed class space mapped at: 0x0000027b59000000-0x0000027b6d000000, reserved size: 335544320
Narrow klass base: 0x0000027b58000000, Narrow klass shift: 0, Narrow klass range: 0x100000000

GC Precious Log:
 CardTable entry size: 512
 Card Set container configuration: InlinePtr #cards 5 size 8 Array Of Cards #cards 12 size 40 Howl #buckets 4 coarsen threshold 1843 Howl Bitmap #cards 512 size 80 coarsen threshold 460 Card regions per heap region 1 cards per card region 2048
 CPUs: 8 total, 8 available
 Memory: 24243M
 Large Page Support: Disabled
 NUMA Support: Disabled
 Compressed Oops: Enabled (32-bit)
 Heap Region Size: 1M
 Heap Min Capacity: 256M
 Heap Initial Capacity: 256M
 Heap Max Capacity: 512M
 Pre-touch: Disabled
 Parallel Workers: 8
 Concurrent Workers: 2
 Concurrent Refinement Workers: 8
 Periodic GC: Disabled

Heap:
 garbage-first heap   total 262144K, used 71758K [0x00000000e0000000, 0x0000000100000000)
  region size 1024K, 34 young (34816K), 9 survivors (9216K)
 Metaspace       used 63178K, committed 64960K, reserved 393216K
  class space    used 9117K, committed 9984K, reserved 327680K

Heap Regions: E=young(eden), S=young(survivor), O=old, HS=humongous(starts), HC=humongous(continues), CS=collection set, F=free, TAMS=top-at-mark-start, PB=parsable bottom
|   0|0x00000000e0000000, 0x00000000e0100000, 0x00000000e0100000|100%|HS|  |TAMS 0x00000000e0000000| PB 0x00000000e0000000| Complete 
|   1|0x00000000e0100000, 0x00000000e0200000, 0x00000000e0200000|100%|HC|  |TAMS 0x00000000e0100000| PB 0x00000000e0100000| Complete 
|   2|0x00000000e0200000, 0x00000000e0300000, 0x00000000e0300000|100%|HC|  |TAMS 0x00000000e0200000| PB 0x00000000e0200000| Complete 
|   3|0x00000000e0300000, 0x00000000e0400000, 0x00000000e0400000|100%|HC|  |TAMS 0x00000000e0300000| PB 0x00000000e0300000| Complete 
|   4|0x00000000e0400000, 0x00000000e0500000, 0x00000000e0500000|100%| O|  |TAMS 0x00000000e0400000| PB 0x00000000e0400000| Untracked 
|   5|0x00000000e0500000, 0x00000000e0600000, 0x00000000e0600000|100%| O|  |TAMS 0x00000000e0500000| PB 0x00000000e0500000| Untracked 
|   6|0x00000000e0600000, 0x00000000e0700000, 0x00000000e0700000|100%| O|  |TAMS 0x00000000e0600000| PB 0x00000000e0600000| Untracked 
|   7|0x00000000e0700000, 0x00000000e0800000, 0x00000000e0800000|100%| O|  |TAMS 0x00000000e0700000| PB 0x00000000e0700000| Untracked 
|   8|0x00000000e0800000, 0x00000000e0900000, 0x00000000e0900000|100%| O|  |TAMS 0x00000000e0800000| PB 0x00000000e0800000| Untracked 
|   9|0x00000000e0900000, 0x00000000e0a00000, 0x00000000e0a00000|100%| O|  |TAMS 0x00000000e0900000| PB 0x00000000e0900000| Untracked 
|  10|0x00000000e0a00000, 0x00000000e0b00000, 0x00000000e0b00000|100%| O|  |TAMS 0x00000000e0a00000| PB 0x00000000e0a00000| Untracked 
|  11|0x00000000e0b00000, 0x00000000e0c00000, 0x00000000e0c00000|100%|HS|  |TAMS 0x00000000e0b00000| PB 0x00000000e0b00000| Complete 
|  12|0x00000000e0c00000, 0x00000000e0d00000, 0x00000000e0d00000|100%| O|  |TAMS 0x00000000e0c00000| PB 0x00000000e0c00000| Untracked 
|  13|0x00000000e0d00000, 0x00000000e0e00000, 0x00000000e0e00000|100%| O|  |TAMS 0x00000000e0d00000| PB 0x00000000e0d00000| Untracked 
|  14|0x00000000e0e00000, 0x00000000e0f00000, 0x00000000e0f00000|100%| O|  |TAMS 0x00000000e0e00000| PB 0x00000000e0e00000| Untracked 
|  15|0x00000000e0f00000, 0x00000000e1000000, 0x00000000e1000000|100%| O|  |TAMS 0x00000000e0f00000| PB 0x00000000e0f00000| Untracked 
|  16|0x00000000e1000000, 0x00000000e1100000, 0x00000000e1100000|100%| O|  |TAMS 0x00000000e1000000| PB 0x00000000e1000000| Untracked 
|  17|0x00000000e1100000, 0x00000000e1200000, 0x00000000e1200000|100%| O|  |TAMS 0x00000000e1100000| PB 0x00000000e1100000| Untracked 
|  18|0x00000000e1200000, 0x00000000e1300000, 0x00000000e1300000|100%| O|  |TAMS 0x00000000e1200000| PB 0x00000000e1200000| Untracked 
|  19|0x00000000e1300000, 0x00000000e1400000, 0x00000000e1400000|100%| O|  |TAMS 0x00000000e1300000| PB 0x00000000e1300000| Untracked 
|  20|0x00000000e1400000, 0x00000000e1500000, 0x00000000e1500000|100%| O|  |TAMS 0x00000000e1400000| PB 0x00000000e1400000| Untracked 
|  21|0x00000000e1500000, 0x00000000e1600000, 0x00000000e1600000|100%| O|  |TAMS 0x00000000e1500000| PB 0x00000000e1500000| Untracked 
|  22|0x00000000e1600000, 0x00000000e1700000, 0x00000000e1700000|100%| O|  |TAMS 0x00000000e1600000| PB 0x00000000e1600000| Untracked 
|  23|0x00000000e1700000, 0x00000000e1800000, 0x00000000e1800000|100%| O|Cm|TAMS 0x00000000e1700000| PB 0x00000000e1700000| Complete 
|  24|0x00000000e1800000, 0x00000000e1900000, 0x00000000e1900000|100%| O|  |TAMS 0x00000000e1800000| PB 0x00000000e1800000| Untracked 
|  25|0x00000000e1900000, 0x00000000e1a00000, 0x00000000e1a00000|100%| O|  |TAMS 0x00000000e1900000| PB 0x00000000e1900000| Untracked 
|  26|0x00000000e1a00000, 0x00000000e1b00000, 0x00000000e1b00000|100%| O|  |TAMS 0x00000000e1a00000| PB 0x00000000e1a00000| Untracked 
|  27|0x00000000e1b00000, 0x00000000e1c00000, 0x00000000e1c00000|100%| O|  |TAMS 0x00000000e1b00000| PB 0x00000000e1b00000| Untracked 
|  28|0x00000000e1c00000, 0x00000000e1d00000, 0x00000000e1d00000|100%| O|  |TAMS 0x00000000e1c00000| PB 0x00000000e1c00000| Untracked 
|  29|0x00000000e1d00000, 0x00000000e1e00000, 0x00000000e1e00000|100%| O|  |TAMS 0x00000000e1d00000| PB 0x00000000e1d00000| Untracked 
|  30|0x00000000e1e00000, 0x00000000e1f00000, 0x00000000e1f00000|100%| O|  |TAMS 0x00000000e1e00000| PB 0x00000000e1e00000| Untracked 
|  31|0x00000000e1f00000, 0x00000000e2000000, 0x00000000e2000000|100%| O|  |TAMS 0x00000000e1f00000| PB 0x00000000e1f00000| Untracked 
|  32|0x00000000e2000000, 0x00000000e2100000, 0x00000000e2100000|100%| O|  |TAMS 0x00000000e2000000| PB 0x00000000e2000000| Untracked 
|  33|0x00000000e2100000, 0x00000000e2200000, 0x00000000e2200000|100%| O|  |TAMS 0x00000000e2100000| PB 0x00000000e2100000| Untracked 
|  34|0x00000000e2200000, 0x00000000e2300000, 0x00000000e2300000|100%| O|  |TAMS 0x00000000e2200000| PB 0x00000000e2200000| Untracked 
|  35|0x00000000e2300000, 0x00000000e2400000, 0x00000000e2400000|100%| O|  |TAMS 0x00000000e2300000| PB 0x00000000e2300000| Untracked 
|  36|0x00000000e2400000, 0x00000000e2500000, 0x00000000e2500000|100%| O|  |TAMS 0x00000000e2400000| PB 0x00000000e2400000| Untracked 
|  37|0x00000000e2500000, 0x00000000e2600000, 0x00000000e2600000|100%| O|  |TAMS 0x00000000e2500000| PB 0x00000000e2500000| Untracked 
|  38|0x00000000e2600000, 0x00000000e26c0150, 0x00000000e2700000| 75%| O|  |TAMS 0x00000000e2600000| PB 0x00000000e2600000| Untracked 
|  39|0x00000000e2700000, 0x00000000e2700000, 0x00000000e2800000|  0%| F|  |TAMS 0x00000000e2700000| PB 0x00000000e2700000| Untracked 
|  40|0x00000000e2800000, 0x00000000e2800000, 0x00000000e2900000|  0%| F|  |TAMS 0x00000000e2800000| PB 0x00000000e2800000| Untracked 
|  41|0x00000000e2900000, 0x00000000e2900000, 0x00000000e2a00000|  0%| F|  |TAMS 0x00000000e2900000| PB 0x00000000e2900000| Untracked 
|  42|0x00000000e2a00000, 0x00000000e2a00000, 0x00000000e2b00000|  0%| F|  |TAMS 0x00000000e2a00000| PB 0x00000000e2a00000| Untracked 
|  43|0x00000000e2b00000, 0x00000000e2b00000, 0x00000000e2c00000|  0%| F|  |TAMS 0x00000000e2b00000| PB 0x00000000e2b00000| Untracked 
|  44|0x00000000e2c00000, 0x00000000e2c00000, 0x00000000e2d00000|  0%| F|  |TAMS 0x00000000e2c00000| PB 0x00000000e2c00000| Untracked 
|  45|0x00000000e2d00000, 0x00000000e2d00000, 0x00000000e2e00000|  0%| F|  |TAMS 0x00000000e2d00000| PB 0x00000000e2d00000| Untracked 
|  46|0x00000000e2e00000, 0x00000000e2e00000, 0x00000000e2f00000|  0%| F|  |TAMS 0x00000000e2e00000| PB 0x00000000e2e00000| Untracked 
|  47|0x00000000e2f00000, 0x00000000e2f00000, 0x00000000e3000000|  0%| F|  |TAMS 0x00000000e2f00000| PB 0x00000000e2f00000| Untracked 
|  48|0x00000000e3000000, 0x00000000e3000000, 0x00000000e3100000|  0%| F|  |TAMS 0x00000000e3000000| PB 0x00000000e3000000| Untracked 
|  49|0x00000000e3100000, 0x00000000e3100000, 0x00000000e3200000|  0%| F|  |TAMS 0x00000000e3100000| PB 0x00000000e3100000| Untracked 
|  50|0x00000000e3200000, 0x00000000e3200000, 0x00000000e3300000|  0%| F|  |TAMS 0x00000000e3200000| PB 0x00000000e3200000| Untracked 
|  51|0x00000000e3300000, 0x00000000e3300000, 0x00000000e3400000|  0%| F|  |TAMS 0x00000000e3300000| PB 0x00000000e3300000| Untracked 
|  52|0x00000000e3400000, 0x00000000e3400000, 0x00000000e3500000|  0%| F|  |TAMS 0x00000000e3400000| PB 0x00000000e3400000| Untracked 
|  53|0x00000000e3500000, 0x00000000e3500000, 0x00000000e3600000|  0%| F|  |TAMS 0x00000000e3500000| PB 0x00000000e3500000| Untracked 
|  54|0x00000000e3600000, 0x00000000e3600000, 0x00000000e3700000|  0%| F|  |TAMS 0x00000000e3600000| PB 0x00000000e3600000| Untracked 
|  55|0x00000000e3700000, 0x00000000e3700000, 0x00000000e3800000|  0%| F|  |TAMS 0x00000000e3700000| PB 0x00000000e3700000| Untracked 
|  56|0x00000000e3800000, 0x00000000e3800000, 0x00000000e3900000|  0%| F|  |TAMS 0x00000000e3800000| PB 0x00000000e3800000| Untracked 
|  57|0x00000000e3900000, 0x00000000e3900000, 0x00000000e3a00000|  0%| F|  |TAMS 0x00000000e3900000| PB 0x00000000e3900000| Untracked 
|  58|0x00000000e3a00000, 0x00000000e3a00000, 0x00000000e3b00000|  0%| F|  |TAMS 0x00000000e3a00000| PB 0x00000000e3a00000| Untracked 
|  59|0x00000000e3b00000, 0x00000000e3b00000, 0x00000000e3c00000|  0%| F|  |TAMS 0x00000000e3b00000| PB 0x00000000e3b00000| Untracked 
|  60|0x00000000e3c00000, 0x00000000e3c00000, 0x00000000e3d00000|  0%| F|  |TAMS 0x00000000e3c00000| PB 0x00000000e3c00000| Untracked 
|  61|0x00000000e3d00000, 0x00000000e3d00000, 0x00000000e3e00000|  0%| F|  |TAMS 0x00000000e3d00000| PB 0x00000000e3d00000| Untracked 
|  62|0x00000000e3e00000, 0x00000000e3e00000, 0x00000000e3f00000|  0%| F|  |TAMS 0x00000000e3e00000| PB 0x00000000e3e00000| Untracked 
|  63|0x00000000e3f00000, 0x00000000e3f00000, 0x00000000e4000000|  0%| F|  |TAMS 0x00000000e3f00000| PB 0x00000000e3f00000| Untracked 
|  64|0x00000000e4000000, 0x00000000e4000000, 0x00000000e4100000|  0%| F|  |TAMS 0x00000000e4000000| PB 0x00000000e4000000| Untracked 
|  65|0x00000000e4100000, 0x00000000e4100000, 0x00000000e4200000|  0%| F|  |TAMS 0x00000000e4100000| PB 0x00000000e4100000| Untracked 
|  66|0x00000000e4200000, 0x00000000e4200000, 0x00000000e4300000|  0%| F|  |TAMS 0x00000000e4200000| PB 0x00000000e4200000| Untracked 
|  67|0x00000000e4300000, 0x00000000e4300000, 0x00000000e4400000|  0%| F|  |TAMS 0x00000000e4300000| PB 0x00000000e4300000| Untracked 
|  68|0x00000000e4400000, 0x00000000e4400000, 0x00000000e4500000|  0%| F|  |TAMS 0x00000000e4400000| PB 0x00000000e4400000| Untracked 
|  69|0x00000000e4500000, 0x00000000e4500000, 0x00000000e4600000|  0%| F|  |TAMS 0x00000000e4500000| PB 0x00000000e4500000| Untracked 
|  70|0x00000000e4600000, 0x00000000e4600000, 0x00000000e4700000|  0%| F|  |TAMS 0x00000000e4600000| PB 0x00000000e4600000| Untracked 
|  71|0x00000000e4700000, 0x00000000e4700000, 0x00000000e4800000|  0%| F|  |TAMS 0x00000000e4700000| PB 0x00000000e4700000| Untracked 
|  72|0x00000000e4800000, 0x00000000e4800000, 0x00000000e4900000|  0%| F|  |TAMS 0x00000000e4800000| PB 0x00000000e4800000| Untracked 
|  73|0x00000000e4900000, 0x00000000e4900000, 0x00000000e4a00000|  0%| F|  |TAMS 0x00000000e4900000| PB 0x00000000e4900000| Untracked 
|  74|0x00000000e4a00000, 0x00000000e4a00000, 0x00000000e4b00000|  0%| F|  |TAMS 0x00000000e4a00000| PB 0x00000000e4a00000| Untracked 
|  75|0x00000000e4b00000, 0x00000000e4b00000, 0x00000000e4c00000|  0%| F|  |TAMS 0x00000000e4b00000| PB 0x00000000e4b00000| Untracked 
|  76|0x00000000e4c00000, 0x00000000e4c00000, 0x00000000e4d00000|  0%| F|  |TAMS 0x00000000e4c00000| PB 0x00000000e4c00000| Untracked 
|  77|0x00000000e4d00000, 0x00000000e4d00000, 0x00000000e4e00000|  0%| F|  |TAMS 0x00000000e4d00000| PB 0x00000000e4d00000| Untracked 
|  78|0x00000000e4e00000, 0x00000000e4e00000, 0x00000000e4f00000|  0%| F|  |TAMS 0x00000000e4e00000| PB 0x00000000e4e00000| Untracked 
|  79|0x00000000e4f00000, 0x00000000e4f00000, 0x00000000e5000000|  0%| F|  |TAMS 0x00000000e4f00000| PB 0x00000000e4f00000| Untracked 
|  80|0x00000000e5000000, 0x00000000e5000000, 0x00000000e5100000|  0%| F|  |TAMS 0x00000000e5000000| PB 0x00000000e5000000| Untracked 
|  81|0x00000000e5100000, 0x00000000e5100000, 0x00000000e5200000|  0%| F|  |TAMS 0x00000000e5100000| PB 0x00000000e5100000| Untracked 
|  82|0x00000000e5200000, 0x00000000e5200000, 0x00000000e5300000|  0%| F|  |TAMS 0x00000000e5200000| PB 0x00000000e5200000| Untracked 
|  83|0x00000000e5300000, 0x00000000e5300000, 0x00000000e5400000|  0%| F|  |TAMS 0x00000000e5300000| PB 0x00000000e5300000| Untracked 
|  84|0x00000000e5400000, 0x00000000e5400000, 0x00000000e5500000|  0%| F|  |TAMS 0x00000000e5400000| PB 0x00000000e5400000| Untracked 
|  85|0x00000000e5500000, 0x00000000e5500000, 0x00000000e5600000|  0%| F|  |TAMS 0x00000000e5500000| PB 0x00000000e5500000| Untracked 
|  86|0x00000000e5600000, 0x00000000e5600000, 0x00000000e5700000|  0%| F|  |TAMS 0x00000000e5600000| PB 0x00000000e5600000| Untracked 
|  87|0x00000000e5700000, 0x00000000e5700000, 0x00000000e5800000|  0%| F|  |TAMS 0x00000000e5700000| PB 0x00000000e5700000| Untracked 
|  88|0x00000000e5800000, 0x00000000e5800000, 0x00000000e5900000|  0%| F|  |TAMS 0x00000000e5800000| PB 0x00000000e5800000| Untracked 
|  89|0x00000000e5900000, 0x00000000e5900000, 0x00000000e5a00000|  0%| F|  |TAMS 0x00000000e5900000| PB 0x00000000e5900000| Untracked 
|  90|0x00000000e5a00000, 0x00000000e5a00000, 0x00000000e5b00000|  0%| F|  |TAMS 0x00000000e5a00000| PB 0x00000000e5a00000| Untracked 
|  91|0x00000000e5b00000, 0x00000000e5b00000, 0x00000000e5c00000|  0%| F|  |TAMS 0x00000000e5b00000| PB 0x00000000e5b00000| Untracked 
|  92|0x00000000e5c00000, 0x00000000e5c00000, 0x00000000e5d00000|  0%| F|  |TAMS 0x00000000e5c00000| PB 0x00000000e5c00000| Untracked 
|  93|0x00000000e5d00000, 0x00000000e5d00000, 0x00000000e5e00000|  0%| F|  |TAMS 0x00000000e5d00000| PB 0x00000000e5d00000| Untracked 
|  94|0x00000000e5e00000, 0x00000000e5e00000, 0x00000000e5f00000|  0%| F|  |TAMS 0x00000000e5e00000| PB 0x00000000e5e00000| Untracked 
|  95|0x00000000e5f00000, 0x00000000e5f00000, 0x00000000e6000000|  0%| F|  |TAMS 0x00000000e5f00000| PB 0x00000000e5f00000| Untracked 
|  96|0x00000000e6000000, 0x00000000e6000000, 0x00000000e6100000|  0%| F|  |TAMS 0x00000000e6000000| PB 0x00000000e6000000| Untracked 
|  97|0x00000000e6100000, 0x00000000e6100000, 0x00000000e6200000|  0%| F|  |TAMS 0x00000000e6100000| PB 0x00000000e6100000| Untracked 
|  98|0x00000000e6200000, 0x00000000e6200000, 0x00000000e6300000|  0%| F|  |TAMS 0x00000000e6200000| PB 0x00000000e6200000| Untracked 
|  99|0x00000000e6300000, 0x00000000e6300000, 0x00000000e6400000|  0%| F|  |TAMS 0x00000000e6300000| PB 0x00000000e6300000| Untracked 
| 100|0x00000000e6400000, 0x00000000e6400000, 0x00000000e6500000|  0%| F|  |TAMS 0x00000000e6400000| PB 0x00000000e6400000| Untracked 
| 101|0x00000000e6500000, 0x00000000e6500000, 0x00000000e6600000|  0%| F|  |TAMS 0x00000000e6500000| PB 0x00000000e6500000| Untracked 
| 102|0x00000000e6600000, 0x00000000e6600000, 0x00000000e6700000|  0%| F|  |TAMS 0x00000000e6600000| PB 0x00000000e6600000| Untracked 
| 103|0x00000000e6700000, 0x00000000e6700000, 0x00000000e6800000|  0%| F|  |TAMS 0x00000000e6700000| PB 0x00000000e6700000| Untracked 
| 104|0x00000000e6800000, 0x00000000e6800000, 0x00000000e6900000|  0%| F|  |TAMS 0x00000000e6800000| PB 0x00000000e6800000| Untracked 
| 105|0x00000000e6900000, 0x00000000e6900000, 0x00000000e6a00000|  0%| F|  |TAMS 0x00000000e6900000| PB 0x00000000e6900000| Untracked 
| 106|0x00000000e6a00000, 0x00000000e6a00000, 0x00000000e6b00000|  0%| F|  |TAMS 0x00000000e6a00000| PB 0x00000000e6a00000| Untracked 
| 107|0x00000000e6b00000, 0x00000000e6b00000, 0x00000000e6c00000|  0%| F|  |TAMS 0x00000000e6b00000| PB 0x00000000e6b00000| Untracked 
| 108|0x00000000e6c00000, 0x00000000e6c00000, 0x00000000e6d00000|  0%| F|  |TAMS 0x00000000e6c00000| PB 0x00000000e6c00000| Untracked 
| 109|0x00000000e6d00000, 0x00000000e6d00000, 0x00000000e6e00000|  0%| F|  |TAMS 0x00000000e6d00000| PB 0x00000000e6d00000| Untracked 
| 110|0x00000000e6e00000, 0x00000000e6e00000, 0x00000000e6f00000|  0%| F|  |TAMS 0x00000000e6e00000| PB 0x00000000e6e00000| Untracked 
| 111|0x00000000e6f00000, 0x00000000e6f00000, 0x00000000e7000000|  0%| F|  |TAMS 0x00000000e6f00000| PB 0x00000000e6f00000| Untracked 
| 112|0x00000000e7000000, 0x00000000e7000000, 0x00000000e7100000|  0%| F|  |TAMS 0x00000000e7000000| PB 0x00000000e7000000| Untracked 
| 113|0x00000000e7100000, 0x00000000e7100000, 0x00000000e7200000|  0%| F|  |TAMS 0x00000000e7100000| PB 0x00000000e7100000| Untracked 
| 114|0x00000000e7200000, 0x00000000e7200000, 0x00000000e7300000|  0%| F|  |TAMS 0x00000000e7200000| PB 0x00000000e7200000| Untracked 
| 115|0x00000000e7300000, 0x00000000e7300000, 0x00000000e7400000|  0%| F|  |TAMS 0x00000000e7300000| PB 0x00000000e7300000| Untracked 
| 116|0x00000000e7400000, 0x00000000e7400000, 0x00000000e7500000|  0%| F|  |TAMS 0x00000000e7400000| PB 0x00000000e7400000| Untracked 
| 117|0x00000000e7500000, 0x00000000e7500000, 0x00000000e7600000|  0%| F|  |TAMS 0x00000000e7500000| PB 0x00000000e7500000| Untracked 
| 118|0x00000000e7600000, 0x00000000e7600000, 0x00000000e7700000|  0%| F|  |TAMS 0x00000000e7600000| PB 0x00000000e7600000| Untracked 
| 119|0x00000000e7700000, 0x00000000e7700000, 0x00000000e7800000|  0%| F|  |TAMS 0x00000000e7700000| PB 0x00000000e7700000| Untracked 
| 120|0x00000000e7800000, 0x00000000e7800000, 0x00000000e7900000|  0%| F|  |TAMS 0x00000000e7800000| PB 0x00000000e7800000| Untracked 
| 121|0x00000000e7900000, 0x00000000e7900000, 0x00000000e7a00000|  0%| F|  |TAMS 0x00000000e7900000| PB 0x00000000e7900000| Untracked 
| 122|0x00000000e7a00000, 0x00000000e7a00000, 0x00000000e7b00000|  0%| F|  |TAMS 0x00000000e7a00000| PB 0x00000000e7a00000| Untracked 
| 123|0x00000000e7b00000, 0x00000000e7b00000, 0x00000000e7c00000|  0%| F|  |TAMS 0x00000000e7b00000| PB 0x00000000e7b00000| Untracked 
| 124|0x00000000e7c00000, 0x00000000e7c00000, 0x00000000e7d00000|  0%| F|  |TAMS 0x00000000e7c00000| PB 0x00000000e7c00000| Untracked 
| 125|0x00000000e7d00000, 0x00000000e7d00000, 0x00000000e7e00000|  0%| F|  |TAMS 0x00000000e7d00000| PB 0x00000000e7d00000| Untracked 
| 126|0x00000000e7e00000, 0x00000000e7e00000, 0x00000000e7f00000|  0%| F|  |TAMS 0x00000000e7e00000| PB 0x00000000e7e00000| Untracked 
| 127|0x00000000e7f00000, 0x00000000e7f00000, 0x00000000e8000000|  0%| F|  |TAMS 0x00000000e7f00000| PB 0x00000000e7f00000| Untracked 
| 128|0x00000000e8000000, 0x00000000e8000000, 0x00000000e8100000|  0%| F|  |TAMS 0x00000000e8000000| PB 0x00000000e8000000| Untracked 
| 129|0x00000000e8100000, 0x00000000e8100000, 0x00000000e8200000|  0%| F|  |TAMS 0x00000000e8100000| PB 0x00000000e8100000| Untracked 
| 130|0x00000000e8200000, 0x00000000e8200000, 0x00000000e8300000|  0%| F|  |TAMS 0x00000000e8200000| PB 0x00000000e8200000| Untracked 
| 131|0x00000000e8300000, 0x00000000e8300000, 0x00000000e8400000|  0%| F|  |TAMS 0x00000000e8300000| PB 0x00000000e8300000| Untracked 
| 132|0x00000000e8400000, 0x00000000e8400000, 0x00000000e8500000|  0%| F|  |TAMS 0x00000000e8400000| PB 0x00000000e8400000| Untracked 
| 133|0x00000000e8500000, 0x00000000e8500000, 0x00000000e8600000|  0%| F|  |TAMS 0x00000000e8500000| PB 0x00000000e8500000| Untracked 
| 134|0x00000000e8600000, 0x00000000e8600000, 0x00000000e8700000|  0%| F|  |TAMS 0x00000000e8600000| PB 0x00000000e8600000| Untracked 
| 135|0x00000000e8700000, 0x00000000e8700000, 0x00000000e8800000|  0%| F|  |TAMS 0x00000000e8700000| PB 0x00000000e8700000| Untracked 
| 136|0x00000000e8800000, 0x00000000e8800000, 0x00000000e8900000|  0%| F|  |TAMS 0x00000000e8800000| PB 0x00000000e8800000| Untracked 
| 137|0x00000000e8900000, 0x00000000e8900000, 0x00000000e8a00000|  0%| F|  |TAMS 0x00000000e8900000| PB 0x00000000e8900000| Untracked 
| 138|0x00000000e8a00000, 0x00000000e8a00000, 0x00000000e8b00000|  0%| F|  |TAMS 0x00000000e8a00000| PB 0x00000000e8a00000| Untracked 
| 139|0x00000000e8b00000, 0x00000000e8b00000, 0x00000000e8c00000|  0%| F|  |TAMS 0x00000000e8b00000| PB 0x00000000e8b00000| Untracked 
| 140|0x00000000e8c00000, 0x00000000e8c00000, 0x00000000e8d00000|  0%| F|  |TAMS 0x00000000e8c00000| PB 0x00000000e8c00000| Untracked 
| 141|0x00000000e8d00000, 0x00000000e8d00000, 0x00000000e8e00000|  0%| F|  |TAMS 0x00000000e8d00000| PB 0x00000000e8d00000| Untracked 
| 142|0x00000000e8e00000, 0x00000000e8e00000, 0x00000000e8f00000|  0%| F|  |TAMS 0x00000000e8e00000| PB 0x00000000e8e00000| Untracked 
| 143|0x00000000e8f00000, 0x00000000e8f00000, 0x00000000e9000000|  0%| F|  |TAMS 0x00000000e8f00000| PB 0x00000000e8f00000| Untracked 
| 144|0x00000000e9000000, 0x00000000e9000000, 0x00000000e9100000|  0%| F|  |TAMS 0x00000000e9000000| PB 0x00000000e9000000| Untracked 
| 145|0x00000000e9100000, 0x00000000e9100000, 0x00000000e9200000|  0%| F|  |TAMS 0x00000000e9100000| PB 0x00000000e9100000| Untracked 
| 146|0x00000000e9200000, 0x00000000e9200000, 0x00000000e9300000|  0%| F|  |TAMS 0x00000000e9200000| PB 0x00000000e9200000| Untracked 
| 147|0x00000000e9300000, 0x00000000e9300000, 0x00000000e9400000|  0%| F|  |TAMS 0x00000000e9300000| PB 0x00000000e9300000| Untracked 
| 148|0x00000000e9400000, 0x00000000e9400000, 0x00000000e9500000|  0%| F|  |TAMS 0x00000000e9400000| PB 0x00000000e9400000| Untracked 
| 149|0x00000000e9500000, 0x00000000e9500000, 0x00000000e9600000|  0%| F|  |TAMS 0x00000000e9500000| PB 0x00000000e9500000| Untracked 
| 150|0x00000000e9600000, 0x00000000e9600000, 0x00000000e9700000|  0%| F|  |TAMS 0x00000000e9600000| PB 0x00000000e9600000| Untracked 
| 151|0x00000000e9700000, 0x00000000e9700000, 0x00000000e9800000|  0%| F|  |TAMS 0x00000000e9700000| PB 0x00000000e9700000| Untracked 
| 152|0x00000000e9800000, 0x00000000e9800000, 0x00000000e9900000|  0%| F|  |TAMS 0x00000000e9800000| PB 0x00000000e9800000| Untracked 
| 153|0x00000000e9900000, 0x00000000e9900000, 0x00000000e9a00000|  0%| F|  |TAMS 0x00000000e9900000| PB 0x00000000e9900000| Untracked 
| 154|0x00000000e9a00000, 0x00000000e9a00000, 0x00000000e9b00000|  0%| F|  |TAMS 0x00000000e9a00000| PB 0x00000000e9a00000| Untracked 
| 155|0x00000000e9b00000, 0x00000000e9b00000, 0x00000000e9c00000|  0%| F|  |TAMS 0x00000000e9b00000| PB 0x00000000e9b00000| Untracked 
| 156|0x00000000e9c00000, 0x00000000e9c00000, 0x00000000e9d00000|  0%| F|  |TAMS 0x00000000e9c00000| PB 0x00000000e9c00000| Untracked 
| 157|0x00000000e9d00000, 0x00000000e9d00000, 0x00000000e9e00000|  0%| F|  |TAMS 0x00000000e9d00000| PB 0x00000000e9d00000| Untracked 
| 158|0x00000000e9e00000, 0x00000000e9e00000, 0x00000000e9f00000|  0%| F|  |TAMS 0x00000000e9e00000| PB 0x00000000e9e00000| Untracked 
| 159|0x00000000e9f00000, 0x00000000e9f00000, 0x00000000ea000000|  0%| F|  |TAMS 0x00000000e9f00000| PB 0x00000000e9f00000| Untracked 
| 160|0x00000000ea000000, 0x00000000ea000000, 0x00000000ea100000|  0%| F|  |TAMS 0x00000000ea000000| PB 0x00000000ea000000| Untracked 
| 161|0x00000000ea100000, 0x00000000ea100000, 0x00000000ea200000|  0%| F|  |TAMS 0x00000000ea100000| PB 0x00000000ea100000| Untracked 
| 162|0x00000000ea200000, 0x00000000ea200000, 0x00000000ea300000|  0%| F|  |TAMS 0x00000000ea200000| PB 0x00000000ea200000| Untracked 
| 163|0x00000000ea300000, 0x00000000ea300000, 0x00000000ea400000|  0%| F|  |TAMS 0x00000000ea300000| PB 0x00000000ea300000| Untracked 
| 164|0x00000000ea400000, 0x00000000ea400000, 0x00000000ea500000|  0%| F|  |TAMS 0x00000000ea400000| PB 0x00000000ea400000| Untracked 
| 165|0x00000000ea500000, 0x00000000ea500000, 0x00000000ea600000|  0%| F|  |TAMS 0x00000000ea500000| PB 0x00000000ea500000| Untracked 
| 166|0x00000000ea600000, 0x00000000ea600000, 0x00000000ea700000|  0%| F|  |TAMS 0x00000000ea600000| PB 0x00000000ea600000| Untracked 
| 167|0x00000000ea700000, 0x00000000ea700000, 0x00000000ea800000|  0%| F|  |TAMS 0x00000000ea700000| PB 0x00000000ea700000| Untracked 
| 168|0x00000000ea800000, 0x00000000ea800000, 0x00000000ea900000|  0%| F|  |TAMS 0x00000000ea800000| PB 0x00000000ea800000| Untracked 
| 169|0x00000000ea900000, 0x00000000ea900000, 0x00000000eaa00000|  0%| F|  |TAMS 0x00000000ea900000| PB 0x00000000ea900000| Untracked 
| 170|0x00000000eaa00000, 0x00000000eaa00000, 0x00000000eab00000|  0%| F|  |TAMS 0x00000000eaa00000| PB 0x00000000eaa00000| Untracked 
| 171|0x00000000eab00000, 0x00000000eab00000, 0x00000000eac00000|  0%| F|  |TAMS 0x00000000eab00000| PB 0x00000000eab00000| Untracked 
| 172|0x00000000eac00000, 0x00000000eac00000, 0x00000000ead00000|  0%| F|  |TAMS 0x00000000eac00000| PB 0x00000000eac00000| Untracked 
| 173|0x00000000ead00000, 0x00000000ead00000, 0x00000000eae00000|  0%| F|  |TAMS 0x00000000ead00000| PB 0x00000000ead00000| Untracked 
| 174|0x00000000eae00000, 0x00000000eae00000, 0x00000000eaf00000|  0%| F|  |TAMS 0x00000000eae00000| PB 0x00000000eae00000| Untracked 
| 175|0x00000000eaf00000, 0x00000000eaf00000, 0x00000000eb000000|  0%| F|  |TAMS 0x00000000eaf00000| PB 0x00000000eaf00000| Untracked 
| 176|0x00000000eb000000, 0x00000000eb000000, 0x00000000eb100000|  0%| F|  |TAMS 0x00000000eb000000| PB 0x00000000eb000000| Untracked 
| 177|0x00000000eb100000, 0x00000000eb100000, 0x00000000eb200000|  0%| F|  |TAMS 0x00000000eb100000| PB 0x00000000eb100000| Untracked 
| 178|0x00000000eb200000, 0x00000000eb200000, 0x00000000eb300000|  0%| F|  |TAMS 0x00000000eb200000| PB 0x00000000eb200000| Untracked 
| 179|0x00000000eb300000, 0x00000000eb300000, 0x00000000eb400000|  0%| F|  |TAMS 0x00000000eb300000| PB 0x00000000eb300000| Untracked 
| 180|0x00000000eb400000, 0x00000000eb400000, 0x00000000eb500000|  0%| F|  |TAMS 0x00000000eb400000| PB 0x00000000eb400000| Untracked 
| 181|0x00000000eb500000, 0x00000000eb500000, 0x00000000eb600000|  0%| F|  |TAMS 0x00000000eb500000| PB 0x00000000eb500000| Untracked 
| 182|0x00000000eb600000, 0x00000000eb600000, 0x00000000eb700000|  0%| F|  |TAMS 0x00000000eb600000| PB 0x00000000eb600000| Untracked 
| 183|0x00000000eb700000, 0x00000000eb700000, 0x00000000eb800000|  0%| F|  |TAMS 0x00000000eb700000| PB 0x00000000eb700000| Untracked 
| 184|0x00000000eb800000, 0x00000000eb800000, 0x00000000eb900000|  0%| F|  |TAMS 0x00000000eb800000| PB 0x00000000eb800000| Untracked 
| 185|0x00000000eb900000, 0x00000000eb900000, 0x00000000eba00000|  0%| F|  |TAMS 0x00000000eb900000| PB 0x00000000eb900000| Untracked 
| 186|0x00000000eba00000, 0x00000000eba00000, 0x00000000ebb00000|  0%| F|  |TAMS 0x00000000eba00000| PB 0x00000000eba00000| Untracked 
| 187|0x00000000ebb00000, 0x00000000ebb00000, 0x00000000ebc00000|  0%| F|  |TAMS 0x00000000ebb00000| PB 0x00000000ebb00000| Untracked 
| 188|0x00000000ebc00000, 0x00000000ebc00000, 0x00000000ebd00000|  0%| F|  |TAMS 0x00000000ebc00000| PB 0x00000000ebc00000| Untracked 
| 189|0x00000000ebd00000, 0x00000000ebd00000, 0x00000000ebe00000|  0%| F|  |TAMS 0x00000000ebd00000| PB 0x00000000ebd00000| Untracked 
| 190|0x00000000ebe00000, 0x00000000ebe00000, 0x00000000ebf00000|  0%| F|  |TAMS 0x00000000ebe00000| PB 0x00000000ebe00000| Untracked 
| 191|0x00000000ebf00000, 0x00000000ebf00000, 0x00000000ec000000|  0%| F|  |TAMS 0x00000000ebf00000| PB 0x00000000ebf00000| Untracked 
| 192|0x00000000ec000000, 0x00000000ec000000, 0x00000000ec100000|  0%| F|  |TAMS 0x00000000ec000000| PB 0x00000000ec000000| Untracked 
| 193|0x00000000ec100000, 0x00000000ec100000, 0x00000000ec200000|  0%| F|  |TAMS 0x00000000ec100000| PB 0x00000000ec100000| Untracked 
| 194|0x00000000ec200000, 0x00000000ec200000, 0x00000000ec300000|  0%| F|  |TAMS 0x00000000ec200000| PB 0x00000000ec200000| Untracked 
| 195|0x00000000ec300000, 0x00000000ec300000, 0x00000000ec400000|  0%| F|  |TAMS 0x00000000ec300000| PB 0x00000000ec300000| Untracked 
| 196|0x00000000ec400000, 0x00000000ec400000, 0x00000000ec500000|  0%| F|  |TAMS 0x00000000ec400000| PB 0x00000000ec400000| Untracked 
| 197|0x00000000ec500000, 0x00000000ec500000, 0x00000000ec600000|  0%| F|  |TAMS 0x00000000ec500000| PB 0x00000000ec500000| Untracked 
| 198|0x00000000ec600000, 0x00000000ec600000, 0x00000000ec700000|  0%| F|  |TAMS 0x00000000ec600000| PB 0x00000000ec600000| Untracked 
| 199|0x00000000ec700000, 0x00000000ec700000, 0x00000000ec800000|  0%| F|  |TAMS 0x00000000ec700000| PB 0x00000000ec700000| Untracked 
| 200|0x00000000ec800000, 0x00000000ec800000, 0x00000000ec900000|  0%| F|  |TAMS 0x00000000ec800000| PB 0x00000000ec800000| Untracked 
| 201|0x00000000ec900000, 0x00000000ec900000, 0x00000000eca00000|  0%| F|  |TAMS 0x00000000ec900000| PB 0x00000000ec900000| Untracked 
| 202|0x00000000eca00000, 0x00000000eca00000, 0x00000000ecb00000|  0%| F|  |TAMS 0x00000000eca00000| PB 0x00000000eca00000| Untracked 
| 203|0x00000000ecb00000, 0x00000000ecb00000, 0x00000000ecc00000|  0%| F|  |TAMS 0x00000000ecb00000| PB 0x00000000ecb00000| Untracked 
| 204|0x00000000ecc00000, 0x00000000ecc00000, 0x00000000ecd00000|  0%| F|  |TAMS 0x00000000ecc00000| PB 0x00000000ecc00000| Untracked 
| 205|0x00000000ecd00000, 0x00000000ecd00000, 0x00000000ece00000|  0%| F|  |TAMS 0x00000000ecd00000| PB 0x00000000ecd00000| Untracked 
| 206|0x00000000ece00000, 0x00000000ece00000, 0x00000000ecf00000|  0%| F|  |TAMS 0x00000000ece00000| PB 0x00000000ece00000| Untracked 
| 207|0x00000000ecf00000, 0x00000000ecf00000, 0x00000000ed000000|  0%| F|  |TAMS 0x00000000ecf00000| PB 0x00000000ecf00000| Untracked 
| 208|0x00000000ed000000, 0x00000000ed000000, 0x00000000ed100000|  0%| F|  |TAMS 0x00000000ed000000| PB 0x00000000ed000000| Untracked 
| 209|0x00000000ed100000, 0x00000000ed100000, 0x00000000ed200000|  0%| F|  |TAMS 0x00000000ed100000| PB 0x00000000ed100000| Untracked 
| 210|0x00000000ed200000, 0x00000000ed200000, 0x00000000ed300000|  0%| F|  |TAMS 0x00000000ed200000| PB 0x00000000ed200000| Untracked 
| 211|0x00000000ed300000, 0x00000000ed300000, 0x00000000ed400000|  0%| F|  |TAMS 0x00000000ed300000| PB 0x00000000ed300000| Untracked 
| 212|0x00000000ed400000, 0x00000000ed400000, 0x00000000ed500000|  0%| F|  |TAMS 0x00000000ed400000| PB 0x00000000ed400000| Untracked 
| 213|0x00000000ed500000, 0x00000000ed500000, 0x00000000ed600000|  0%| F|  |TAMS 0x00000000ed500000| PB 0x00000000ed500000| Untracked 
| 214|0x00000000ed600000, 0x00000000ed600000, 0x00000000ed700000|  0%| F|  |TAMS 0x00000000ed600000| PB 0x00000000ed600000| Untracked 
| 215|0x00000000ed700000, 0x00000000ed700000, 0x00000000ed800000|  0%| F|  |TAMS 0x00000000ed700000| PB 0x00000000ed700000| Untracked 
| 216|0x00000000ed800000, 0x00000000ed800000, 0x00000000ed900000|  0%| F|  |TAMS 0x00000000ed800000| PB 0x00000000ed800000| Untracked 
| 217|0x00000000ed900000, 0x00000000ed900000, 0x00000000eda00000|  0%| F|  |TAMS 0x00000000ed900000| PB 0x00000000ed900000| Untracked 
| 218|0x00000000eda00000, 0x00000000eda00000, 0x00000000edb00000|  0%| F|  |TAMS 0x00000000eda00000| PB 0x00000000eda00000| Untracked 
| 219|0x00000000edb00000, 0x00000000edb00000, 0x00000000edc00000|  0%| F|  |TAMS 0x00000000edb00000| PB 0x00000000edb00000| Untracked 
| 220|0x00000000edc00000, 0x00000000edc00000, 0x00000000edd00000|  0%| F|  |TAMS 0x00000000edc00000| PB 0x00000000edc00000| Untracked 
| 221|0x00000000edd00000, 0x00000000edd00000, 0x00000000ede00000|  0%| F|  |TAMS 0x00000000edd00000| PB 0x00000000edd00000| Untracked 
| 222|0x00000000ede00000, 0x00000000edf00000, 0x00000000edf00000|100%| E|  |TAMS 0x00000000ede00000| PB 0x00000000ede00000| Complete 
| 223|0x00000000edf00000, 0x00000000ee000000, 0x00000000ee000000|100%| E|CS|TAMS 0x00000000edf00000| PB 0x00000000edf00000| Complete 
| 224|0x00000000ee000000, 0x00000000ee100000, 0x00000000ee100000|100%| E|CS|TAMS 0x00000000ee000000| PB 0x00000000ee000000| Complete 
| 225|0x00000000ee100000, 0x00000000ee200000, 0x00000000ee200000|100%| E|CS|TAMS 0x00000000ee100000| PB 0x00000000ee100000| Complete 
| 226|0x00000000ee200000, 0x00000000ee300000, 0x00000000ee300000|100%| E|CS|TAMS 0x00000000ee200000| PB 0x00000000ee200000| Complete 
| 227|0x00000000ee300000, 0x00000000ee353858, 0x00000000ee400000| 32%| S|CS|TAMS 0x00000000ee300000| PB 0x00000000ee300000| Complete 
| 228|0x00000000ee400000, 0x00000000ee500000, 0x00000000ee500000|100%| S|CS|TAMS 0x00000000ee400000| PB 0x00000000ee400000| Complete 
| 229|0x00000000ee500000, 0x00000000ee600000, 0x00000000ee600000|100%| S|CS|TAMS 0x00000000ee500000| PB 0x00000000ee500000| Complete 
| 230|0x00000000ee600000, 0x00000000ee700000, 0x00000000ee700000|100%| S|CS|TAMS 0x00000000ee600000| PB 0x00000000ee600000| Complete 
| 231|0x00000000ee700000, 0x00000000ee800000, 0x00000000ee800000|100%| S|CS|TAMS 0x00000000ee700000| PB 0x00000000ee700000| Complete 
| 232|0x00000000ee800000, 0x00000000ee900000, 0x00000000ee900000|100%| S|CS|TAMS 0x00000000ee800000| PB 0x00000000ee800000| Complete 
| 233|0x00000000ee900000, 0x00000000eea00000, 0x00000000eea00000|100%| S|CS|TAMS 0x00000000ee900000| PB 0x00000000ee900000| Complete 
| 234|0x00000000eea00000, 0x00000000eeb00000, 0x00000000eeb00000|100%| S|CS|TAMS 0x00000000eea00000| PB 0x00000000eea00000| Complete 
| 235|0x00000000eeb00000, 0x00000000eec00000, 0x00000000eec00000|100%| S|CS|TAMS 0x00000000eeb00000| PB 0x00000000eeb00000| Complete 
| 236|0x00000000eec00000, 0x00000000eed00000, 0x00000000eed00000|100%| E|CS|TAMS 0x00000000eec00000| PB 0x00000000eec00000| Complete 
| 237|0x00000000eed00000, 0x00000000eee00000, 0x00000000eee00000|100%| E|CS|TAMS 0x00000000eed00000| PB 0x00000000eed00000| Complete 
| 238|0x00000000eee00000, 0x00000000eef00000, 0x00000000eef00000|100%| E|CS|TAMS 0x00000000eee00000| PB 0x00000000eee00000| Complete 
| 239|0x00000000eef00000, 0x00000000ef000000, 0x00000000ef000000|100%| E|CS|TAMS 0x00000000eef00000| PB 0x00000000eef00000| Complete 
| 240|0x00000000ef000000, 0x00000000ef100000, 0x00000000ef100000|100%| E|CS|TAMS 0x00000000ef000000| PB 0x00000000ef000000| Complete 
| 241|0x00000000ef100000, 0x00000000ef200000, 0x00000000ef200000|100%| E|CS|TAMS 0x00000000ef100000| PB 0x00000000ef100000| Complete 
| 242|0x00000000ef200000, 0x00000000ef300000, 0x00000000ef300000|100%| E|CS|TAMS 0x00000000ef200000| PB 0x00000000ef200000| Complete 
| 243|0x00000000ef300000, 0x00000000ef400000, 0x00000000ef400000|100%| E|CS|TAMS 0x00000000ef300000| PB 0x00000000ef300000| Complete 
| 244|0x00000000ef400000, 0x00000000ef500000, 0x00000000ef500000|100%| E|CS|TAMS 0x00000000ef400000| PB 0x00000000ef400000| Complete 
| 245|0x00000000ef500000, 0x00000000ef600000, 0x00000000ef600000|100%| E|CS|TAMS 0x00000000ef500000| PB 0x00000000ef500000| Complete 
| 246|0x00000000ef600000, 0x00000000ef700000, 0x00000000ef700000|100%| E|CS|TAMS 0x00000000ef600000| PB 0x00000000ef600000| Complete 
| 247|0x00000000ef700000, 0x00000000ef800000, 0x00000000ef800000|100%| E|CS|TAMS 0x00000000ef700000| PB 0x00000000ef700000| Complete 
| 248|0x00000000ef800000, 0x00000000ef900000, 0x00000000ef900000|100%| E|CS|TAMS 0x00000000ef800000| PB 0x00000000ef800000| Complete 
| 249|0x00000000ef900000, 0x00000000efa00000, 0x00000000efa00000|100%| E|CS|TAMS 0x00000000ef900000| PB 0x00000000ef900000| Complete 
| 250|0x00000000efa00000, 0x00000000efb00000, 0x00000000efb00000|100%| E|CS|TAMS 0x00000000efa00000| PB 0x00000000efa00000| Complete 
| 251|0x00000000efb00000, 0x00000000efc00000, 0x00000000efc00000|100%| E|CS|TAMS 0x00000000efb00000| PB 0x00000000efb00000| Complete 
| 252|0x00000000efc00000, 0x00000000efd00000, 0x00000000efd00000|100%| E|CS|TAMS 0x00000000efc00000| PB 0x00000000efc00000| Complete 
| 253|0x00000000efd00000, 0x00000000efe00000, 0x00000000efe00000|100%| E|CS|TAMS 0x00000000efd00000| PB 0x00000000efd00000| Complete 
| 254|0x00000000efe00000, 0x00000000eff00000, 0x00000000eff00000|100%| E|CS|TAMS 0x00000000efe00000| PB 0x00000000efe00000| Complete 
| 255|0x00000000eff00000, 0x00000000f0000000, 0x00000000f0000000|100%| E|  |TAMS 0x00000000eff00000| PB 0x00000000eff00000| Complete 

Card table byte_map: [0x0000027b53f00000,0x0000027b54000000] _byte_map_base: 0x0000027b53800000

Marking Bits: (CMBitMap*) 0x0000027b4190cd50
 Bits: [0x0000027b54000000, 0x0000027b54800000)

Polling page: 0x0000027b3f6b0000

Metaspace:

Usage:
  Non-class:     52.79 MB used.
      Class:      8.90 MB used.
       Both:     61.70 MB used.

Virtual space:
  Non-class space:       64.00 MB reserved,      53.69 MB ( 84%) committed,  1 nodes.
      Class space:      320.00 MB reserved,       9.75 MB (  3%) committed,  1 nodes.
             Both:      384.00 MB reserved,      63.44 MB ( 17%) committed. 

Chunk freelists:
   Non-Class:  10.36 MB
       Class:  6.22 MB
        Both:  16.58 MB

MaxMetaspaceSize: 384.00 MB
CompressedClassSpaceSize: 320.00 MB
Initial GC threshold: 21.00 MB
Current GC threshold: 98.75 MB
CDS: on
 - commit_granule_bytes: 65536.
 - commit_granule_words: 8192.
 - virtual_space_node_default_size: 8388608.
 - enlarge_chunks_in_place: 1.
 - use_allocation_guard: 0.


Internal statistics:

num_allocs_failed_limit: 12.
num_arena_births: 3164.
num_arena_deaths: 0.
num_vsnodes_births: 2.
num_vsnodes_deaths: 0.
num_space_committed: 1015.
num_space_uncommitted: 0.
num_chunks_returned_to_freelist: 12.
num_chunks_taken_from_freelist: 5861.
num_chunk_merges: 6.
num_chunk_splits: 3829.
num_chunks_enlarged: 2426.
num_inconsistent_stats: 0.

CodeHeap 'non-profiled nmethods': size=120000Kb used=3910Kb max_used=3912Kb free=116089Kb
 bounds [0x0000027b4c5a0000, 0x0000027b4c980000, 0x0000027b53ad0000]
CodeHeap 'profiled nmethods': size=120000Kb used=11984Kb max_used=11984Kb free=108015Kb
 bounds [0x0000027b44ad0000, 0x0000027b45690000, 0x0000027b4c000000]
CodeHeap 'non-nmethods': size=5760Kb used=2914Kb max_used=2933Kb free=2846Kb
 bounds [0x0000027b4c000000, 0x0000027b4c2f0000, 0x0000027b4c5a0000]
CodeCache: size=245760Kb, used=18808Kb, max_used=18829Kb, free=226950Kb
 total_blobs=7190, nmethods=6249, adapters=845, full_count=0
Compilation: enabled, stopped_count=0, restarted_count=0

Compilation events (20 events):
Event: 16.848 Thread 0x0000027b73e1ba90 nmethod 6931 0x0000027b4c710010 code [0x0000027b4c7101c0, 0x0000027b4c710d08]
Event: 16.848 Thread 0x0000027b73e1ba90 6937       4       sun.security.util.math.intpoly.IntegerPolynomial$MutableElement::setProduct (58 bytes)
Event: 16.848 Thread 0x0000027b57292ea0 nmethod 6935 0x0000027b45680690 code [0x0000027b45680860, 0x0000027b45681ab0]
Event: 16.852 Thread 0x0000027b57292ea0 6941       3       sun.security.provider.SHA5::implCompress0 (346 bytes)
Event: 16.853 Thread 0x0000027b57292ea0 nmethod 6941 0x0000027b45681c10 code [0x0000027b45681e80, 0x0000027b456828b8]
Event: 16.853 Thread 0x0000027b57292ea0 6942       1       java.nio.HeapByteBuffer::isDirect (2 bytes)
Event: 16.853 Thread 0x0000027b57292ea0 nmethod 6942 0x0000027b4c70fd10 code [0x0000027b4c70fea0, 0x0000027b4c70ff68]
Event: 16.854 Thread 0x0000027b73e1ba90 nmethod 6937 0x0000027b4c70f590 code [0x0000027b4c70f760, 0x0000027b4c70fac8]
Event: 16.854 Thread 0x0000027b73e1ba90 6938       4       sun.security.provider.SHA5::lf_sigma1 (21 bytes)
Event: 16.854 Thread 0x0000027b73e1ba90 nmethod 6938 0x0000027b4c70f290 code [0x0000027b4c70f400, 0x0000027b4c70f480]
Event: 16.854 Thread 0x0000027b73e1ba90 6939       4       sun.security.provider.SHA5::lf_sigma0 (21 bytes)
Event: 16.855 Thread 0x0000027b73e1ba90 nmethod 6939 0x0000027b4c70ef90 code [0x0000027b4c70f100, 0x0000027b4c70f180]
Event: 16.855 Thread 0x0000027b73e1ba90 6940       4       sun.security.provider.SHA5::lf_delta1 (21 bytes)
Event: 16.855 Thread 0x0000027b73e1ba90 nmethod 6940 0x0000027b4c70ec90 code [0x0000027b4c70ee00, 0x0000027b4c70ee80]
Event: 16.855 Thread 0x0000027b73e1ba90 6943       4       sun.security.provider.SHA5::lf_delta0 (20 bytes)
Event: 16.856 Thread 0x0000027b73e1ba90 nmethod 6943 0x0000027b4c70e990 code [0x0000027b4c70eb00, 0x0000027b4c70eb80]
Event: 17.151 Thread 0x0000027b57292ea0 6944       3       java.lang.management.ManagementFactory$$Lambda/0x0000027b59073380::apply (12 bytes)
Event: 17.151 Thread 0x0000027b57292ea0 nmethod 6944 0x0000027b45682f90 code [0x0000027b45683160, 0x0000027b45683570]
Event: 17.151 Thread 0x0000027b57292ea0 6945       3       java.lang.management.ManagementFactory::lambda$getPlatformMXBeans$3 (13 bytes)
Event: 17.151 Thread 0x0000027b57292ea0 nmethod 6945 0x0000027b45683690 code [0x0000027b45683860, 0x0000027b45683ae0]

GC Heap History (14 events):
Event: 0.684 GC heap before
{Heap before GC invocations=0 (full 0):
 garbage-first heap   total 262144K, used 26624K [0x00000000e0000000, 0x0000000100000000)
  region size 1024K, 23 young (23552K), 0 survivors (0K)
 Metaspace       used 1115K, committed 1216K, reserved 393216K
  class space    used 85K, committed 128K, reserved 327680K
}
Event: 0.693 GC heap after
{Heap after GC invocations=1 (full 0):
 garbage-first heap   total 262144K, used 10623K [0x00000000e0000000, 0x0000000100000000)
  region size 1024K, 3 young (3072K), 3 survivors (3072K)
 Metaspace       used 1115K, committed 1216K, reserved 393216K
  class space    used 85K, committed 128K, reserved 327680K
}
Event: 1.450 GC heap before
{Heap before GC invocations=1 (full 0):
 garbage-first heap   total 262144K, used 41343K [0x00000000e0000000, 0x0000000100000000)
  region size 1024K, 33 young (33792K), 3 survivors (3072K)
 Metaspace       used 4272K, committed 4416K, reserved 393216K
  class space    used 547K, committed 640K, reserved 327680K
}
Event: 1.453 GC heap after
{Heap after GC invocations=2 (full 0):
 garbage-first heap   total 262144K, used 11795K [0x00000000e0000000, 0x0000000100000000)
  region size 1024K, 2 young (2048K), 2 survivors (2048K)
 Metaspace       used 4272K, committed 4416K, reserved 393216K
  class space    used 547K, committed 640K, reserved 327680K
}
Event: 4.555 GC heap before
{Heap before GC invocations=2 (full 0):
 garbage-first heap   total 262144K, used 143891K [0x00000000e0000000, 0x0000000100000000)
  region size 1024K, 130 young (133120K), 2 survivors (2048K)
 Metaspace       used 20824K, committed 21504K, reserved 393216K
  class space    used 3075K, committed 3392K, reserved 327680K
}
Event: 4.571 GC heap after
{Heap after GC invocations=3 (full 0):
 garbage-first heap   total 262144K, used 24846K [0x00000000e0000000, 0x0000000100000000)
  region size 1024K, 14 young (14336K), 14 survivors (14336K)
 Metaspace       used 20824K, committed 21504K, reserved 393216K
  class space    used 3075K, committed 3392K, reserved 327680K
}
Event: 6.846 GC heap before
{Heap before GC invocations=4 (full 0):
 garbage-first heap   total 262144K, used 115982K [0x00000000e0000000, 0x0000000100000000)
  region size 1024K, 105 young (107520K), 14 survivors (14336K)
 Metaspace       used 34742K, committed 35968K, reserved 393216K
  class space    used 5157K, committed 5760K, reserved 327680K
}
Event: 6.859 GC heap after
{Heap after GC invocations=5 (full 0):
 garbage-first heap   total 262144K, used 32948K [0x00000000e0000000, 0x0000000100000000)
  region size 1024K, 8 young (8192K), 8 survivors (8192K)
 Metaspace       used 34742K, committed 35968K, reserved 393216K
  class space    used 5157K, committed 5760K, reserved 327680K
}
Event: 11.679 GC heap before
{Heap before GC invocations=6 (full 0):
 garbage-first heap   total 262144K, used 187572K [0x00000000e0000000, 0x0000000100000000)
  region size 1024K, 153 young (156672K), 8 survivors (8192K)
 Metaspace       used 45289K, committed 46784K, reserved 393216K
  class space    used 6571K, committed 7296K, reserved 327680K
}
Event: 11.692 GC heap after
{Heap after GC invocations=7 (full 0):
 garbage-first heap   total 262144K, used 40593K [0x00000000e0000000, 0x0000000100000000)
  region size 1024K, 16 young (16384K), 16 survivors (16384K)
 Metaspace       used 45289K, committed 46784K, reserved 393216K
  class space    used 6571K, committed 7296K, reserved 327680K
}
Event: 14.822 GC heap before
{Heap before GC invocations=7 (full 0):
 garbage-first heap   total 262144K, used 180881K [0x00000000e0000000, 0x0000000100000000)
  region size 1024K, 153 young (156672K), 16 survivors (16384K)
 Metaspace       used 55033K, committed 56832K, reserved 393216K
  class space    used 8045K, committed 8960K, reserved 327680K
}
Event: 14.840 GC heap after
{Heap after GC invocations=8 (full 0):
 garbage-first heap   total 262144K, used 46810K [0x00000000e0000000, 0x0000000100000000)
  region size 1024K, 15 young (15360K), 15 survivors (15360K)
 Metaspace       used 55033K, committed 56832K, reserved 393216K
  class space    used 8045K, committed 8960K, reserved 327680K
}
Event: 15.469 GC heap before
{Heap before GC invocations=8 (full 0):
 garbage-first heap   total 262144K, used 66266K [0x00000000e0000000, 0x0000000100000000)
  region size 1024K, 35 young (35840K), 15 survivors (15360K)
 Metaspace       used 58359K, committed 60160K, reserved 393216K
  class space    used 8489K, committed 9408K, reserved 327680K
}
Event: 15.483 GC heap after
{Heap after GC invocations=9 (full 0):
 garbage-first heap   total 262144K, used 48206K [0x00000000e0000000, 0x0000000100000000)
  region size 1024K, 9 young (9216K), 9 survivors (9216K)
 Metaspace       used 58359K, committed 60160K, reserved 393216K
  class space    used 8489K, committed 9408K, reserved 327680K
}

Dll operation events (14 events):
Event: 0.019 Loaded shared library C:\Users\HP\.vscode\extensions\redhat.java-1.54.0-win32-x64\jre\21.0.10-win32-x86_64\bin\java.dll
Event: 0.128 Loaded shared library C:\Users\HP\.vscode\extensions\redhat.java-1.54.0-win32-x64\jre\21.0.10-win32-x86_64\bin\zip.dll
Event: 0.163 Loaded shared library C:\Users\HP\.vscode\extensions\redhat.java-1.54.0-win32-x64\jre\21.0.10-win32-x86_64\bin\instrument.dll
Event: 0.171 Loaded shared library C:\Users\HP\.vscode\extensions\redhat.java-1.54.0-win32-x64\jre\21.0.10-win32-x86_64\bin\net.dll
Event: 0.177 Loaded shared library C:\Users\HP\.vscode\extensions\redhat.java-1.54.0-win32-x64\jre\21.0.10-win32-x86_64\bin\nio.dll
Event: 0.182 Loaded shared library C:\Users\HP\.vscode\extensions\redhat.java-1.54.0-win32-x64\jre\21.0.10-win32-x86_64\bin\zip.dll
Event: 0.497 Loaded shared library C:\Users\HP\.vscode\extensions\redhat.java-1.54.0-win32-x64\jre\21.0.10-win32-x86_64\bin\jimage.dll
Event: 0.698 Loaded shared library C:\Users\HP\.vscode\extensions\redhat.java-1.54.0-win32-x64\jre\21.0.10-win32-x86_64\bin\verify.dll
Event: 0.865 Loaded shared library C:\Users\HP\.gradle\native\c067742578af261105cb4f569cf0c3c89f3d7b1fecec35dd04571415982c5e48\windows-amd64\native-platform.dll
Event: 0.908 Loaded shared library C:\Users\HP\.gradle\native\100fb08df4bc3b14c8652ba06237920a3bd2aa13389f12d3474272988ae205f9\windows-amd64\native-platform-file-events.dll
Event: 2.099 Loaded shared library C:\Users\HP\.vscode\extensions\redhat.java-1.54.0-win32-x64\jre\21.0.10-win32-x86_64\bin\management.dll
Event: 2.102 Loaded shared library C:\Users\HP\.vscode\extensions\redhat.java-1.54.0-win32-x64\jre\21.0.10-win32-x86_64\bin\management_ext.dll
Event: 2.391 Loaded shared library C:\Users\HP\.vscode\extensions\redhat.java-1.54.0-win32-x64\jre\21.0.10-win32-x86_64\bin\extnet.dll
Event: 2.598 Loaded shared library C:\Users\HP\.vscode\extensions\redhat.java-1.54.0-win32-x64\jre\21.0.10-win32-x86_64\bin\sunmscapi.dll

Deoptimization events (20 events):
Event: 16.822 Thread 0x0000027b721f7730 Uncommon trap: trap_request=0xffffffc6 fr.pc=0x0000027b4c7174d8 relative=0x0000000000000358
Event: 16.822 Thread 0x0000027b721f7730 Uncommon trap: reason=bimorphic_or_optimized_type_check action=maybe_recompile pc=0x0000027b4c7174d8 method=sun.security.util.math.intpoly.IntegerPolynomial.multByInt([JJ)V @ 26 c2
Event: 16.822 Thread 0x0000027b721f7730 DEOPT PACKING pc=0x0000027b4c7174d8 sp=0x000000f7f0af5d50
Event: 16.822 Thread 0x0000027b721f7730 DEOPT UNPACKING pc=0x0000027b4c057ba2 sp=0x000000f7f0af5c90 mode 2
Event: 16.822 Thread 0x0000027b721f7730 Uncommon trap: trap_request=0xffffffc6 fr.pc=0x0000027b4c7174d8 relative=0x0000000000000358
Event: 16.822 Thread 0x0000027b721f7730 Uncommon trap: reason=bimorphic_or_optimized_type_check action=maybe_recompile pc=0x0000027b4c7174d8 method=sun.security.util.math.intpoly.IntegerPolynomial.multByInt([JJ)V @ 26 c2
Event: 16.822 Thread 0x0000027b721f7730 DEOPT PACKING pc=0x0000027b4c7174d8 sp=0x000000f7f0af5d50
Event: 16.822 Thread 0x0000027b721f7730 DEOPT UNPACKING pc=0x0000027b4c057ba2 sp=0x000000f7f0af5c90 mode 2
Event: 16.822 Thread 0x0000027b721f7730 Uncommon trap: trap_request=0xffffffc6 fr.pc=0x0000027b4c7174d8 relative=0x0000000000000358
Event: 16.822 Thread 0x0000027b721f7730 Uncommon trap: reason=bimorphic_or_optimized_type_check action=maybe_recompile pc=0x0000027b4c7174d8 method=sun.security.util.math.intpoly.IntegerPolynomial.multByInt([JJ)V @ 26 c2
Event: 16.822 Thread 0x0000027b721f7730 DEOPT PACKING pc=0x0000027b4c7174d8 sp=0x000000f7f0af5d50
Event: 16.822 Thread 0x0000027b721f7730 DEOPT UNPACKING pc=0x0000027b4c057ba2 sp=0x000000f7f0af5c90 mode 2
Event: 16.823 Thread 0x0000027b721f7730 Uncommon trap: trap_request=0xffffffc6 fr.pc=0x0000027b4c717e00 relative=0x0000000000000320
Event: 16.823 Thread 0x0000027b721f7730 Uncommon trap: reason=bimorphic_or_optimized_type_check action=maybe_recompile pc=0x0000027b4c717e00 method=sun.security.util.math.intpoly.IntegerPolynomial.multByInt([JJ)V @ 26 c2
Event: 16.823 Thread 0x0000027b721f7730 DEOPT PACKING pc=0x0000027b4c717e00 sp=0x000000f7f0af5cb0
Event: 16.823 Thread 0x0000027b721f7730 DEOPT UNPACKING pc=0x0000027b4c057ba2 sp=0x000000f7f0af5c90 mode 2
Event: 16.843 Thread 0x0000027b721f7730 Uncommon trap: trap_request=0xffffff6e fr.pc=0x0000027b4c7125bc relative=0x000000000000039c
Event: 16.843 Thread 0x0000027b721f7730 Uncommon trap: reason=loop_limit_check action=maybe_recompile pc=0x0000027b4c7125bc method=java.math.BigInteger.implMulAdd([I[IIII)I @ 26 c2
Event: 16.843 Thread 0x0000027b721f7730 DEOPT PACKING pc=0x0000027b4c7125bc sp=0x000000f7f0af6370
Event: 16.843 Thread 0x0000027b721f7730 DEOPT UNPACKING pc=0x0000027b4c057ba2 sp=0x000000f7f0af62c0 mode 2

Classes loaded (20 events):
Event: 16.849 Loading class sun/security/ssl/Finished$T10VerifyDataGenerator
Event: 16.849 Loading class sun/security/ssl/Finished$T10VerifyDataGenerator done
Event: 16.849 Loading class sun/security/ssl/Finished$T12VerifyDataGenerator
Event: 16.849 Loading class sun/security/ssl/Finished$T12VerifyDataGenerator done
Event: 16.849 Loading class sun/security/ssl/Finished$T13VerifyDataGenerator
Event: 16.849 Loading class sun/security/ssl/Finished$T13VerifyDataGenerator done
Event: 16.849 Loading class sun/security/ssl/Finished$1
Event: 16.850 Loading class sun/security/ssl/Finished$1 done
Event: 16.850 Loading class sun/security/ssl/SSLBasicKeyDerivation
Event: 16.850 Loading class sun/security/ssl/SSLBasicKeyDerivation done
Event: 16.850 Loading class sun/security/ssl/SSLBasicKeyDerivation$SecretSizeSpec
Event: 16.850 Loading class sun/security/ssl/SSLBasicKeyDerivation$SecretSizeSpec done
Event: 16.853 Loading class com/sun/crypto/provider/GaloisCounterMode$GCMEncrypt
Event: 16.853 Loading class com/sun/crypto/provider/GaloisCounterMode$GCMEncrypt done
Event: 16.853 Loading class com/sun/crypto/provider/GaloisCounterMode$EncryptOp
Event: 16.853 Loading class com/sun/crypto/provider/GaloisCounterMode$EncryptOp done
Event: 16.854 Loading class javax/net/ssl/SSLEngineResult$HandshakeStatus
Event: 16.855 Loading class javax/net/ssl/SSLEngineResult$HandshakeStatus done
Event: 16.855 Loading class jdk/internal/event/TLSHandshakeEvent
Event: 16.855 Loading class jdk/internal/event/TLSHandshakeEvent done

Classes unloaded (0 events):
No events

Classes redefined (0 events):
No events

Internal exceptions (20 events):
Event: 13.444 Thread 0x0000027b721f7730 Exception <a 'java/lang/NoSuchMethodError'{0x00000000ea4a27f0}: 'int java.lang.invoke.DirectMethodHandle$Holder.invokeInterface(java.lang.Object, java.lang.Object, java.lang.Object, java.lang.Object)'> (0x00000000ea4a27f0) 
thrown [s\src\hotspot\share\interpreter\linkResolver.cpp, line 773]
Event: 13.513 Thread 0x0000027b721f7730 Exception <a 'java/lang/NoSuchMethodError'{0x00000000ea250b40}: 'java.lang.Object java.lang.invoke.DirectMethodHandle$Holder.invokeStatic(java.lang.Object, long, java.lang.Object)'> (0x00000000ea250b40) 
thrown [s\src\hotspot\share\interpreter\linkResolver.cpp, line 773]
Event: 13.514 Thread 0x0000027b721f7730 Exception <a 'java/lang/NoSuchMethodError'{0x00000000ea257d38}: 'java.lang.Object java.lang.invoke.DirectMethodHandle$Holder.newInvokeSpecial(java.lang.Object, long)'> (0x00000000ea257d38) 
thrown [s\src\hotspot\share\interpreter\linkResolver.cpp, line 773]
Event: 13.526 Thread 0x0000027b721f7730 Exception <a 'java/lang/NoSuchMethodError'{0x00000000ea2b1e68}: 'java.lang.Object java.lang.invoke.DirectMethodHandle$Holder.newInvokeSpecial(java.lang.Object, java.lang.Object, java.lang.Object, java.lang.Object, java.lang.Object, long)'> (0x00000000ea2b1e68) 
thrown [s\src\hotspot\share\interpreter\linkResolver.cpp, line 773]
Event: 13.526 Thread 0x0000027b721f7730 Exception <a 'java/lang/NoSuchMethodError'{0x00000000ea2b6cb8}: 'java.lang.Object java.lang.invoke.DirectMethodHandle$Holder.invokeSpecial(java.lang.Object, java.lang.Object, java.lang.Object, java.lang.Object, java.lang.Object, java.lang.Object, long)'> (0x00000000ea2b6cb8) 
thrown [s\src\hotspot\share\interpreter\linkResolver.cpp, line 773]
Event: 13.527 Thread 0x0000027b721f7730 Exception <a 'java/lang/NoSuchMethodError'{0x00000000ea2bb298}: 'java.lang.Object java.lang.invoke.Invokers$Holder.linkToTargetMethod(java.lang.Object, java.lang.Object, java.lang.Object, java.lang.Object, long, java.lang.Object)'> (0x00000000ea2bb298) 
thrown [s\src\hotspot\share\interpreter\linkResolver.cpp, line 773]
Event: 13.534 Thread 0x0000027b721f7730 Exception <a 'java/lang/NoSuchMethodError'{0x00000000ea103668}: 'java.lang.Object java.lang.invoke.DirectMethodHandle$Holder.newInvokeSpecial(java.lang.Object, java.lang.Object, java.lang.Object, long)'> (0x00000000ea103668) 
thrown [s\src\hotspot\share\interpreter\linkResolver.cpp, line 773]
Event: 13.534 Thread 0x0000027b721f7730 Exception <a 'java/lang/NoSuchMethodError'{0x00000000ea108138}: 'java.lang.Object java.lang.invoke.DirectMethodHandle$Holder.invokeSpecial(java.lang.Object, java.lang.Object, java.lang.Object, java.lang.Object, long)'> (0x00000000ea108138) 
thrown [s\src\hotspot\share\interpreter\linkResolver.cpp, line 773]
Event: 13.534 Thread 0x0000027b721f7730 Exception <a 'java/lang/NoSuchMethodError'{0x00000000ea10c2f8}: 'java.lang.Object java.lang.invoke.Invokers$Holder.linkToTargetMethod(java.lang.Object, java.lang.Object, long, java.lang.Object)'> (0x00000000ea10c2f8) 
thrown [s\src\hotspot\share\interpreter\linkResolver.cpp, line 773]
Event: 13.596 Thread 0x0000027b721f7730 Exception <a 'java/lang/NoSuchMethodError'{0x00000000e9f13708}: 'java.lang.Object java.lang.invoke.DirectMethodHandle$Holder.newInvokeSpecial(java.lang.Object, java.lang.Object, java.lang.Object, java.lang.Object, java.lang.Object, java.lang.Object, java.lang.Object, java.lang.Object, java.lang.Object, java.lang.Object, java.lang.Object, java.lang.Object, java.lang.Object, java.lang.Object, java.lang.Object, java.lang.Object, java.lang.Object, java.lang.Object, java.lang.Object, java.lang.Object, java.lang
Event: 13.597 Thread 0x0000027b721f7730 Exception <a 'java/lang/NoSuchMethodError'{0x00000000e9f1b258}: 'java.lang.Object java.lang.invoke.DirectMethodHandle$Holder.invokeSpecial(java.lang.Object, java.lang.Object, java.lang.Object, java.lang.Object, java.lang.Object, java.lang.Object, java.lang.Object, java.lang.Object, java.lang.Object, java.lang.Object, java.lang.Object, java.lang.Object, java.lang.Object, java.lang.Object, java.lang.Object, java.lang.Object, java.lang.Object, java.lang.Object, java.lang.Object, java.lang.Object, java.lang.Ob
Event: 13.597 Thread 0x0000027b721f7730 Exception <a 'java/lang/NoSuchMethodError'{0x00000000e9f21798}: 'java.lang.Object java.lang.invoke.DelegatingMethodHandle$Holder.reinvoke_L(java.lang.Object, java.lang.Object, java.lang.Object, java.lang.Object, java.lang.Object, java.lang.Object, java.lang.Object, java.lang.Object, java.lang.Object, java.lang.Object, java.lang.Object, java.lang.Object, java.lang.Object, java.lang.Object, java.lang.Object, java.lang.Object, java.lang.Object, java.lang.Object, java.lang.Object, java.lang.Object, java.lang.O
Event: 13.852 Thread 0x0000027b721f7730 Exception <a 'java/lang/NoSuchMethodError'{0x00000000e97b1840}: 'java.lang.Object java.lang.invoke.DirectMethodHandle$Holder.newInvokeSpecial(java.lang.Object, java.lang.Object, java.lang.Object, java.lang.Object, java.lang.Object, java.lang.Object, java.lang.Object, java.lang.Object, java.lang.Object, java.lang.Object, java.lang.Object, java.lang.Object, java.lang.Object, java.lang.Object, java.lang.Object, java.lang.Object, java.lang.Object, java.lang.Object, java.lang.Object)'> (0x00000000e97b1840) 
thr
Event: 13.852 Thread 0x0000027b721f7730 Exception <a 'java/lang/NoSuchMethodError'{0x00000000e97b80c8}: 'java.lang.Object java.lang.invoke.DirectMethodHandle$Holder.invokeSpecial(java.lang.Object, java.lang.Object, java.lang.Object, java.lang.Object, java.lang.Object, java.lang.Object, java.lang.Object, java.lang.Object, java.lang.Object, java.lang.Object, java.lang.Object, java.lang.Object, java.lang.Object, java.lang.Object, java.lang.Object, java.lang.Object, java.lang.Object, java.lang.Object, java.lang.Object, java.lang.Object)'> (0x0000000
Event: 13.853 Thread 0x0000027b721f7730 Exception <a 'java/lang/NoSuchMethodError'{0x00000000e97bd918}: 'java.lang.Object java.lang.invoke.DelegatingMethodHandle$Holder.reinvoke_L(java.lang.Object, java.lang.Object, java.lang.Object, java.lang.Object, java.lang.Object, java.lang.Object, java.lang.Object, java.lang.Object, java.lang.Object, java.lang.Object, java.lang.Object, java.lang.Object, java.lang.Object, java.lang.Object, java.lang.Object, java.lang.Object, java.lang.Object, java.lang.Object, java.lang.Object)'> (0x00000000e97bd918) 
throw
Event: 14.003 Thread 0x0000027b721f7730 Exception <a 'java/lang/NoSuchMethodError'{0x00000000e9275df8}: 'java.lang.Object java.lang.invoke.DirectMethodHandle$Holder.invokeSpecial(java.lang.Object, java.lang.Object, long, java.lang.Object, java.lang.Object)'> (0x00000000e9275df8) 
thrown [s\src\hotspot\share\interpreter\linkResolver.cpp, line 773]
Event: 15.175 Thread 0x0000027b721f7730 Exception <a 'java/lang/NoSuchMethodError'{0x00000000ef431a60}: 'int java.lang.invoke.DirectMethodHandle$Holder.invokeSpecialIFC(java.lang.Object, java.lang.Object, java.lang.Object)'> (0x00000000ef431a60) 
thrown [s\src\hotspot\share\interpreter\linkResolver.cpp, line 773]
Event: 15.282 Thread 0x0000027b721f7730 Exception <a 'java/lang/NoSuchMethodError'{0x00000000ef1fb4c8}: 'java.lang.Object java.lang.invoke.DirectMethodHandle$Holder.invokeSpecial(java.lang.Object, java.lang.Object, java.lang.Object, java.lang.Object, java.lang.Object, long)'> (0x00000000ef1fb4c8) 
thrown [s\src\hotspot\share\interpreter\linkResolver.cpp, line 773]
Event: 15.286 Thread 0x0000027b721f7730 Exception <a 'java/lang/NoSuchMethodError'{0x00000000ef020850}: 'void java.lang.invoke.DirectMethodHandle$Holder.invokeStatic(java.lang.Object, java.lang.Object, java.lang.Object, int, java.lang.Object)'> (0x00000000ef020850) 
thrown [s\src\hotspot\share\interpreter\linkResolver.cpp, line 773]
Event: 15.411 Thread 0x0000027b721f7730 Exception <a 'sun/nio/fs/WindowsException'{0x00000000eeda5470}> (0x00000000eeda5470) 
thrown [s\src\hotspot\share\prims\jni.cpp, line 520]

ZGC Phase Switch (0 events):
No events

VM Operations (20 events):
Event: 15.421 Executing non-safepoint VM operation: HandshakeAllThreads (Deoptimize)
Event: 15.421 Executing non-safepoint VM operation: HandshakeAllThreads (Deoptimize) done
Event: 15.422 Executing non-safepoint VM operation: HandshakeAllThreads (Deoptimize)
Event: 15.422 Executing non-safepoint VM operation: HandshakeAllThreads (Deoptimize) done
Event: 15.469 Executing safepoint VM operation: CollectForMetadataAllocation (Metadata GC Threshold)
Event: 15.483 Executing safepoint VM operation: CollectForMetadataAllocation (Metadata GC Threshold) done
Event: 15.492 Executing non-safepoint VM operation: HandshakeAllThreads (Deoptimize)
Event: 15.492 Executing non-safepoint VM operation: HandshakeAllThreads (Deoptimize) done
Event: 15.506 Executing safepoint VM operation: CollectForMetadataAllocation (Metadata GC Threshold)
Event: 15.506 Executing safepoint VM operation: CollectForMetadataAllocation (Metadata GC Threshold) done
Event: 15.522 Executing safepoint VM operation: G1PauseRemark
Event: 15.527 Executing safepoint VM operation: G1PauseRemark done
Event: 15.543 Executing safepoint VM operation: G1PauseCleanup
Event: 15.543 Executing safepoint VM operation: G1PauseCleanup done
Event: 15.751 Executing non-safepoint VM operation: HandshakeAllThreads (Deoptimize)
Event: 15.751 Executing non-safepoint VM operation: HandshakeAllThreads (Deoptimize) done
Event: 16.411 Executing non-safepoint VM operation: HandshakeAllThreads (Deoptimize)
Event: 16.411 Executing non-safepoint VM operation: HandshakeAllThreads (Deoptimize) done
Event: 17.420 Executing safepoint VM operation: Cleanup
Event: 17.420 Executing safepoint VM operation: Cleanup done

Memory protections (0 events):
No events

Nmethod flushes (20 events):
Event: 15.526 Thread 0x0000027b57230580 flushing  nmethod 0x0000027b44c81510
Event: 15.526 Thread 0x0000027b57230580 flushing  nmethod 0x0000027b44c83a10
Event: 15.526 Thread 0x0000027b57230580 flushing  nmethod 0x0000027b44cf0290
Event: 15.526 Thread 0x0000027b57230580 flushing  nmethod 0x0000027b44cf3d90
Event: 15.526 Thread 0x0000027b57230580 flushing  nmethod 0x0000027b44d3e590
Event: 15.526 Thread 0x0000027b57230580 flushing  nmethod 0x0000027b44d62e10
Event: 15.526 Thread 0x0000027b57230580 flushing  nmethod 0x0000027b44dd5610
Event: 15.526 Thread 0x0000027b57230580 flushing  nmethod 0x0000027b44deb090
Event: 15.526 Thread 0x0000027b57230580 flushing  nmethod 0x0000027b44dece10
Event: 15.526 Thread 0x0000027b57230580 flushing  nmethod 0x0000027b44df1710
Event: 15.526 Thread 0x0000027b57230580 flushing  nmethod 0x0000027b44ec9410
Event: 15.526 Thread 0x0000027b57230580 flushing  nmethod 0x0000027b44f5ec10
Event: 15.526 Thread 0x0000027b57230580 flushing  nmethod 0x0000027b44f9e890
Event: 15.526 Thread 0x0000027b57230580 flushing  nmethod 0x0000027b450e5f90
Event: 15.526 Thread 0x0000027b57230580 flushing  nmethod 0x0000027b45112390
Event: 15.526 Thread 0x0000027b57230580 flushing  nmethod 0x0000027b4513fe10
Event: 15.526 Thread 0x0000027b57230580 flushing  nmethod 0x0000027b451e0c10
Event: 15.526 Thread 0x0000027b57230580 flushing  nmethod 0x0000027b4524f510
Event: 15.526 Thread 0x0000027b57230580 flushing  nmethod 0x0000027b45250010
Event: 15.526 Thread 0x0000027b57230580 flushing  nmethod 0x0000027b45250490

Events (20 events):
Event: 12.790 Thread 0x0000027b726a0840 Thread added: 0x0000027b74d4deb0
Event: 12.800 Thread 0x0000027b726a0840 Thread added: 0x0000027b74d4bde0
Event: 12.814 Thread 0x0000027b721f7730 Thread added: 0x0000027b74d526e0
Event: 12.817 Thread 0x0000027b721f7730 Thread added: 0x0000027b74d52d70
Event: 12.818 Thread 0x0000027b721f7730 Thread added: 0x0000027b74d4f8f0
Event: 12.846 Thread 0x0000027b721f7730 Thread added: 0x0000027b74d53400
Event: 12.858 Thread 0x0000027b721f7730 Thread added: 0x0000027b721f70a0
Event: 12.889 Thread 0x0000027b721f7730 Thread added: 0x0000027b721f5660
Event: 12.900 Thread 0x0000027b721f7730 Thread added: 0x0000027b721f8ae0
Event: 12.907 Thread 0x0000027b721f7730 Thread added: 0x0000027b721f7dc0
Event: 12.979 Thread 0x0000027b57292ea0 Thread added: 0x0000027b73e1c160
Event: 13.207 Thread 0x0000027b57292ea0 Thread added: 0x0000027b73e1c830
Event: 14.152 Thread 0x0000027b73e1c830 Thread exited: 0x0000027b73e1c830
Event: 14.179 Thread 0x0000027b73e1c160 Thread exited: 0x0000027b73e1c160
Event: 15.556 Thread 0x0000027b57292ea0 Thread added: 0x0000027b73e1ea40
Event: 15.679 Thread 0x0000027b57292ea0 Thread added: 0x0000027b73e1ba90
Event: 16.153 Thread 0x0000027b73e1ba90 Thread exited: 0x0000027b73e1ba90
Event: 16.153 Thread 0x0000027b73e1ea40 Thread exited: 0x0000027b73e1ea40
Event: 16.467 Thread 0x0000027b57292ea0 Thread added: 0x0000027b73e1ba90
Event: 16.469 Thread 0x0000027b57292ea0 Thread added: 0x0000027b73e1c160


Dynamic libraries:
0x00007ff7f2e80000 - 0x00007ff7f2e8e000 	C:\Users\HP\.vscode\extensions\redhat.java-1.54.0-win32-x64\jre\21.0.10-win32-x86_64\bin\java.exe
0x00007ffb36fc0000 - 0x00007ffb37227000 	C:\WINDOWS\SYSTEM32\ntdll.dll
0x00007ffb05400000 - 0x00007ffb05421000 	C:\Program Files\Avast Software\Avast\aswhook.dll
0x00007ffb36c60000 - 0x00007ffb36d29000 	C:\WINDOWS\System32\KERNEL32.DLL
0x00007ffb34640000 - 0x00007ffb34a34000 	C:\WINDOWS\System32\KERNELBASE.dll
0x00007ffb30b70000 - 0x00007ffb30c0f000 	C:\WINDOWS\SYSTEM32\apphelp.dll
0x00007ffb34100000 - 0x00007ffb3424b000 	C:\WINDOWS\System32\ucrtbase.dll
0x00007ffac0f80000 - 0x00007ffac0f98000 	C:\Users\HP\.vscode\extensions\redhat.java-1.54.0-win32-x64\jre\21.0.10-win32-x86_64\bin\jli.dll
0x00007ffabb310000 - 0x00007ffabb32e000 	C:\Users\HP\.vscode\extensions\redhat.java-1.54.0-win32-x64\jre\21.0.10-win32-x86_64\bin\VCRUNTIME140.dll
0x00007ffb36730000 - 0x00007ffb368f5000 	C:\WINDOWS\System32\USER32.dll
0x00007ffb34d20000 - 0x00007ffb34d47000 	C:\WINDOWS\System32\win32u.dll
0x00007ffb35460000 - 0x00007ffb3548b000 	C:\WINDOWS\System32\GDI32.dll
0x00007ffb34510000 - 0x00007ffb3463b000 	C:\WINDOWS\System32\gdi32full.dll
0x00007ffb16fb0000 - 0x00007ffb17243000 	C:\WINDOWS\WinSxS\amd64_microsoft.windows.common-controls_6595b64144ccf1df_6.0.26100.8115_none_3e075c82e3354f9c\COMCTL32.dll
0x00007ffb34bb0000 - 0x00007ffb34c53000 	C:\WINDOWS\System32\msvcp_win.dll
0x00007ffb36900000 - 0x00007ffb369a9000 	C:\WINDOWS\System32\msvcrt.dll
0x00007ffb36dc0000 - 0x00007ffb36df2000 	C:\WINDOWS\System32\IMM32.DLL
0x00007ffb0a350000 - 0x00007ffb0a35c000 	C:\Users\HP\.vscode\extensions\redhat.java-1.54.0-win32-x64\jre\21.0.10-win32-x86_64\bin\vcruntime140_1.dll
0x00007ffaa1bb0000 - 0x00007ffaa1c3d000 	C:\Users\HP\.vscode\extensions\redhat.java-1.54.0-win32-x64\jre\21.0.10-win32-x86_64\bin\msvcp140.dll
0x00007ffa436d0000 - 0x00007ffa44471000 	C:\Users\HP\.vscode\extensions\redhat.java-1.54.0-win32-x64\jre\21.0.10-win32-x86_64\bin\server\jvm.dll
0x00007ffb365f0000 - 0x00007ffb366a6000 	C:\WINDOWS\System32\ADVAPI32.dll
0x00007ffb358d0000 - 0x00007ffb35977000 	C:\WINDOWS\System32\sechost.dll
0x00007ffb36e60000 - 0x00007ffb36f78000 	C:\WINDOWS\System32\RPCRT4.dll
0x00007ffb36560000 - 0x00007ffb365e0000 	C:\WINDOWS\System32\WS2_32.dll
0x00007ffb33710000 - 0x00007ffb3376e000 	C:\WINDOWS\SYSTEM32\POWRPROF.dll
0x00007ffb286e0000 - 0x00007ffb28716000 	C:\WINDOWS\SYSTEM32\WINMM.dll
0x00007ffb27900000 - 0x00007ffb2790b000 	C:\WINDOWS\SYSTEM32\VERSION.dll
0x00007ffb336f0000 - 0x00007ffb33704000 	C:\WINDOWS\SYSTEM32\UMPDC.dll
0x00007ffb32620000 - 0x00007ffb3263b000 	C:\WINDOWS\SYSTEM32\kernel.appcore.dll
0x00007ffb04050000 - 0x00007ffb0405a000 	C:\Users\HP\.vscode\extensions\redhat.java-1.54.0-win32-x64\jre\21.0.10-win32-x86_64\bin\jimage.dll
0x00007ffb316e0000 - 0x00007ffb31922000 	C:\WINDOWS\SYSTEM32\DBGHELP.DLL
0x00007ffb35980000 - 0x00007ffb35d02000 	C:\WINDOWS\System32\combase.dll
0x00007ffb36480000 - 0x00007ffb36558000 	C:\WINDOWS\System32\OLEAUT32.dll
0x00007ffb20240000 - 0x00007ffb2027b000 	C:\WINDOWS\SYSTEM32\dbgcore.DLL
0x00007ffb343d0000 - 0x00007ffb34475000 	C:\WINDOWS\System32\bcryptPrimitives.dll
0x00007ffb00560000 - 0x00007ffb0056f000 	C:\Users\HP\.vscode\extensions\redhat.java-1.54.0-win32-x64\jre\21.0.10-win32-x86_64\bin\instrument.dll
0x00007ffaba1b0000 - 0x00007ffaba1d0000 	C:\Users\HP\.vscode\extensions\redhat.java-1.54.0-win32-x64\jre\21.0.10-win32-x86_64\bin\java.dll
0x00007ffb35d10000 - 0x00007ffb36477000 	C:\WINDOWS\System32\SHELL32.dll
0x00007ffb34a40000 - 0x00007ffb34baa000 	C:\WINDOWS\System32\wintypes.dll
0x00007ffb33890000 - 0x00007ffb340f8000 	C:\WINDOWS\System32\windows.storage.dll
0x00007ffb34e60000 - 0x00007ffb34f58000 	C:\WINDOWS\System32\SHCORE.dll
0x00007ffb34f60000 - 0x00007ffb34fc6000 	C:\WINDOWS\System32\shlwapi.dll
0x00007ffb337b0000 - 0x00007ffb337d9000 	C:\WINDOWS\SYSTEM32\profapi.dll
0x00007ffaba170000 - 0x00007ffaba188000 	C:\Users\HP\.vscode\extensions\redhat.java-1.54.0-win32-x64\jre\21.0.10-win32-x86_64\bin\zip.dll
0x00007ffaff690000 - 0x00007ffaff6a0000 	C:\Users\HP\.vscode\extensions\redhat.java-1.54.0-win32-x64\jre\21.0.10-win32-x86_64\bin\net.dll
0x00007ffb22f10000 - 0x00007ffb2303d000 	C:\WINDOWS\SYSTEM32\WINHTTP.dll
0x00007ffb32b90000 - 0x00007ffb32bfc000 	C:\WINDOWS\system32\mswsock.dll
0x00007ffab9f70000 - 0x00007ffab9f86000 	C:\Users\HP\.vscode\extensions\redhat.java-1.54.0-win32-x64\jre\21.0.10-win32-x86_64\bin\nio.dll
0x00007ffafe760000 - 0x00007ffafe770000 	C:\Users\HP\.vscode\extensions\redhat.java-1.54.0-win32-x64\jre\21.0.10-win32-x86_64\bin\verify.dll
0x00007ffab9ec0000 - 0x00007ffab9ee7000 	C:\Users\HP\.gradle\native\c067742578af261105cb4f569cf0c3c89f3d7b1fecec35dd04571415982c5e48\windows-amd64\native-platform.dll
0x00007ffa61c40000 - 0x00007ffa61d84000 	C:\Users\HP\.gradle\native\100fb08df4bc3b14c8652ba06237920a3bd2aa13389f12d3474272988ae205f9\windows-amd64\native-platform-file-events.dll
0x00007ffaf5a00000 - 0x00007ffaf5a0a000 	C:\Users\HP\.vscode\extensions\redhat.java-1.54.0-win32-x64\jre\21.0.10-win32-x86_64\bin\management.dll
0x00007ffaf58e0000 - 0x00007ffaf58ec000 	C:\Users\HP\.vscode\extensions\redhat.java-1.54.0-win32-x64\jre\21.0.10-win32-x86_64\bin\management_ext.dll
0x00007ffb35490000 - 0x00007ffb35498000 	C:\WINDOWS\System32\PSAPI.DLL
0x00007ffb32e70000 - 0x00007ffb32e8b000 	C:\WINDOWS\SYSTEM32\CRYPTSP.dll
0x00007ffb32580000 - 0x00007ffb325b9000 	C:\WINDOWS\system32\rsaenh.dll
0x00007ffb32c40000 - 0x00007ffb32c73000 	C:\WINDOWS\SYSTEM32\USERENV.dll
0x00007ffb33780000 - 0x00007ffb337aa000 	C:\WINDOWS\SYSTEM32\bcrypt.dll
0x00007ffb32e90000 - 0x00007ffb32e9c000 	C:\WINDOWS\SYSTEM32\CRYPTBASE.dll
0x00007ffb32020000 - 0x00007ffb32052000 	C:\WINDOWS\SYSTEM32\IPHLPAPI.DLL
0x00007ffb36a70000 - 0x00007ffb36a7a000 	C:\WINDOWS\System32\NSI.dll
0x00007ffaf9490000 - 0x00007ffaf9499000 	C:\Users\HP\.vscode\extensions\redhat.java-1.54.0-win32-x64\jre\21.0.10-win32-x86_64\bin\extnet.dll
0x00007ffafe4f0000 - 0x00007ffafe4fe000 	C:\Users\HP\.vscode\extensions\redhat.java-1.54.0-win32-x64\jre\21.0.10-win32-x86_64\bin\sunmscapi.dll
0x00007ffb34250000 - 0x00007ffb343c7000 	C:\WINDOWS\System32\CRYPT32.dll
0x00007ffb33090000 - 0x00007ffb330c0000 	C:\WINDOWS\SYSTEM32\ncrypt.dll
0x00007ffb33040000 - 0x00007ffb3307f000 	C:\WINDOWS\SYSTEM32\NTASN1.dll
0x00007ffb1fc60000 - 0x00007ffb1fc68000 	C:\WINDOWS\system32\wshunix.dll
0x00007ffb320c0000 - 0x00007ffb321f2000 	C:\WINDOWS\SYSTEM32\DNSAPI.dll
0x00007ffb27b80000 - 0x00007ffb27b8b000 	C:\Windows\System32\rasadhlp.dll
0x00007ffb285e0000 - 0x00007ffb28666000 	C:\WINDOWS\System32\fwpuclnt.dll

JVMTI agents:
C:\Users\HP\.gradle\wrapper\dists\gradle-8.9-bin\90cnw93cvbtalezasaz0blq0a\gradle-8.9\lib\agents\gradle-instrumentation-agent-8.9.jar path:C:\Users\HP\.vscode\extensions\redhat.java-1.54.0-win32-x64\jre\21.0.10-win32-x86_64\bin\instrument.dll, loaded, initialized, instrumentlib options:none

dbghelp: loaded successfully - version: 4.0.5 - missing functions: none
symbol engine: initialized successfully - sym options: 0x614 - pdb path: .;C:\Users\HP\.vscode\extensions\redhat.java-1.54.0-win32-x64\jre\21.0.10-win32-x86_64\bin;C:\WINDOWS\SYSTEM32;C:\Program Files\Avast Software\Avast;C:\WINDOWS\WinSxS\amd64_microsoft.windows.common-controls_6595b64144ccf1df_6.0.26100.8115_none_3e075c82e3354f9c;C:\Users\HP\.vscode\extensions\redhat.java-1.54.0-win32-x64\jre\21.0.10-win32-x86_64\bin\server;C:\Users\HP\.gradle\native\c067742578af261105cb4f569cf0c3c89f3d7b1fecec35dd04571415982c5e48\windows-amd64;C:\Users\HP\.gradle\native\100fb08df4bc3b14c8652ba06237920a3bd2aa13389f12d3474272988ae205f9\windows-amd64

VM Arguments:
jvm_args: --add-opens=java.base/java.util=ALL-UNNAMED --add-opens=java.base/java.lang=ALL-UNNAMED --add-opens=java.base/java.lang.invoke=ALL-UNNAMED --add-opens=java.prefs/java.util.prefs=ALL-UNNAMED --add-exports=jdk.compiler/com.sun.tools.javac.api=ALL-UNNAMED --add-exports=jdk.compiler/com.sun.tools.javac.util=ALL-UNNAMED --add-opens=java.base/java.nio.charset=ALL-UNNAMED --add-opens=java.base/java.net=ALL-UNNAMED --add-opens=java.base/java.util.concurrent.atomic=ALL-UNNAMED -XX:MaxMetaspaceSize=384m -XX:+HeapDumpOnOutOfMemoryError -Xms256m -Xmx512m -Dfile.encoding=utf8 -Duser.country=US -Duser.language=en -Duser.variant -javaagent:C:\Users\HP\.gradle\wrapper\dists\gradle-8.9-bin\90cnw93cvbtalezasaz0blq0a\gradle-8.9\lib\agents\gradle-instrumentation-agent-8.9.jar 
java_command: org.gradle.launcher.daemon.bootstrap.GradleDaemon 8.9
java_class_path (initial): C:\Users\HP\.gradle\wrapper\dists\gradle-8.9-bin\90cnw93cvbtalezasaz0blq0a\gradle-8.9\lib\gradle-daemon-main-8.9.jar
Launcher Type: SUN_STANDARD

[Global flags]
     intx CICompilerCount                          = 4                                         {product} {ergonomic}
   size_t CompressedClassSpaceSize                 = 335544320                                 {product} {ergonomic}
     uint ConcGCThreads                            = 2                                         {product} {ergonomic}
     uint G1ConcRefinementThreads                  = 8                                         {product} {ergonomic}
   size_t G1HeapRegionSize                         = 1048576                                   {product} {ergonomic}
    uintx GCDrainStackTargetSize                   = 64                                        {product} {ergonomic}
     bool HeapDumpOnOutOfMemoryError               = true                                   {manageable} {command line}
   size_t InitialHeapSize                          = 268435456                                 {product} {command line}
   size_t MarkStackSize                            = 4194304                                   {product} {ergonomic}
   size_t MaxHeapSize                              = 536870912                                 {product} {command line}
   size_t MaxMetaspaceSize                         = 402653184                                 {product} {command line}
   size_t MaxNewSize                               = 321912832                                 {product} {ergonomic}
   size_t MinHeapDeltaBytes                        = 1048576                                   {product} {ergonomic}
   size_t MinHeapSize                              = 268435456                                 {product} {command line}
    uintx NonNMethodCodeHeapSize                   = 5839372                                {pd product} {ergonomic}
    uintx NonProfiledCodeHeapSize                  = 122909434                              {pd product} {ergonomic}
    uintx ProfiledCodeHeapSize                     = 122909434                              {pd product} {ergonomic}
    uintx ReservedCodeCacheSize                    = 251658240                              {pd product} {ergonomic}
     bool SegmentedCodeCache                       = true                                      {product} {ergonomic}
   size_t SoftMaxHeapSize                          = 536870912                              {manageable} {ergonomic}
     bool UseCompressedOops                        = true                           {product lp64_product} {ergonomic}
     bool UseG1GC                                  = true                                      {product} {ergonomic}
     bool UseLargePagesIndividualAllocation        = false                                  {pd product} {ergonomic}

Logging:
Log output configuration:
 #0: stdout all=warning uptime,level,tags foldmultilines=false
 #1: stderr all=off uptime,level,tags foldmultilines=false

Release file:
JAVA_VERSION="21.0.10" 
MODULES="java.base java.compiler java.datatransfer java.xml java.prefs java.desktop java.instrument java.logging java.management java.security.sasl java.naming java.rmi java.management.rmi java.net.http java.scripting java.security.jgss java.transaction.xa java.sql java.sql.rowset java.xml.crypto java.se java.smartcardio jdk.accessibility jdk.internal.jvmstat jdk.attach jdk.charsets jdk.internal.opt jdk.zipfs jdk.compiler jdk.crypto.ec jdk.crypto.cryptoki jdk.crypto.mscapi jdk.dynalink jdk.internal.ed jdk.editpad jdk.hotspot.agent jdk.httpserver jdk.internal.le jdk.internal.vm.ci jdk.internal.vm.compiler jdk.internal.vm.compiler.management jdk.jartool jdk.javadoc jdk.jcmd jdk.management jdk.management.agent jdk.jconsole jdk.jdeps jdk.jdwp.agent jdk.jdi jdk.jfr jdk.jshell jdk.jsobject jdk.jstatd jdk.localedata jdk.management.jfr jdk.naming.dns jdk.naming.rmi jdk.net jdk.nio.mapmode jdk.random jdk.sctp jdk.security.auth jdk.security.jgss jdk.unsupported jdk.unsupported.desktop jdk.xml.dom" 

Environment Variables:
JAVA_HOME=C:\Program Files\Java\jdk-17
PATH=C:\Program Files\Java\jdk-17\bin;C:\Ruby34-x64\bin;C:\Program Files\dotnet;C:\Program Files\Java\jdk-24\bin;C:\Users\HP\AppData\Local\Programs\Python\Python312\Scripts;C:\Users\HP\AppData\Local\Programs\Python\Python312;C:\WINDOWS\system32;C:\WINDOWS;C:\WINDOWS\System32\Wbem;C:\WINDOWS\System32\WindowsPowerShell\v1.0\;C:\WINDOWS\System32\OpenSSH\;C:\Program Files\nodejs\;C:\ProgramData\chocolatey\bin;C:\Program Files\Git\cmd;C:\Program Files\dotnet\;C:\flutter\bin;C:\tools\dart-sdk;C:\Program Files\eSpeak NG\;C:\Program Files\PostgreSQL\17\bin;C:\Program Files\Go\bin;C:\Program Files\swipl\bin;C:\Users\HP\AppData\Local\Programs\Python\Python312\Scripts\;C:\Users\HP\AppData\Local\Programs\Python\Python312\;C:\Users\HP\.local\bin;C:\Users\HP\AppData\Local\Microsoft\WindowsApps;C:\Users\HP\AppData\Local\Programs\Microsoft VS Code\bin;C:\Users\HP\AppData\Roaming\npm;C:\tools\dart-sdk\bin;C:\Users\HP\AppData\Local\Pub\Cache\bin;C:\Users\HP\.dotnet\tools;C:\Users\HP\go\bin;C:\ghcup\bin;C:\Users\HP\AppData\Local\Programs\Antigravity\bin;C:\Users\HP\AppData\Local\PowerToys\DSCModules\;C:\Users\HP\AppData\Local\Android\Sdk\platform-tools
USERNAME=HP
OS=Windows_NT
PROCESSOR_IDENTIFIER=Intel64 Family 6 Model 140 Stepping 1, GenuineIntel
TMP=C:\Users\HP\AppData\Local\Temp
TEMP=C:\Users\HP\AppData\Local\Temp




Periodic native trim disabled

---------------  S Y S T E M  ---------------

OS:
 Windows 11 , 64 bit Build 26100 (10.0.26100.8246)
OS uptime: 0 days 9:14 hours
Hyper-V role detected

CPU: total 8 (initial active 8) (4 cores per cpu, 2 threads per core) family 6 model 140 stepping 1 microcode 0xb8, cx8, cmov, fxsr, ht, mmx, 3dnowpref, sse, sse2, sse3, ssse3, sse4.1, sse4.2, popcnt, lzcnt, tsc, tscinvbit, avx, avx2, aes, erms, clmul, bmi1, bmi2, adx, avx512f, avx512dq, avx512cd, avx512bw, avx512vl, sha, fma, vzeroupper, avx512_vpopcntdq, avx512_vpclmulqdq, avx512_vaes, avx512_vnni, clflush, clflushopt, clwb, avx512_vbmi2, avx512_vbmi, hv, rdtscp, rdpid, fsrm, gfni, avx512_bitalg, f16c, cet_ibt, cet_ss, avx512_ifma
Processor Information for the first 8 processors :
  Max Mhz: 2419, Current Mhz: 2419, Mhz Limit: 2419

Memory: 4k page, system-wide physical 24243M (5675M free)
TotalPageFile size 28339M (AvailPageFile size 22M)
current process WorkingSet (physical memory assigned to process): 411M, peak: 412M
current process commit charge ("private bytes"): 495M, peak: 496M

vm_info: OpenJDK 64-Bit Server VM (21.0.10+7-LTS) for windows-amd64 JRE (21.0.10+7-LTS), built on 2026-01-20T00:00:00Z by "admin" with MS VC++ 17.12 (VS2022)

END.
