#
# There is insufficient memory for the Java Runtime Environment to continue.
# Native memory allocation (malloc) failed to allocate 1224336 bytes. Error detail: Chunk::new
# Possible reasons:
#   The system is out of physical RAM or swap space
#   This process is running with CompressedOops enabled, and the Java Heap may be blocking the growth of the native heap
# Possible solutions:
#   Reduce memory load on the system
#   Increase physical memory or swap space
#   Check if swap backing store is full
#   Decrease Java heap size (-Xmx/-Xms)
#   Decrease number of Java threads
#   Decrease Java thread stack sizes (-Xss)
#   Set larger code cache with -XX:ReservedCodeCacheSize=
#   JVM is running with Unscaled Compressed Oops mode in which the Java heap is
#     placed in the first 4GB address space. The Java Heap base address is the
#     maximum limit for the native heap growth. Please use -XX:HeapBaseMinAddress
#     to set the Java Heap base and to place the Java Heap above 4GB virtual address.
# This output file may be truncated or incomplete.
#
#  Out of Memory Error (arena.cpp:168), pid=31188, tid=21996
#
# JRE version: OpenJDK Runtime Environment Temurin-21.0.10+7 (21.0.10+7) (build 21.0.10+7-LTS)
# Java VM: OpenJDK 64-Bit Server VM Temurin-21.0.10+7 (21.0.10+7-LTS, mixed mode, sharing, tiered, compressed oops, compressed class ptrs, g1 gc, windows-amd64)
# No core dump will be written. Minidumps are not enabled by default on client versions of Windows
#

---------------  S U M M A R Y ------------

Command Line: --add-opens=java.base/java.util=ALL-UNNAMED --add-opens=java.base/java.lang=ALL-UNNAMED --add-opens=java.base/java.lang.invoke=ALL-UNNAMED --add-opens=java.prefs/java.util.prefs=ALL-UNNAMED --add-exports=jdk.compiler/com.sun.tools.javac.api=ALL-UNNAMED --add-exports=jdk.compiler/com.sun.tools.javac.util=ALL-UNNAMED --add-opens=java.base/java.nio.charset=ALL-UNNAMED --add-opens=java.base/java.net=ALL-UNNAMED --add-opens=java.base/java.util.concurrent.atomic=ALL-UNNAMED -XX:MaxMetaspaceSize=384m -XX:+HeapDumpOnOutOfMemoryError -Xms256m -Xmx512m -Dfile.encoding=utf8 -Duser.country=US -Duser.language=en -Duser.variant -javaagent:C:\Users\HP\.gradle\wrapper\dists\gradle-8.9-bin\90cnw93cvbtalezasaz0blq0a\gradle-8.9\lib\agents\gradle-instrumentation-agent-8.9.jar org.gradle.launcher.daemon.bootstrap.GradleDaemon 8.9

Host: 11th Gen Intel(R) Core(TM) i5-1135G7 @ 2.40GHz, 8 cores, 23G,  Windows 11 , 64 bit Build 26100 (10.0.26100.8246)
Time: Fri Apr 24 21:16:47 2026 Middle East Daylight Time elapsed time: 19.705763 seconds (0d 0h 0m 19s)

---------------  T H R E A D  ---------------

Current thread (0x00000241f094f8a0):  JavaThread "C2 CompilerThread1" daemon [_thread_in_native, id=21996, stack(0x00000055c7600000,0x00000055c7700000) (1024K)]


Current CompileTask:
C2:19706 7527 %     4       org.gradle.internal.instantiation.generator.AbstractClassGenerator::inspectType @ 250 (560 bytes)

Stack: [0x00000055c7600000,0x00000055c7700000]
Native frames: (J=compiled Java code, j=interpreted, Vv=VM code, C=native code)
V  [jvm.dll+0x6d7a39]
V  [jvm.dll+0x8b4b26]
V  [jvm.dll+0x8b70de]
V  [jvm.dll+0x8b77c3]
V  [jvm.dll+0x284346]
V  [jvm.dll+0xc66ed]
V  [jvm.dll+0xc6c31]
V  [jvm.dll+0x3bec01]
V  [jvm.dll+0x38b162]
V  [jvm.dll+0x38a5aa]
V  [jvm.dll+0x24c560]
V  [jvm.dll+0x24bb40]
V  [jvm.dll+0x1cb34e]
V  [jvm.dll+0x25b85d]
V  [jvm.dll+0x259dea]
V  [jvm.dll+0x3f857e]
V  [jvm.dll+0x85f59d]
V  [jvm.dll+0x6d626d]
C  [ucrtbase.dll+0x37b0]
C  [KERNEL32.DLL+0x2e8d7]
C  [ntdll.dll+0x8c3fc]


---------------  P R O C E S S  ---------------

Threads class SMR info:
_java_thread_list=0x00000241f1c7b1e0, length=61, elements={
0x00000241bfda4a80, 0x00000241d575d280, 0x00000241d575dce0, 0x00000241d575f9b0,
0x00000241d57608f0, 0x00000241d5764800, 0x00000241d5761740, 0x00000241d5775980,
0x00000241d576abe0, 0x00000241d5aa7ed0, 0x00000241d59d1380, 0x00000241f09f8650,
0x00000241f0b474e0, 0x00000241f08d5310, 0x00000241f09ba970, 0x00000241f0a7c970,
0x00000241f0a7dd20, 0x00000241f0a7f0d0, 0x00000241f0a7e3b0, 0x00000241f1bc5a80,
0x00000241f1bc6110, 0x00000241f1bc4d60, 0x00000241f1bc8870, 0x00000241f1bc9590,
0x00000241f1bc74c0, 0x00000241f1bc53f0, 0x00000241f464c100, 0x00000241f464b3e0,
0x00000241f464c790, 0x00000241f464ce20, 0x00000241f464d4b0, 0x00000241f464ba70,
0x00000241f464a030, 0x00000241f464db40, 0x00000241f464a6c0, 0x00000241f464e1d0,
0x00000241f464ad50, 0x00000241f464fc10, 0x00000241f4650930, 0x00000241f4651650,
0x00000241f464e860, 0x00000241f464eef0, 0x00000241f1bcafd0, 0x00000241f1bc9c20,
0x00000241f1bc7b50, 0x00000241f1bcb660, 0x00000241f1bc81e0, 0x00000241f1bcbcf0,
0x00000241f1bcc380, 0x00000241f0a7c2e0, 0x00000241f0a7d000, 0x00000241f094f8a0,
0x00000241f0a7d690, 0x00000241f32f2840, 0x00000241f32f0e00, 0x00000241f32f1490,
0x00000241f32f0770, 0x00000241f32f3560, 0x00000241f32f21b0, 0x00000241f32f1b20,
0x00000241f32f00e0
}

Java Threads: ( => current thread )
  0x00000241bfda4a80 JavaThread "main"                              [_thread_blocked, id=7724, stack(0x00000055c3400000,0x00000055c3500000) (1024K)]
  0x00000241d575d280 JavaThread "Reference Handler"          daemon [_thread_blocked, id=23680, stack(0x00000055c3c00000,0x00000055c3d00000) (1024K)]
  0x00000241d575dce0 JavaThread "Finalizer"                  daemon [_thread_blocked, id=27484, stack(0x00000055c3d00000,0x00000055c3e00000) (1024K)]
  0x00000241d575f9b0 JavaThread "Signal Dispatcher"          daemon [_thread_blocked, id=7180, stack(0x00000055c3e00000,0x00000055c3f00000) (1024K)]
  0x00000241d57608f0 JavaThread "Attach Listener"            daemon [_thread_blocked, id=5636, stack(0x00000055c3f00000,0x00000055c4000000) (1024K)]
  0x00000241d5764800 JavaThread "Service Thread"             daemon [_thread_blocked, id=100, stack(0x00000055c4000000,0x00000055c4100000) (1024K)]
  0x00000241d5761740 JavaThread "Monitor Deflation Thread"   daemon [_thread_blocked, id=22020, stack(0x00000055c4100000,0x00000055c4200000) (1024K)]
  0x00000241d5775980 JavaThread "C2 CompilerThread0"         daemon [_thread_blocked, id=28952, stack(0x00000055c4200000,0x00000055c4300000) (1024K)]
  0x00000241d576abe0 JavaThread "C1 CompilerThread0"         daemon [_thread_blocked, id=28724, stack(0x00000055c4300000,0x00000055c4400000) (1024K)]
  0x00000241d5aa7ed0 JavaThread "Common-Cleaner"             daemon [_thread_blocked, id=28340, stack(0x00000055c4400000,0x00000055c4500000) (1024K)]
  0x00000241d59d1380 JavaThread "Notification Thread"        daemon [_thread_blocked, id=25916, stack(0x00000055c4500000,0x00000055c4600000) (1024K)]
  0x00000241f09f8650 JavaThread "Daemon health stats"               [_thread_blocked, id=31152, stack(0x00000055c4c00000,0x00000055c4d00000) (1024K)]
  0x00000241f0b474e0 JavaThread "Incoming local TCP Connector on port 52759"        [_thread_in_native, id=24280, stack(0x00000055c4d00000,0x00000055c4e00000) (1024K)]
  0x00000241f08d5310 JavaThread "Daemon periodic checks"            [_thread_blocked, id=30292, stack(0x00000055c4e00000,0x00000055c4f00000) (1024K)]
  0x00000241f09ba970 JavaThread "Daemon"                            [_thread_blocked, id=25628, stack(0x00000055c4f00000,0x00000055c5000000) (1024K)]
  0x00000241f0a7c970 JavaThread "Daemon worker"                     [_thread_in_Java, id=23904, stack(0x00000055c5200000,0x00000055c5300000) (1024K)]
  0x00000241f0a7dd20 JavaThread "Cache worker for journal cache (C:\Users\HP\.gradle\caches\journal-1)"        [_thread_blocked, id=22152, stack(0x00000055c5600000,0x00000055c5700000) (1024K)]
  0x00000241f0a7f0d0 JavaThread "File lock request listener"        [_thread_in_native, id=10060, stack(0x00000055c5700000,0x00000055c5800000) (1024K)]
  0x00000241f0a7e3b0 JavaThread "Cache worker for file hash cache (C:\Users\HP\.gradle\caches\8.9\fileHashes)"        [_thread_blocked, id=8004, stack(0x00000055c5800000,0x00000055c5900000) (1024K)]
  0x00000241f1bc5a80 JavaThread "File watcher server"        daemon [_thread_in_native, id=20680, stack(0x00000055c5f00000,0x00000055c6000000) (1024K)]
  0x00000241f1bc6110 JavaThread "File watcher consumer"      daemon [_thread_blocked, id=8208, stack(0x00000055c6000000,0x00000055c6100000) (1024K)]
  0x00000241f1bc4d60 JavaThread "Cache worker for file content cache (C:\Users\HP\.gradle\caches\8.9\fileContent)"        [_thread_blocked, id=28800, stack(0x00000055c6100000,0x00000055c6200000) (1024K)]
  0x00000241f1bc8870 JavaThread "jar transforms"                    [_thread_blocked, id=27592, stack(0x00000055c6400000,0x00000055c6500000) (1024K)]
  0x00000241f1bc9590 JavaThread "jar transforms Thread 2"           [_thread_blocked, id=18516, stack(0x00000055c6500000,0x00000055c6600000) (1024K)]
  0x00000241f1bc74c0 JavaThread "jar transforms Thread 3"           [_thread_blocked, id=29612, stack(0x00000055c4600000,0x00000055c4700000) (1024K)]
  0x00000241f1bc53f0 JavaThread "VFS cleanup"                       [_thread_blocked, id=26384, stack(0x00000055c5300000,0x00000055c5400000) (1024K)]
  0x00000241f464c100 JavaThread "jar transforms Thread 4"           [_thread_blocked, id=15508, stack(0x00000055c6800000,0x00000055c6900000) (1024K)]
  0x00000241f464b3e0 JavaThread "Handler for socket connection from /127.0.0.1:52759 to /127.0.0.1:52794"        [_thread_in_native, id=30632, stack(0x00000055c5000000,0x00000055c5100000) (1024K)]
  0x00000241f464c790 JavaThread "Cancel handler"                    [_thread_blocked, id=24536, stack(0x00000055c5100000,0x00000055c5200000) (1024K)]
  0x00000241f464ce20 JavaThread "Asynchronous log dispatcher for DefaultDaemonConnection: socket connection from /127.0.0.1:52759 to /127.0.0.1:52794"        [_thread_blocked, id=6120, stack(0x00000055c5400000,0x00000055c5500000) (1024K)]
  0x00000241f464d4b0 JavaThread "Stdin handler"                     [_thread_blocked, id=16672, stack(0x00000055c5500000,0x00000055c5600000) (1024K)]
  0x00000241f464ba70 JavaThread "Daemon client event forwarder"        [_thread_blocked, id=9620, stack(0x00000055c5900000,0x00000055c5a00000) (1024K)]
  0x00000241f464a030 JavaThread "Cache worker for file hash cache (C:\Users\HP\Downloads\Ejri Bl 3ishe\Orion\node_modules\expo-modules-autolinking\android\expo-gradle-plugin\.gradle\8.9\fileHashes)"        [_thread_blocked, id=12100, stack(0x00000055c5a00000,0x00000055c5b00000) (1024K)]
  0x00000241f464db40 JavaThread "Cache worker for Build Output Cleanup Cache (C:\Users\HP\Downloads\Ejri Bl 3ishe\Orion\node_modules\expo-modules-autolinking\android\expo-gradle-plugin\.gradle\buildOutputCleanup)"        [_thread_blocked, id=11484, stack(0x00000055c5e00000,0x00000055c5f00000) (1024K)]
  0x00000241f464a6c0 JavaThread "Cache worker for checksums cache (C:\Users\HP\Downloads\Ejri Bl 3ishe\Orion\node_modules\expo-modules-autolinking\android\expo-gradle-plugin\.gradle\8.9\checksums)"        [_thread_blocked, id=12960, stack(0x00000055c6300000,0x00000055c6400000) (1024K)]
  0x00000241f464e1d0 JavaThread "Cache worker for cache directory md-rule (C:\Users\HP\.gradle\caches\8.9\md-rule)"        [_thread_blocked, id=16984, stack(0x00000055c6600000,0x00000055c6700000) (1024K)]
  0x00000241f464ad50 JavaThread "Cache worker for cache directory md-supplier (C:\Users\HP\.gradle\caches\8.9\md-supplier)"        [_thread_blocked, id=16448, stack(0x00000055c6700000,0x00000055c6800000) (1024K)]
  0x00000241f464fc10 JavaThread "Unconstrained build operations"        [_thread_blocked, id=24336, stack(0x00000055c6200000,0x00000055c6300000) (1024K)]
  0x00000241f4650930 JavaThread "Unconstrained build operations Thread 2"        [_thread_blocked, id=30968, stack(0x00000055c6900000,0x00000055c6a00000) (1024K)]
  0x00000241f4651650 JavaThread "Unconstrained build operations Thread 3"        [_thread_blocked, id=27976, stack(0x00000055c6a00000,0x00000055c6b00000) (1024K)]
  0x00000241f464e860 JavaThread "Unconstrained build operations Thread 4"        [_thread_blocked, id=30384, stack(0x00000055c6b00000,0x00000055c6c00000) (1024K)]
  0x00000241f464eef0 JavaThread "Unconstrained build operations Thread 5"        [_thread_blocked, id=4108, stack(0x00000055c6c00000,0x00000055c6d00000) (1024K)]
  0x00000241f1bcafd0 JavaThread "Unconstrained build operations Thread 6"        [_thread_blocked, id=29560, stack(0x00000055c6d00000,0x00000055c6e00000) (1024K)]
  0x00000241f1bc9c20 JavaThread "Unconstrained build operations Thread 7"        [_thread_blocked, id=11644, stack(0x00000055c6e00000,0x00000055c6f00000) (1024K)]
  0x00000241f1bc7b50 JavaThread "Unconstrained build operations Thread 8"        [_thread_blocked, id=21648, stack(0x00000055c6f00000,0x00000055c7000000) (1024K)]
  0x00000241f1bcb660 JavaThread "Unconstrained build operations Thread 9"        [_thread_blocked, id=27932, stack(0x00000055c7000000,0x00000055c7100000) (1024K)]
  0x00000241f1bc81e0 JavaThread "Unconstrained build operations Thread 10"        [_thread_blocked, id=28704, stack(0x00000055c7100000,0x00000055c7200000) (1024K)]
  0x00000241f1bcbcf0 JavaThread "Unconstrained build operations Thread 11"        [_thread_blocked, id=1036, stack(0x00000055c7200000,0x00000055c7300000) (1024K)]
  0x00000241f1bcc380 JavaThread "Unconstrained build operations Thread 12"        [_thread_blocked, id=22608, stack(0x00000055c7300000,0x00000055c7400000) (1024K)]
  0x00000241f0a7c2e0 JavaThread "Unconstrained build operations Thread 13"        [_thread_blocked, id=23684, stack(0x00000055c7400000,0x00000055c7500000) (1024K)]
  0x00000241f0a7d000 JavaThread "Unconstrained build operations Thread 14"        [_thread_blocked, id=29360, stack(0x00000055c7500000,0x00000055c7600000) (1024K)]
=>0x00000241f094f8a0 JavaThread "C2 CompilerThread1"         daemon [_thread_in_native, id=21996, stack(0x00000055c7600000,0x00000055c7700000) (1024K)]
  0x00000241f0a7d690 JavaThread "Unconstrained build operations Thread 15"        [_thread_blocked, id=25108, stack(0x00000055c7700000,0x00000055c7800000) (1024K)]
  0x00000241f32f2840 JavaThread "Unconstrained build operations Thread 16"        [_thread_blocked, id=29764, stack(0x00000055c7800000,0x00000055c7900000) (1024K)]
  0x00000241f32f0e00 JavaThread "Unconstrained build operations Thread 17"        [_thread_blocked, id=17292, stack(0x00000055c7900000,0x00000055c7a00000) (1024K)]
  0x00000241f32f1490 JavaThread "Unconstrained build operations Thread 18"        [_thread_blocked, id=19828, stack(0x00000055c7a00000,0x00000055c7b00000) (1024K)]
  0x00000241f32f0770 JavaThread "Unconstrained build operations Thread 19"        [_thread_blocked, id=26340, stack(0x00000055c7b00000,0x00000055c7c00000) (1024K)]
  0x00000241f32f3560 JavaThread "Unconstrained build operations Thread 20"        [_thread_blocked, id=24932, stack(0x00000055c7c00000,0x00000055c7d00000) (1024K)]
  0x00000241f32f21b0 JavaThread "Unconstrained build operations Thread 21"        [_thread_blocked, id=3096, stack(0x00000055c7d00000,0x00000055c7e00000) (1024K)]
  0x00000241f32f1b20 JavaThread "Memory manager"                    [_thread_blocked, id=27544, stack(0x00000055c7f00000,0x00000055c8000000) (1024K)]
  0x00000241f32f00e0 JavaThread "build event listener"              [_thread_blocked, id=28028, stack(0x00000055c8000000,0x00000055c8100000) (1024K)]
Total: 61

Other Threads:
  0x00000241d573bda0 VMThread "VM Thread"                           [id=16596, stack(0x00000055c3b00000,0x00000055c3c00000) (1024K)]
  0x00000241d572f4a0 WatcherThread "VM Periodic Task Thread"        [id=31368, stack(0x00000055c3a00000,0x00000055c3b00000) (1024K)]
  0x00000241bfdd11d0 WorkerThread "GC Thread#0"                     [id=14220, stack(0x00000055c3500000,0x00000055c3600000) (1024K)]
  0x00000241ef38a310 WorkerThread "GC Thread#1"                     [id=30052, stack(0x00000055c4700000,0x00000055c4800000) (1024K)]
  0x00000241ef90fff0 WorkerThread "GC Thread#2"                     [id=3288, stack(0x00000055c4800000,0x00000055c4900000) (1024K)]
  0x00000241ef7fe9c0 WorkerThread "GC Thread#3"                     [id=20372, stack(0x00000055c4900000,0x00000055c4a00000) (1024K)]
  0x00000241ef0a0010 WorkerThread "GC Thread#4"                     [id=30212, stack(0x00000055c4a00000,0x00000055c4b00000) (1024K)]
  0x00000241ef6d6fd0 WorkerThread "GC Thread#5"                     [id=29072, stack(0x00000055c4b00000,0x00000055c4c00000) (1024K)]
  0x00000241f0bf6120 WorkerThread "GC Thread#6"                     [id=30356, stack(0x00000055c5b00000,0x00000055c5c00000) (1024K)]
  0x00000241f4bc9800 WorkerThread "GC Thread#7"                     [id=29340, stack(0x00000055c5c00000,0x00000055c5d00000) (1024K)]
  0x00000241bfde6020 ConcurrentGCThread "G1 Main Marker"            [id=14420, stack(0x00000055c3600000,0x00000055c3700000) (1024K)]
  0x00000241bfde8090 WorkerThread "G1 Conc#0"                       [id=29200, stack(0x00000055c3700000,0x00000055c3800000) (1024K)]
  0x00000241f4bc6460 WorkerThread "G1 Conc#1"                       [id=31176, stack(0x00000055c5d00000,0x00000055c5e00000) (1024K)]
  0x00000241d55ff670 ConcurrentGCThread "G1 Refine#0"               [id=31408, stack(0x00000055c3800000,0x00000055c3900000) (1024K)]
  0x00000241d55fffa0 ConcurrentGCThread "G1 Service"                [id=18200, stack(0x00000055c3900000,0x00000055c3a00000) (1024K)]
Total: 15

Threads with active compile tasks:
C2 CompilerThread1  19753 7527 %     4       org.gradle.internal.instantiation.generator.AbstractClassGenerator::inspectType @ 250 (560 bytes)
Total: 1

VM state: not at safepoint (normal execution)

VM Mutex/Monitor currently owned by a thread: None

Heap address: 0x00000000e0000000, size: 512 MB, Compressed Oops mode: 32-bit

CDS archive(s) mapped at: [0x00000241d6000000-0x00000241d6ba0000-0x00000241d6ba0000), size 12189696, SharedBaseAddress: 0x00000241d6000000, ArchiveRelocationMode: 1.
Compressed class space mapped at: 0x00000241d7000000-0x00000241eb000000, reserved size: 335544320
Narrow klass base: 0x00000241d6000000, Narrow klass shift: 0, Narrow klass range: 0x100000000

GC Precious Log:
 CardTable entry size: 512
 Card Set container configuration: InlinePtr #cards 5 size 8 Array Of Cards #cards 12 size 40 Howl #buckets 4 coarsen threshold 1843 Howl Bitmap #cards 512 size 80 coarsen threshold 460 Card regions per heap region 1 cards per card region 2048
 CPUs: 8 total, 8 available
 Memory: 24243M
 Large Page Support: Disabled
 NUMA Support: Disabled
 Compressed Oops: Enabled (32-bit)
 Heap Region Size: 1M
 Heap Min Capacity: 256M
 Heap Initial Capacity: 256M
 Heap Max Capacity: 512M
 Pre-touch: Disabled
 Parallel Workers: 8
 Concurrent Workers: 2
 Concurrent Refinement Workers: 8
 Periodic GC: Disabled

Heap:
 garbage-first heap   total 262144K, used 134351K [0x00000000e0000000, 0x0000000100000000)
  region size 1024K, 97 young (99328K), 19 survivors (19456K)
 Metaspace       used 65839K, committed 67904K, reserved 393216K
  class space    used 9619K, committed 10624K, reserved 327680K

Heap Regions: E=young(eden), S=young(survivor), O=old, HS=humongous(starts), HC=humongous(continues), CS=collection set, F=free, TAMS=top-at-mark-start, PB=parsable bottom
|   0|0x00000000e0000000, 0x00000000e0100000, 0x00000000e0100000|100%|HS|  |TAMS 0x00000000e0000000| PB 0x00000000e0000000| Complete 
|   1|0x00000000e0100000, 0x00000000e0200000, 0x00000000e0200000|100%|HC|  |TAMS 0x00000000e0100000| PB 0x00000000e0100000| Complete 
|   2|0x00000000e0200000, 0x00000000e0300000, 0x00000000e0300000|100%|HC|  |TAMS 0x00000000e0200000| PB 0x00000000e0200000| Complete 
|   3|0x00000000e0300000, 0x00000000e0400000, 0x00000000e0400000|100%|HC|  |TAMS 0x00000000e0300000| PB 0x00000000e0300000| Complete 
|   4|0x00000000e0400000, 0x00000000e0500000, 0x00000000e0500000|100%| O|  |TAMS 0x00000000e0400000| PB 0x00000000e0400000| Untracked 
|   5|0x00000000e0500000, 0x00000000e0600000, 0x00000000e0600000|100%| O|  |TAMS 0x00000000e0500000| PB 0x00000000e0500000| Untracked 
|   6|0x00000000e0600000, 0x00000000e0700000, 0x00000000e0700000|100%| O|  |TAMS 0x00000000e0600000| PB 0x00000000e0600000| Untracked 
|   7|0x00000000e0700000, 0x00000000e0800000, 0x00000000e0800000|100%| O|  |TAMS 0x00000000e0700000| PB 0x00000000e0700000| Untracked 
|   8|0x00000000e0800000, 0x00000000e0900000, 0x00000000e0900000|100%| O|  |TAMS 0x00000000e0800000| PB 0x00000000e0800000| Untracked 
|   9|0x00000000e0900000, 0x00000000e0a00000, 0x00000000e0a00000|100%| O|  |TAMS 0x00000000e0900000| PB 0x00000000e0900000| Untracked 
|  10|0x00000000e0a00000, 0x00000000e0b00000, 0x00000000e0b00000|100%| O|  |TAMS 0x00000000e0a00000| PB 0x00000000e0a00000| Untracked 
|  11|0x00000000e0b00000, 0x00000000e0c00000, 0x00000000e0c00000|100%|HS|  |TAMS 0x00000000e0b00000| PB 0x00000000e0b00000| Complete 
|  12|0x00000000e0c00000, 0x00000000e0d00000, 0x00000000e0d00000|100%| O|  |TAMS 0x00000000e0c00000| PB 0x00000000e0c00000| Untracked 
|  13|0x00000000e0d00000, 0x00000000e0e00000, 0x00000000e0e00000|100%| O|  |TAMS 0x00000000e0d00000| PB 0x00000000e0d00000| Untracked 
|  14|0x00000000e0e00000, 0x00000000e0f00000, 0x00000000e0f00000|100%| O|  |TAMS 0x00000000e0e00000| PB 0x00000000e0e00000| Untracked 
|  15|0x00000000e0f00000, 0x00000000e1000000, 0x00000000e1000000|100%| O|  |TAMS 0x00000000e0f00000| PB 0x00000000e0f00000| Untracked 
|  16|0x00000000e1000000, 0x00000000e1100000, 0x00000000e1100000|100%| O|  |TAMS 0x00000000e1000000| PB 0x00000000e1000000| Untracked 
|  17|0x00000000e1100000, 0x00000000e1200000, 0x00000000e1200000|100%| O|  |TAMS 0x00000000e1100000| PB 0x00000000e1100000| Untracked 
|  18|0x00000000e1200000, 0x00000000e1300000, 0x00000000e1300000|100%| O|  |TAMS 0x00000000e1200000| PB 0x00000000e1200000| Untracked 
|  19|0x00000000e1300000, 0x00000000e1400000, 0x00000000e1400000|100%| O|  |TAMS 0x00000000e1300000| PB 0x00000000e1300000| Untracked 
|  20|0x00000000e1400000, 0x00000000e1500000, 0x00000000e1500000|100%| O|  |TAMS 0x00000000e1400000| PB 0x00000000e1400000| Untracked 
|  21|0x00000000e1500000, 0x00000000e1600000, 0x00000000e1600000|100%| O|  |TAMS 0x00000000e1500000| PB 0x00000000e1500000| Untracked 
|  22|0x00000000e1600000, 0x00000000e1700000, 0x00000000e1700000|100%| O|  |TAMS 0x00000000e1600000| PB 0x00000000e1600000| Untracked 
|  23|0x00000000e1700000, 0x00000000e1800000, 0x00000000e1800000|100%| O|Cm|TAMS 0x00000000e1700000| PB 0x00000000e1700000| Complete 
|  24|0x00000000e1800000, 0x00000000e1900000, 0x00000000e1900000|100%| O|  |TAMS 0x00000000e1800000| PB 0x00000000e1800000| Untracked 
|  25|0x00000000e1900000, 0x00000000e1a00000, 0x00000000e1a00000|100%|HS|  |TAMS 0x00000000e1900000| PB 0x00000000e1900000| Complete 
|  26|0x00000000e1a00000, 0x00000000e1b00000, 0x00000000e1b00000|100%|HC|  |TAMS 0x00000000e1a00000| PB 0x00000000e1a00000| Complete 
|  27|0x00000000e1b00000, 0x00000000e1c00000, 0x00000000e1c00000|100%|HC|  |TAMS 0x00000000e1b00000| PB 0x00000000e1b00000| Complete 
|  28|0x00000000e1c00000, 0x00000000e1d00000, 0x00000000e1d00000|100%|HS|  |TAMS 0x00000000e1c00000| PB 0x00000000e1c00000| Complete 
|  29|0x00000000e1d00000, 0x00000000e1e00000, 0x00000000e1e00000|100%|HC|  |TAMS 0x00000000e1d00000| PB 0x00000000e1d00000| Complete 
|  30|0x00000000e1e00000, 0x00000000e1f00000, 0x00000000e1f00000|100%|HC|  |TAMS 0x00000000e1e00000| PB 0x00000000e1e00000| Complete 
|  31|0x00000000e1f00000, 0x00000000e2000000, 0x00000000e2000000|100%| O|  |TAMS 0x00000000e1f00000| PB 0x00000000e1f00000| Untracked 
|  32|0x00000000e2000000, 0x00000000e2100000, 0x00000000e2100000|100%| O|  |TAMS 0x00000000e2000000| PB 0x00000000e2000000| Untracked 
|  33|0x00000000e2100000, 0x00000000e2200000, 0x00000000e2200000|100%| O|  |TAMS 0x00000000e2100000| PB 0x00000000e2100000| Untracked 
|  34|0x00000000e2200000, 0x00000000e2300000, 0x00000000e2300000|100%| O|  |TAMS 0x00000000e2200000| PB 0x00000000e2200000| Untracked 
|  35|0x00000000e2300000, 0x00000000e2400000, 0x00000000e2400000|100%| O|  |TAMS 0x00000000e2300000| PB 0x00000000e2300000| Untracked 
|  36|0x00000000e2400000, 0x00000000e24de290, 0x00000000e2500000| 86%| O|  |TAMS 0x00000000e2400000| PB 0x00000000e2400000| Untracked 
|  37|0x00000000e2500000, 0x00000000e2500000, 0x00000000e2600000|  0%| F|  |TAMS 0x00000000e2500000| PB 0x00000000e2500000| Untracked 
|  38|0x00000000e2600000, 0x00000000e2600000, 0x00000000e2700000|  0%| F|  |TAMS 0x00000000e2600000| PB 0x00000000e2600000| Untracked 
|  39|0x00000000e2700000, 0x00000000e2700000, 0x00000000e2800000|  0%| F|  |TAMS 0x00000000e2700000| PB 0x00000000e2700000| Untracked 
|  40|0x00000000e2800000, 0x00000000e2800000, 0x00000000e2900000|  0%| F|  |TAMS 0x00000000e2800000| PB 0x00000000e2800000| Untracked 
|  41|0x00000000e2900000, 0x00000000e2900000, 0x00000000e2a00000|  0%| F|  |TAMS 0x00000000e2900000| PB 0x00000000e2900000| Untracked 
|  42|0x00000000e2a00000, 0x00000000e2a00000, 0x00000000e2b00000|  0%| F|  |TAMS 0x00000000e2a00000| PB 0x00000000e2a00000| Untracked 
|  43|0x00000000e2b00000, 0x00000000e2b00000, 0x00000000e2c00000|  0%| F|  |TAMS 0x00000000e2b00000| PB 0x00000000e2b00000| Untracked 
|  44|0x00000000e2c00000, 0x00000000e2c00000, 0x00000000e2d00000|  0%| F|  |TAMS 0x00000000e2c00000| PB 0x00000000e2c00000| Untracked 
|  45|0x00000000e2d00000, 0x00000000e2d00000, 0x00000000e2e00000|  0%| F|  |TAMS 0x00000000e2d00000| PB 0x00000000e2d00000| Untracked 
|  46|0x00000000e2e00000, 0x00000000e2e00000, 0x00000000e2f00000|  0%| F|  |TAMS 0x00000000e2e00000| PB 0x00000000e2e00000| Untracked 
|  47|0x00000000e2f00000, 0x00000000e2f00000, 0x00000000e3000000|  0%| F|  |TAMS 0x00000000e2f00000| PB 0x00000000e2f00000| Untracked 
|  48|0x00000000e3000000, 0x00000000e3000000, 0x00000000e3100000|  0%| F|  |TAMS 0x00000000e3000000| PB 0x00000000e3000000| Untracked 
|  49|0x00000000e3100000, 0x00000000e3100000, 0x00000000e3200000|  0%| F|  |TAMS 0x00000000e3100000| PB 0x00000000e3100000| Untracked 
|  50|0x00000000e3200000, 0x00000000e3200000, 0x00000000e3300000|  0%| F|  |TAMS 0x00000000e3200000| PB 0x00000000e3200000| Untracked 
|  51|0x00000000e3300000, 0x00000000e3300000, 0x00000000e3400000|  0%| F|  |TAMS 0x00000000e3300000| PB 0x00000000e3300000| Untracked 
|  52|0x00000000e3400000, 0x00000000e3400000, 0x00000000e3500000|  0%| F|  |TAMS 0x00000000e3400000| PB 0x00000000e3400000| Untracked 
|  53|0x00000000e3500000, 0x00000000e3500000, 0x00000000e3600000|  0%| F|  |TAMS 0x00000000e3500000| PB 0x00000000e3500000| Untracked 
|  54|0x00000000e3600000, 0x00000000e3600000, 0x00000000e3700000|  0%| F|  |TAMS 0x00000000e3600000| PB 0x00000000e3600000| Untracked 
|  55|0x00000000e3700000, 0x00000000e3700000, 0x00000000e3800000|  0%| F|  |TAMS 0x00000000e3700000| PB 0x00000000e3700000| Untracked 
|  56|0x00000000e3800000, 0x00000000e3800000, 0x00000000e3900000|  0%| F|  |TAMS 0x00000000e3800000| PB 0x00000000e3800000| Untracked 
|  57|0x00000000e3900000, 0x00000000e3900000, 0x00000000e3a00000|  0%| F|  |TAMS 0x00000000e3900000| PB 0x00000000e3900000| Untracked 
|  58|0x00000000e3a00000, 0x00000000e3a00000, 0x00000000e3b00000|  0%| F|  |TAMS 0x00000000e3a00000| PB 0x00000000e3a00000| Untracked 
|  59|0x00000000e3b00000, 0x00000000e3b00000, 0x00000000e3c00000|  0%| F|  |TAMS 0x00000000e3b00000| PB 0x00000000e3b00000| Untracked 
|  60|0x00000000e3c00000, 0x00000000e3c00000, 0x00000000e3d00000|  0%| F|  |TAMS 0x00000000e3c00000| PB 0x00000000e3c00000| Untracked 
|  61|0x00000000e3d00000, 0x00000000e3d00000, 0x00000000e3e00000|  0%| F|  |TAMS 0x00000000e3d00000| PB 0x00000000e3d00000| Untracked 
|  62|0x00000000e3e00000, 0x00000000e3e00000, 0x00000000e3f00000|  0%| F|  |TAMS 0x00000000e3e00000| PB 0x00000000e3e00000| Untracked 
|  63|0x00000000e3f00000, 0x00000000e3f00000, 0x00000000e4000000|  0%| F|  |TAMS 0x00000000e3f00000| PB 0x00000000e3f00000| Untracked 
|  64|0x00000000e4000000, 0x00000000e4000000, 0x00000000e4100000|  0%| F|  |TAMS 0x00000000e4000000| PB 0x00000000e4000000| Untracked 
|  65|0x00000000e4100000, 0x00000000e4100000, 0x00000000e4200000|  0%| F|  |TAMS 0x00000000e4100000| PB 0x00000000e4100000| Untracked 
|  66|0x00000000e4200000, 0x00000000e4200000, 0x00000000e4300000|  0%| F|  |TAMS 0x00000000e4200000| PB 0x00000000e4200000| Untracked 
|  67|0x00000000e4300000, 0x00000000e4300000, 0x00000000e4400000|  0%| F|  |TAMS 0x00000000e4300000| PB 0x00000000e4300000| Untracked 
|  68|0x00000000e4400000, 0x00000000e4400000, 0x00000000e4500000|  0%| F|  |TAMS 0x00000000e4400000| PB 0x00000000e4400000| Untracked 
|  69|0x00000000e4500000, 0x00000000e4500000, 0x00000000e4600000|  0%| F|  |TAMS 0x00000000e4500000| PB 0x00000000e4500000| Untracked 
|  70|0x00000000e4600000, 0x00000000e4600000, 0x00000000e4700000|  0%| F|  |TAMS 0x00000000e4600000| PB 0x00000000e4600000| Untracked 
|  71|0x00000000e4700000, 0x00000000e4700000, 0x00000000e4800000|  0%| F|  |TAMS 0x00000000e4700000| PB 0x00000000e4700000| Untracked 
|  72|0x00000000e4800000, 0x00000000e4800000, 0x00000000e4900000|  0%| F|  |TAMS 0x00000000e4800000| PB 0x00000000e4800000| Untracked 
|  73|0x00000000e4900000, 0x00000000e4900000, 0x00000000e4a00000|  0%| F|  |TAMS 0x00000000e4900000| PB 0x00000000e4900000| Untracked 
|  74|0x00000000e4a00000, 0x00000000e4a00000, 0x00000000e4b00000|  0%| F|  |TAMS 0x00000000e4a00000| PB 0x00000000e4a00000| Untracked 
|  75|0x00000000e4b00000, 0x00000000e4b00000, 0x00000000e4c00000|  0%| F|  |TAMS 0x00000000e4b00000| PB 0x00000000e4b00000| Untracked 
|  76|0x00000000e4c00000, 0x00000000e4c00000, 0x00000000e4d00000|  0%| F|  |TAMS 0x00000000e4c00000| PB 0x00000000e4c00000| Untracked 
|  77|0x00000000e4d00000, 0x00000000e4d00000, 0x00000000e4e00000|  0%| F|  |TAMS 0x00000000e4d00000| PB 0x00000000e4d00000| Untracked 
|  78|0x00000000e4e00000, 0x00000000e4e00000, 0x00000000e4f00000|  0%| F|  |TAMS 0x00000000e4e00000| PB 0x00000000e4e00000| Untracked 
|  79|0x00000000e4f00000, 0x00000000e4f00000, 0x00000000e5000000|  0%| F|  |TAMS 0x00000000e4f00000| PB 0x00000000e4f00000| Untracked 
|  80|0x00000000e5000000, 0x00000000e5000000, 0x00000000e5100000|  0%| F|  |TAMS 0x00000000e5000000| PB 0x00000000e5000000| Untracked 
|  81|0x00000000e5100000, 0x00000000e5100000, 0x00000000e5200000|  0%| F|  |TAMS 0x00000000e5100000| PB 0x00000000e5100000| Untracked 
|  82|0x00000000e5200000, 0x00000000e5200000, 0x00000000e5300000|  0%| F|  |TAMS 0x00000000e5200000| PB 0x00000000e5200000| Untracked 
|  83|0x00000000e5300000, 0x00000000e5300000, 0x00000000e5400000|  0%| F|  |TAMS 0x00000000e5300000| PB 0x00000000e5300000| Untracked 
|  84|0x00000000e5400000, 0x00000000e5400000, 0x00000000e5500000|  0%| F|  |TAMS 0x00000000e5400000| PB 0x00000000e5400000| Untracked 
|  85|0x00000000e5500000, 0x00000000e5500000, 0x00000000e5600000|  0%| F|  |TAMS 0x00000000e5500000| PB 0x00000000e5500000| Untracked 
|  86|0x00000000e5600000, 0x00000000e5600000, 0x00000000e5700000|  0%| F|  |TAMS 0x00000000e5600000| PB 0x00000000e5600000| Untracked 
|  87|0x00000000e5700000, 0x00000000e5700000, 0x00000000e5800000|  0%| F|  |TAMS 0x00000000e5700000| PB 0x00000000e5700000| Untracked 
|  88|0x00000000e5800000, 0x00000000e5800000, 0x00000000e5900000|  0%| F|  |TAMS 0x00000000e5800000| PB 0x00000000e5800000| Untracked 
|  89|0x00000000e5900000, 0x00000000e5900000, 0x00000000e5a00000|  0%| F|  |TAMS 0x00000000e5900000| PB 0x00000000e5900000| Untracked 
|  90|0x00000000e5a00000, 0x00000000e5a00000, 0x00000000e5b00000|  0%| F|  |TAMS 0x00000000e5a00000| PB 0x00000000e5a00000| Untracked 
|  91|0x00000000e5b00000, 0x00000000e5b00000, 0x00000000e5c00000|  0%| F|  |TAMS 0x00000000e5b00000| PB 0x00000000e5b00000| Untracked 
|  92|0x00000000e5c00000, 0x00000000e5c00000, 0x00000000e5d00000|  0%| F|  |TAMS 0x00000000e5c00000| PB 0x00000000e5c00000| Untracked 
|  93|0x00000000e5d00000, 0x00000000e5d00000, 0x00000000e5e00000|  0%| F|  |TAMS 0x00000000e5d00000| PB 0x00000000e5d00000| Untracked 
|  94|0x00000000e5e00000, 0x00000000e5e00000, 0x00000000e5f00000|  0%| F|  |TAMS 0x00000000e5e00000| PB 0x00000000e5e00000| Untracked 
|  95|0x00000000e5f00000, 0x00000000e5f00000, 0x00000000e6000000|  0%| F|  |TAMS 0x00000000e5f00000| PB 0x00000000e5f00000| Untracked 
|  96|0x00000000e6000000, 0x00000000e6000000, 0x00000000e6100000|  0%| F|  |TAMS 0x00000000e6000000| PB 0x00000000e6000000| Untracked 
|  97|0x00000000e6100000, 0x00000000e6100000, 0x00000000e6200000|  0%| F|  |TAMS 0x00000000e6100000| PB 0x00000000e6100000| Untracked 
|  98|0x00000000e6200000, 0x00000000e6200000, 0x00000000e6300000|  0%| F|  |TAMS 0x00000000e6200000| PB 0x00000000e6200000| Untracked 
|  99|0x00000000e6300000, 0x00000000e6300000, 0x00000000e6400000|  0%| F|  |TAMS 0x00000000e6300000| PB 0x00000000e6300000| Untracked 
| 100|0x00000000e6400000, 0x00000000e6400000, 0x00000000e6500000|  0%| F|  |TAMS 0x00000000e6400000| PB 0x00000000e6400000| Untracked 
| 101|0x00000000e6500000, 0x00000000e6500000, 0x00000000e6600000|  0%| F|  |TAMS 0x00000000e6500000| PB 0x00000000e6500000| Untracked 
| 102|0x00000000e6600000, 0x00000000e6600000, 0x00000000e6700000|  0%| F|  |TAMS 0x00000000e6600000| PB 0x00000000e6600000| Untracked 
| 103|0x00000000e6700000, 0x00000000e6700000, 0x00000000e6800000|  0%| F|  |TAMS 0x00000000e6700000| PB 0x00000000e6700000| Untracked 
| 104|0x00000000e6800000, 0x00000000e6800000, 0x00000000e6900000|  0%| F|  |TAMS 0x00000000e6800000| PB 0x00000000e6800000| Untracked 
| 105|0x00000000e6900000, 0x00000000e6900000, 0x00000000e6a00000|  0%| F|  |TAMS 0x00000000e6900000| PB 0x00000000e6900000| Untracked 
| 106|0x00000000e6a00000, 0x00000000e6a00000, 0x00000000e6b00000|  0%| F|  |TAMS 0x00000000e6a00000| PB 0x00000000e6a00000| Untracked 
| 107|0x00000000e6b00000, 0x00000000e6b00000, 0x00000000e6c00000|  0%| F|  |TAMS 0x00000000e6b00000| PB 0x00000000e6b00000| Untracked 
| 108|0x00000000e6c00000, 0x00000000e6c00000, 0x00000000e6d00000|  0%| F|  |TAMS 0x00000000e6c00000| PB 0x00000000e6c00000| Untracked 
| 109|0x00000000e6d00000, 0x00000000e6d00000, 0x00000000e6e00000|  0%| F|  |TAMS 0x00000000e6d00000| PB 0x00000000e6d00000| Untracked 
| 110|0x00000000e6e00000, 0x00000000e6e00000, 0x00000000e6f00000|  0%| F|  |TAMS 0x00000000e6e00000| PB 0x00000000e6e00000| Untracked 
| 111|0x00000000e6f00000, 0x00000000e6f00000, 0x00000000e7000000|  0%| F|  |TAMS 0x00000000e6f00000| PB 0x00000000e6f00000| Untracked 
| 112|0x00000000e7000000, 0x00000000e7000000, 0x00000000e7100000|  0%| F|  |TAMS 0x00000000e7000000| PB 0x00000000e7000000| Untracked 
| 113|0x00000000e7100000, 0x00000000e7100000, 0x00000000e7200000|  0%| F|  |TAMS 0x00000000e7100000| PB 0x00000000e7100000| Untracked 
| 114|0x00000000e7200000, 0x00000000e7200000, 0x00000000e7300000|  0%| F|  |TAMS 0x00000000e7200000| PB 0x00000000e7200000| Untracked 
| 115|0x00000000e7300000, 0x00000000e7300000, 0x00000000e7400000|  0%| F|  |TAMS 0x00000000e7300000| PB 0x00000000e7300000| Untracked 
| 116|0x00000000e7400000, 0x00000000e7400000, 0x00000000e7500000|  0%| F|  |TAMS 0x00000000e7400000| PB 0x00000000e7400000| Untracked 
| 117|0x00000000e7500000, 0x00000000e7500000, 0x00000000e7600000|  0%| F|  |TAMS 0x00000000e7500000| PB 0x00000000e7500000| Untracked 
| 118|0x00000000e7600000, 0x00000000e7600000, 0x00000000e7700000|  0%| F|  |TAMS 0x00000000e7600000| PB 0x00000000e7600000| Untracked 
| 119|0x00000000e7700000, 0x00000000e7700000, 0x00000000e7800000|  0%| F|  |TAMS 0x00000000e7700000| PB 0x00000000e7700000| Untracked 
| 120|0x00000000e7800000, 0x00000000e7855ab8, 0x00000000e7900000| 33%| S|CS|TAMS 0x00000000e7800000| PB 0x00000000e7800000| Complete 
| 121|0x00000000e7900000, 0x00000000e7a00000, 0x00000000e7a00000|100%| S|CS|TAMS 0x00000000e7900000| PB 0x00000000e7900000| Complete 
| 122|0x00000000e7a00000, 0x00000000e7b00000, 0x00000000e7b00000|100%| S|CS|TAMS 0x00000000e7a00000| PB 0x00000000e7a00000| Complete 
| 123|0x00000000e7b00000, 0x00000000e7c00000, 0x00000000e7c00000|100%| S|CS|TAMS 0x00000000e7b00000| PB 0x00000000e7b00000| Complete 
| 124|0x00000000e7c00000, 0x00000000e7d00000, 0x00000000e7d00000|100%| S|CS|TAMS 0x00000000e7c00000| PB 0x00000000e7c00000| Complete 
| 125|0x00000000e7d00000, 0x00000000e7e00000, 0x00000000e7e00000|100%| S|CS|TAMS 0x00000000e7d00000| PB 0x00000000e7d00000| Complete 
| 126|0x00000000e7e00000, 0x00000000e7f00000, 0x00000000e7f00000|100%| S|CS|TAMS 0x00000000e7e00000| PB 0x00000000e7e00000| Complete 
| 127|0x00000000e7f00000, 0x00000000e8000000, 0x00000000e8000000|100%| S|CS|TAMS 0x00000000e7f00000| PB 0x00000000e7f00000| Complete 
| 128|0x00000000e8000000, 0x00000000e8100000, 0x00000000e8100000|100%| S|CS|TAMS 0x00000000e8000000| PB 0x00000000e8000000| Complete 
| 129|0x00000000e8100000, 0x00000000e8200000, 0x00000000e8200000|100%| S|CS|TAMS 0x00000000e8100000| PB 0x00000000e8100000| Complete 
| 130|0x00000000e8200000, 0x00000000e8300000, 0x00000000e8300000|100%| S|CS|TAMS 0x00000000e8200000| PB 0x00000000e8200000| Complete 
| 131|0x00000000e8300000, 0x00000000e8400000, 0x00000000e8400000|100%| S|CS|TAMS 0x00000000e8300000| PB 0x00000000e8300000| Complete 
| 132|0x00000000e8400000, 0x00000000e8500000, 0x00000000e8500000|100%| S|CS|TAMS 0x00000000e8400000| PB 0x00000000e8400000| Complete 
| 133|0x00000000e8500000, 0x00000000e8600000, 0x00000000e8600000|100%| S|CS|TAMS 0x00000000e8500000| PB 0x00000000e8500000| Complete 
| 134|0x00000000e8600000, 0x00000000e8700000, 0x00000000e8700000|100%| S|CS|TAMS 0x00000000e8600000| PB 0x00000000e8600000| Complete 
| 135|0x00000000e8700000, 0x00000000e8800000, 0x00000000e8800000|100%| S|CS|TAMS 0x00000000e8700000| PB 0x00000000e8700000| Complete 
| 136|0x00000000e8800000, 0x00000000e8900000, 0x00000000e8900000|100%| S|CS|TAMS 0x00000000e8800000| PB 0x00000000e8800000| Complete 
| 137|0x00000000e8900000, 0x00000000e8a00000, 0x00000000e8a00000|100%| S|CS|TAMS 0x00000000e8900000| PB 0x00000000e8900000| Complete 
| 138|0x00000000e8a00000, 0x00000000e8b00000, 0x00000000e8b00000|100%| S|CS|TAMS 0x00000000e8a00000| PB 0x00000000e8a00000| Complete 
| 139|0x00000000e8b00000, 0x00000000e8b00000, 0x00000000e8c00000|  0%| F|  |TAMS 0x00000000e8b00000| PB 0x00000000e8b00000| Untracked 
| 140|0x00000000e8c00000, 0x00000000e8c00000, 0x00000000e8d00000|  0%| F|  |TAMS 0x00000000e8c00000| PB 0x00000000e8c00000| Untracked 
| 141|0x00000000e8d00000, 0x00000000e8d00000, 0x00000000e8e00000|  0%| F|  |TAMS 0x00000000e8d00000| PB 0x00000000e8d00000| Untracked 
| 142|0x00000000e8e00000, 0x00000000e8e00000, 0x00000000e8f00000|  0%| F|  |TAMS 0x00000000e8e00000| PB 0x00000000e8e00000| Untracked 
| 143|0x00000000e8f00000, 0x00000000e8f00000, 0x00000000e9000000|  0%| F|  |TAMS 0x00000000e8f00000| PB 0x00000000e8f00000| Untracked 
| 144|0x00000000e9000000, 0x00000000e9000000, 0x00000000e9100000|  0%| F|  |TAMS 0x00000000e9000000| PB 0x00000000e9000000| Untracked 
| 145|0x00000000e9100000, 0x00000000e9100000, 0x00000000e9200000|  0%| F|  |TAMS 0x00000000e9100000| PB 0x00000000e9100000| Untracked 
| 146|0x00000000e9200000, 0x00000000e9200000, 0x00000000e9300000|  0%| F|  |TAMS 0x00000000e9200000| PB 0x00000000e9200000| Untracked 
| 147|0x00000000e9300000, 0x00000000e9300000, 0x00000000e9400000|  0%| F|  |TAMS 0x00000000e9300000| PB 0x00000000e9300000| Untracked 
| 148|0x00000000e9400000, 0x00000000e9400000, 0x00000000e9500000|  0%| F|  |TAMS 0x00000000e9400000| PB 0x00000000e9400000| Untracked 
| 149|0x00000000e9500000, 0x00000000e9500000, 0x00000000e9600000|  0%| F|  |TAMS 0x00000000e9500000| PB 0x00000000e9500000| Untracked 
| 150|0x00000000e9600000, 0x00000000e9600000, 0x00000000e9700000|  0%| F|  |TAMS 0x00000000e9600000| PB 0x00000000e9600000| Untracked 
| 151|0x00000000e9700000, 0x00000000e9700000, 0x00000000e9800000|  0%| F|  |TAMS 0x00000000e9700000| PB 0x00000000e9700000| Untracked 
| 152|0x00000000e9800000, 0x00000000e9800000, 0x00000000e9900000|  0%| F|  |TAMS 0x00000000e9800000| PB 0x00000000e9800000| Untracked 
| 153|0x00000000e9900000, 0x00000000e9900000, 0x00000000e9a00000|  0%| F|  |TAMS 0x00000000e9900000| PB 0x00000000e9900000| Untracked 
| 154|0x00000000e9a00000, 0x00000000e9a00000, 0x00000000e9b00000|  0%| F|  |TAMS 0x00000000e9a00000| PB 0x00000000e9a00000| Untracked 
| 155|0x00000000e9b00000, 0x00000000e9b00000, 0x00000000e9c00000|  0%| F|  |TAMS 0x00000000e9b00000| PB 0x00000000e9b00000| Untracked 
| 156|0x00000000e9c00000, 0x00000000e9c00000, 0x00000000e9d00000|  0%| F|  |TAMS 0x00000000e9c00000| PB 0x00000000e9c00000| Untracked 
| 157|0x00000000e9d00000, 0x00000000e9d00000, 0x00000000e9e00000|  0%| F|  |TAMS 0x00000000e9d00000| PB 0x00000000e9d00000| Untracked 
| 158|0x00000000e9e00000, 0x00000000e9e00000, 0x00000000e9f00000|  0%| F|  |TAMS 0x00000000e9e00000| PB 0x00000000e9e00000| Untracked 
| 159|0x00000000e9f00000, 0x00000000e9f00000, 0x00000000ea000000|  0%| F|  |TAMS 0x00000000e9f00000| PB 0x00000000e9f00000| Untracked 
| 160|0x00000000ea000000, 0x00000000ea000000, 0x00000000ea100000|  0%| F|  |TAMS 0x00000000ea000000| PB 0x00000000ea000000| Untracked 
| 161|0x00000000ea100000, 0x00000000ea100000, 0x00000000ea200000|  0%| F|  |TAMS 0x00000000ea100000| PB 0x00000000ea100000| Untracked 
| 162|0x00000000ea200000, 0x00000000ea200000, 0x00000000ea300000|  0%| F|  |TAMS 0x00000000ea200000| PB 0x00000000ea200000| Untracked 
| 163|0x00000000ea300000, 0x00000000ea300000, 0x00000000ea400000|  0%| F|  |TAMS 0x00000000ea300000| PB 0x00000000ea300000| Untracked 
| 164|0x00000000ea400000, 0x00000000ea400000, 0x00000000ea500000|  0%| F|  |TAMS 0x00000000ea400000| PB 0x00000000ea400000| Untracked 
| 165|0x00000000ea500000, 0x00000000ea500000, 0x00000000ea600000|  0%| F|  |TAMS 0x00000000ea500000| PB 0x00000000ea500000| Untracked 
| 166|0x00000000ea600000, 0x00000000ea600000, 0x00000000ea700000|  0%| F|  |TAMS 0x00000000ea600000| PB 0x00000000ea600000| Untracked 
| 167|0x00000000ea700000, 0x00000000ea700000, 0x00000000ea800000|  0%| F|  |TAMS 0x00000000ea700000| PB 0x00000000ea700000| Untracked 
| 168|0x00000000ea800000, 0x00000000ea800000, 0x00000000ea900000|  0%| F|  |TAMS 0x00000000ea800000| PB 0x00000000ea800000| Untracked 
| 169|0x00000000ea900000, 0x00000000ea900000, 0x00000000eaa00000|  0%| F|  |TAMS 0x00000000ea900000| PB 0x00000000ea900000| Untracked 
| 170|0x00000000eaa00000, 0x00000000eaa00000, 0x00000000eab00000|  0%| F|  |TAMS 0x00000000eaa00000| PB 0x00000000eaa00000| Untracked 
| 171|0x00000000eab00000, 0x00000000eab00000, 0x00000000eac00000|  0%| F|  |TAMS 0x00000000eab00000| PB 0x00000000eab00000| Untracked 
| 172|0x00000000eac00000, 0x00000000eac00000, 0x00000000ead00000|  0%| F|  |TAMS 0x00000000eac00000| PB 0x00000000eac00000| Untracked 
| 173|0x00000000ead00000, 0x00000000ead00000, 0x00000000eae00000|  0%| F|  |TAMS 0x00000000ead00000| PB 0x00000000ead00000| Untracked 
| 174|0x00000000eae00000, 0x00000000eae00000, 0x00000000eaf00000|  0%| F|  |TAMS 0x00000000eae00000| PB 0x00000000eae00000| Untracked 
| 175|0x00000000eaf00000, 0x00000000eaf00000, 0x00000000eb000000|  0%| F|  |TAMS 0x00000000eaf00000| PB 0x00000000eaf00000| Untracked 
| 176|0x00000000eb000000, 0x00000000eb000000, 0x00000000eb100000|  0%| F|  |TAMS 0x00000000eb000000| PB 0x00000000eb000000| Untracked 
| 177|0x00000000eb100000, 0x00000000eb100000, 0x00000000eb200000|  0%| F|  |TAMS 0x00000000eb100000| PB 0x00000000eb100000| Untracked 
| 178|0x00000000eb200000, 0x00000000eb300000, 0x00000000eb300000|100%| E|  |TAMS 0x00000000eb200000| PB 0x00000000eb200000| Complete 
| 179|0x00000000eb300000, 0x00000000eb400000, 0x00000000eb400000|100%| E|CS|TAMS 0x00000000eb300000| PB 0x00000000eb300000| Complete 
| 180|0x00000000eb400000, 0x00000000eb500000, 0x00000000eb500000|100%| E|CS|TAMS 0x00000000eb400000| PB 0x00000000eb400000| Complete 
| 181|0x00000000eb500000, 0x00000000eb600000, 0x00000000eb600000|100%| E|CS|TAMS 0x00000000eb500000| PB 0x00000000eb500000| Complete 
| 182|0x00000000eb600000, 0x00000000eb700000, 0x00000000eb700000|100%| E|CS|TAMS 0x00000000eb600000| PB 0x00000000eb600000| Complete 
| 183|0x00000000eb700000, 0x00000000eb800000, 0x00000000eb800000|100%| E|CS|TAMS 0x00000000eb700000| PB 0x00000000eb700000| Complete 
| 184|0x00000000eb800000, 0x00000000eb900000, 0x00000000eb900000|100%| E|CS|TAMS 0x00000000eb800000| PB 0x00000000eb800000| Complete 
| 185|0x00000000eb900000, 0x00000000eba00000, 0x00000000eba00000|100%| E|CS|TAMS 0x00000000eb900000| PB 0x00000000eb900000| Complete 
| 186|0x00000000eba00000, 0x00000000ebb00000, 0x00000000ebb00000|100%| E|CS|TAMS 0x00000000eba00000| PB 0x00000000eba00000| Complete 
| 187|0x00000000ebb00000, 0x00000000ebc00000, 0x00000000ebc00000|100%| E|CS|TAMS 0x00000000ebb00000| PB 0x00000000ebb00000| Complete 
| 188|0x00000000ebc00000, 0x00000000ebd00000, 0x00000000ebd00000|100%| E|CS|TAMS 0x00000000ebc00000| PB 0x00000000ebc00000| Complete 
| 189|0x00000000ebd00000, 0x00000000ebe00000, 0x00000000ebe00000|100%| E|CS|TAMS 0x00000000ebd00000| PB 0x00000000ebd00000| Complete 
| 190|0x00000000ebe00000, 0x00000000ebf00000, 0x00000000ebf00000|100%| E|CS|TAMS 0x00000000ebe00000| PB 0x00000000ebe00000| Complete 
| 191|0x00000000ebf00000, 0x00000000ec000000, 0x00000000ec000000|100%| E|CS|TAMS 0x00000000ebf00000| PB 0x00000000ebf00000| Complete 
| 192|0x00000000ec000000, 0x00000000ec100000, 0x00000000ec100000|100%| E|CS|TAMS 0x00000000ec000000| PB 0x00000000ec000000| Complete 
| 193|0x00000000ec100000, 0x00000000ec200000, 0x00000000ec200000|100%| E|CS|TAMS 0x00000000ec100000| PB 0x00000000ec100000| Complete 
| 194|0x00000000ec200000, 0x00000000ec300000, 0x00000000ec300000|100%| E|CS|TAMS 0x00000000ec200000| PB 0x00000000ec200000| Complete 
| 195|0x00000000ec300000, 0x00000000ec400000, 0x00000000ec400000|100%| E|CS|TAMS 0x00000000ec300000| PB 0x00000000ec300000| Complete 
| 196|0x00000000ec400000, 0x00000000ec500000, 0x00000000ec500000|100%| E|CS|TAMS 0x00000000ec400000| PB 0x00000000ec400000| Complete 
| 197|0x00000000ec500000, 0x00000000ec600000, 0x00000000ec600000|100%| E|CS|TAMS 0x00000000ec500000| PB 0x00000000ec500000| Complete 
| 198|0x00000000ec600000, 0x00000000ec700000, 0x00000000ec700000|100%| E|CS|TAMS 0x00000000ec600000| PB 0x00000000ec600000| Complete 
| 199|0x00000000ec700000, 0x00000000ec800000, 0x00000000ec800000|100%| E|CS|TAMS 0x00000000ec700000| PB 0x00000000ec700000| Complete 
| 200|0x00000000ec800000, 0x00000000ec900000, 0x00000000ec900000|100%| E|CS|TAMS 0x00000000ec800000| PB 0x00000000ec800000| Complete 
| 201|0x00000000ec900000, 0x00000000eca00000, 0x00000000eca00000|100%| E|CS|TAMS 0x00000000ec900000| PB 0x00000000ec900000| Complete 
| 202|0x00000000eca00000, 0x00000000ecb00000, 0x00000000ecb00000|100%| E|CS|TAMS 0x00000000eca00000| PB 0x00000000eca00000| Complete 
| 203|0x00000000ecb00000, 0x00000000ecc00000, 0x00000000ecc00000|100%| E|CS|TAMS 0x00000000ecb00000| PB 0x00000000ecb00000| Complete 
| 204|0x00000000ecc00000, 0x00000000ecd00000, 0x00000000ecd00000|100%| E|CS|TAMS 0x00000000ecc00000| PB 0x00000000ecc00000| Complete 
| 205|0x00000000ecd00000, 0x00000000ece00000, 0x00000000ece00000|100%| E|CS|TAMS 0x00000000ecd00000| PB 0x00000000ecd00000| Complete 
| 206|0x00000000ece00000, 0x00000000ecf00000, 0x00000000ecf00000|100%| E|CS|TAMS 0x00000000ece00000| PB 0x00000000ece00000| Complete 
| 207|0x00000000ecf00000, 0x00000000ed000000, 0x00000000ed000000|100%| E|CS|TAMS 0x00000000ecf00000| PB 0x00000000ecf00000| Complete 
| 208|0x00000000ed000000, 0x00000000ed100000, 0x00000000ed100000|100%| E|CS|TAMS 0x00000000ed000000| PB 0x00000000ed000000| Complete 
| 209|0x00000000ed100000, 0x00000000ed200000, 0x00000000ed200000|100%| E|  |TAMS 0x00000000ed100000| PB 0x00000000ed100000| Complete 
| 210|0x00000000ed200000, 0x00000000ed300000, 0x00000000ed300000|100%| E|CS|TAMS 0x00000000ed200000| PB 0x00000000ed200000| Complete 
| 211|0x00000000ed300000, 0x00000000ed400000, 0x00000000ed400000|100%| E|CS|TAMS 0x00000000ed300000| PB 0x00000000ed300000| Complete 
| 212|0x00000000ed400000, 0x00000000ed500000, 0x00000000ed500000|100%| E|CS|TAMS 0x00000000ed400000| PB 0x00000000ed400000| Complete 
| 213|0x00000000ed500000, 0x00000000ed600000, 0x00000000ed600000|100%| E|CS|TAMS 0x00000000ed500000| PB 0x00000000ed500000| Complete 
| 214|0x00000000ed600000, 0x00000000ed700000, 0x00000000ed700000|100%| E|CS|TAMS 0x00000000ed600000| PB 0x00000000ed600000| Complete 
| 215|0x00000000ed700000, 0x00000000ed800000, 0x00000000ed800000|100%| E|CS|TAMS 0x00000000ed700000| PB 0x00000000ed700000| Complete 
| 216|0x00000000ed800000, 0x00000000ed900000, 0x00000000ed900000|100%| E|CS|TAMS 0x00000000ed800000| PB 0x00000000ed800000| Complete 
| 217|0x00000000ed900000, 0x00000000eda00000, 0x00000000eda00000|100%| E|CS|TAMS 0x00000000ed900000| PB 0x00000000ed900000| Complete 
| 218|0x00000000eda00000, 0x00000000edb00000, 0x00000000edb00000|100%| E|CS|TAMS 0x00000000eda00000| PB 0x00000000eda00000| Complete 
| 219|0x00000000edb00000, 0x00000000edc00000, 0x00000000edc00000|100%| E|CS|TAMS 0x00000000edb00000| PB 0x00000000edb00000| Complete 
| 220|0x00000000edc00000, 0x00000000edd00000, 0x00000000edd00000|100%| E|CS|TAMS 0x00000000edc00000| PB 0x00000000edc00000| Complete 
| 221|0x00000000edd00000, 0x00000000ede00000, 0x00000000ede00000|100%| E|CS|TAMS 0x00000000edd00000| PB 0x00000000edd00000| Complete 
| 222|0x00000000ede00000, 0x00000000edf00000, 0x00000000edf00000|100%| E|CS|TAMS 0x00000000ede00000| PB 0x00000000ede00000| Complete 
| 223|0x00000000edf00000, 0x00000000ee000000, 0x00000000ee000000|100%| E|CS|TAMS 0x00000000edf00000| PB 0x00000000edf00000| Complete 
| 224|0x00000000ee000000, 0x00000000ee100000, 0x00000000ee100000|100%| E|CS|TAMS 0x00000000ee000000| PB 0x00000000ee000000| Complete 
| 225|0x00000000ee100000, 0x00000000ee200000, 0x00000000ee200000|100%| E|CS|TAMS 0x00000000ee100000| PB 0x00000000ee100000| Complete 
| 226|0x00000000ee200000, 0x00000000ee300000, 0x00000000ee300000|100%| E|CS|TAMS 0x00000000ee200000| PB 0x00000000ee200000| Complete 
| 227|0x00000000ee300000, 0x00000000ee400000, 0x00000000ee400000|100%| E|CS|TAMS 0x00000000ee300000| PB 0x00000000ee300000| Complete 
| 228|0x00000000ee400000, 0x00000000ee500000, 0x00000000ee500000|100%| E|CS|TAMS 0x00000000ee400000| PB 0x00000000ee400000| Complete 
| 229|0x00000000ee500000, 0x00000000ee600000, 0x00000000ee600000|100%| E|CS|TAMS 0x00000000ee500000| PB 0x00000000ee500000| Complete 
| 230|0x00000000ee600000, 0x00000000ee700000, 0x00000000ee700000|100%| E|CS|TAMS 0x00000000ee600000| PB 0x00000000ee600000| Complete 
| 231|0x00000000ee700000, 0x00000000ee800000, 0x00000000ee800000|100%| E|CS|TAMS 0x00000000ee700000| PB 0x00000000ee700000| Complete 
| 232|0x00000000ee800000, 0x00000000ee900000, 0x00000000ee900000|100%| E|CS|TAMS 0x00000000ee800000| PB 0x00000000ee800000| Complete 
| 233|0x00000000ee900000, 0x00000000eea00000, 0x00000000eea00000|100%| E|CS|TAMS 0x00000000ee900000| PB 0x00000000ee900000| Complete 
| 234|0x00000000eea00000, 0x00000000eeb00000, 0x00000000eeb00000|100%| E|CS|TAMS 0x00000000eea00000| PB 0x00000000eea00000| Complete 
| 235|0x00000000eeb00000, 0x00000000eec00000, 0x00000000eec00000|100%| E|CS|TAMS 0x00000000eeb00000| PB 0x00000000eeb00000| Complete 
| 236|0x00000000eec00000, 0x00000000eed00000, 0x00000000eed00000|100%| E|CS|TAMS 0x00000000eec00000| PB 0x00000000eec00000| Complete 
| 237|0x00000000eed00000, 0x00000000eee00000, 0x00000000eee00000|100%| E|CS|TAMS 0x00000000eed00000| PB 0x00000000eed00000| Complete 
| 238|0x00000000eee00000, 0x00000000eef00000, 0x00000000eef00000|100%| E|CS|TAMS 0x00000000eee00000| PB 0x00000000eee00000| Complete 
| 239|0x00000000eef00000, 0x00000000ef000000, 0x00000000ef000000|100%| E|CS|TAMS 0x00000000eef00000| PB 0x00000000eef00000| Complete 
| 240|0x00000000ef000000, 0x00000000ef100000, 0x00000000ef100000|100%| E|CS|TAMS 0x00000000ef000000| PB 0x00000000ef000000| Complete 
| 241|0x00000000ef100000, 0x00000000ef200000, 0x00000000ef200000|100%| E|CS|TAMS 0x00000000ef100000| PB 0x00000000ef100000| Complete 
| 242|0x00000000ef200000, 0x00000000ef300000, 0x00000000ef300000|100%| E|CS|TAMS 0x00000000ef200000| PB 0x00000000ef200000| Complete 
| 243|0x00000000ef300000, 0x00000000ef400000, 0x00000000ef400000|100%| E|CS|TAMS 0x00000000ef300000| PB 0x00000000ef300000| Complete 
| 244|0x00000000ef400000, 0x00000000ef500000, 0x00000000ef500000|100%| E|CS|TAMS 0x00000000ef400000| PB 0x00000000ef400000| Complete 
| 245|0x00000000ef500000, 0x00000000ef600000, 0x00000000ef600000|100%| E|CS|TAMS 0x00000000ef500000| PB 0x00000000ef500000| Complete 
| 246|0x00000000ef600000, 0x00000000ef700000, 0x00000000ef700000|100%| E|CS|TAMS 0x00000000ef600000| PB 0x00000000ef600000| Complete 
| 247|0x00000000ef700000, 0x00000000ef800000, 0x00000000ef800000|100%| E|CS|TAMS 0x00000000ef700000| PB 0x00000000ef700000| Complete 
| 248|0x00000000ef800000, 0x00000000ef900000, 0x00000000ef900000|100%| E|CS|TAMS 0x00000000ef800000| PB 0x00000000ef800000| Complete 
| 249|0x00000000ef900000, 0x00000000efa00000, 0x00000000efa00000|100%| E|CS|TAMS 0x00000000ef900000| PB 0x00000000ef900000| Complete 
| 250|0x00000000efa00000, 0x00000000efb00000, 0x00000000efb00000|100%| E|CS|TAMS 0x00000000efa00000| PB 0x00000000efa00000| Complete 
| 251|0x00000000efb00000, 0x00000000efc00000, 0x00000000efc00000|100%| E|CS|TAMS 0x00000000efb00000| PB 0x00000000efb00000| Complete 
| 252|0x00000000efc00000, 0x00000000efd00000, 0x00000000efd00000|100%| E|CS|TAMS 0x00000000efc00000| PB 0x00000000efc00000| Complete 
| 253|0x00000000efd00000, 0x00000000efe00000, 0x00000000efe00000|100%| E|CS|TAMS 0x00000000efd00000| PB 0x00000000efd00000| Complete 
| 254|0x00000000efe00000, 0x00000000eff00000, 0x00000000eff00000|100%| E|CS|TAMS 0x00000000efe00000| PB 0x00000000efe00000| Complete 
| 255|0x00000000eff00000, 0x00000000f0000000, 0x00000000f0000000|100%| E|CS|TAMS 0x00000000eff00000| PB 0x00000000eff00000| Complete 

Card table byte_map: [0x00000241d23c0000,0x00000241d24c0000] _byte_map_base: 0x00000241d1cc0000

Marking Bits: (CMBitMap*) 0x00000241bfdd17f0
 Bits: [0x00000241d24c0000, 0x00000241d2cc0000)

Polling page: 0x00000241bdd60000

Metaspace:

Usage:
  Non-class:     54.94 MB used.
      Class:      9.40 MB used.
       Both:     64.34 MB used.

Virtual space:
  Non-class space:       64.00 MB reserved,      55.94 MB ( 87%) committed,  1 nodes.
      Class space:      320.00 MB reserved,      10.38 MB (  3%) committed,  1 nodes.
             Both:      384.00 MB reserved,      66.31 MB ( 17%) committed. 

Chunk freelists:
   Non-Class:  7.16 MB
       Class:  5.52 MB
        Both:  12.67 MB

MaxMetaspaceSize: 384.00 MB
CompressedClassSpaceSize: 320.00 MB
Initial GC threshold: 21.00 MB
Current GC threshold: 98.25 MB
CDS: on
 - commit_granule_bytes: 65536.
 - commit_granule_words: 8192.
 - virtual_space_node_default_size: 8388608.
 - enlarge_chunks_in_place: 1.
 - use_allocation_guard: 0.


Internal statistics:

num_allocs_failed_limit: 9.
num_arena_births: 3574.
num_arena_deaths: 0.
num_vsnodes_births: 2.
num_vsnodes_deaths: 0.
num_space_committed: 1061.
num_space_uncommitted: 0.
num_chunks_returned_to_freelist: 9.
num_chunks_taken_from_freelist: 6746.
num_chunk_merges: 9.
num_chunk_splits: 4335.
num_chunks_enlarged: 2611.
num_inconsistent_stats: 0.

CodeHeap 'non-profiled nmethods': size=120000Kb used=4015Kb max_used=4081Kb free=115984Kb
 bounds [0x00000241caa60000, 0x00000241cae60000, 0x00000241d1f90000]
CodeHeap 'profiled nmethods': size=120000Kb used=12952Kb max_used=12952Kb free=107047Kb
 bounds [0x00000241c2f90000, 0x00000241c3c40000, 0x00000241ca4c0000]
CodeHeap 'non-nmethods': size=5760Kb used=2890Kb max_used=2911Kb free=2869Kb
 bounds [0x00000241ca4c0000, 0x00000241ca7a0000, 0x00000241caa60000]
CodeCache: size=245760Kb, used=19857Kb, max_used=19944Kb, free=225900Kb
 total_blobs=7810, nmethods=6884, adapters=829, full_count=0
Compilation: enabled, stopped_count=0, restarted_count=0

Compilation events (20 events):
Event: 18.661 Thread 0x00000241d5775980 7549       4       java.util.regex.Matcher::search (154 bytes)
Event: 18.671 Thread 0x00000241d5775980 nmethod 7549 0x00000241cabedc10 code [0x00000241cabede20, 0x00000241cabee4d0]
Event: 18.684 Thread 0x00000241d5775980 7550       4       java.util.ArrayList$Itr::<init> (26 bytes)
Event: 18.684 Thread 0x00000241d576abe0 7551       3       org.gradle.cache.internal.DefaultCrossBuildInMemoryCacheFactory$DefaultCrossBuildInMemoryCache::maybeGetRetainedValue (25 bytes)
Event: 18.684 Thread 0x00000241d576abe0 nmethod 7551 0x00000241c3c2a710 code [0x00000241c3c2a8e0, 0x00000241c3c2acc8]
Event: 18.685 Thread 0x00000241d576abe0 7552       3       com.google.common.collect.RegularImmutableMap$Values::get (15 bytes)
Event: 18.685 Thread 0x00000241d5775980 nmethod 7550 0x00000241cabed810 code [0x00000241cabed9a0, 0x00000241cabedb50]
Event: 18.685 Thread 0x00000241d576abe0 nmethod 7552 0x00000241c3c2ae10 code [0x00000241c3c2afc0, 0x00000241c3c2b1c8]
Event: 18.685 Thread 0x00000241d576abe0 7553       3       com.google.common.collect.ImmutableSet$Builder::addAll (8 bytes)
Event: 18.686 Thread 0x00000241d576abe0 nmethod 7553 0x00000241c3c2b310 code [0x00000241c3c2b500, 0x00000241c3c2ba30]
Event: 18.690 Thread 0x00000241d576abe0 7554       3       org.gradle.api.internal.project.DefaultProject::getExtensions (13 bytes)
Event: 18.691 Thread 0x00000241d576abe0 nmethod 7554 0x00000241c3c2bc10 code [0x00000241c3c2bf40, 0x00000241c3c2d3e8]
Event: 18.691 Thread 0x00000241d576abe0 7555       3       org.gradle.api.internal.project.DefaultProject$$Lambda/0x00000241d7645208::<init> (10 bytes)
Event: 18.691 Thread 0x00000241d576abe0 nmethod 7555 0x00000241c3c2d990 code [0x00000241c3c2db40, 0x00000241c3c2dcf8]
Event: 18.692 Thread 0x00000241d576abe0 7556       3       org.gradle.api.internal.DefaultCollectionCallbackActionDecorator$BuildOperationEmittingAction::<init> (20 bytes)
Event: 18.692 Thread 0x00000241d576abe0 nmethod 7556 0x00000241c3c2dd90 code [0x00000241c3c2df40, 0x00000241c3c2e1c0]
Event: 19.091 Thread 0x00000241d576abe0 7557       3       java.util.concurrent.locks.AbstractQueuedSynchronizer::acquire (20 bytes)
Event: 19.092 Thread 0x00000241d576abe0 nmethod 7557 0x00000241c3c2e290 code [0x00000241c3c2e460, 0x00000241c3c2e6d0]
Event: 19.092 Thread 0x00000241d576abe0 7558       3       javax.management.ObjectName::isPropertyListPattern (17 bytes)
Event: 19.092 Thread 0x00000241d576abe0 nmethod 7558 0x00000241c3c2e790 code [0x00000241c3c2e920, 0x00000241c3c2ea88]

GC Heap History (12 events):
Event: 0.573 GC heap before
{Heap before GC invocations=0 (full 0):
 garbage-first heap   total 262144K, used 26624K [0x00000000e0000000, 0x0000000100000000)
  region size 1024K, 23 young (23552K), 0 survivors (0K)
 Metaspace       used 1126K, committed 1216K, reserved 393216K
  class space    used 86K, committed 128K, reserved 327680K
}
Event: 0.583 GC heap after
{Heap after GC invocations=1 (full 0):
 garbage-first heap   total 262144K, used 10410K [0x00000000e0000000, 0x0000000100000000)
  region size 1024K, 3 young (3072K), 3 survivors (3072K)
 Metaspace       used 1126K, committed 1216K, reserved 393216K
  class space    used 86K, committed 128K, reserved 327680K
}
Event: 1.277 GC heap before
{Heap before GC invocations=1 (full 0):
 garbage-first heap   total 262144K, used 41130K [0x00000000e0000000, 0x0000000100000000)
  region size 1024K, 33 young (33792K), 3 survivors (3072K)
 Metaspace       used 4257K, committed 4416K, reserved 393216K
  class space    used 544K, committed 640K, reserved 327680K
}
Event: 1.281 GC heap after
{Heap after GC invocations=2 (full 0):
 garbage-first heap   total 262144K, used 11893K [0x00000000e0000000, 0x0000000100000000)
  region size 1024K, 2 young (2048K), 2 survivors (2048K)
 Metaspace       used 4257K, committed 4416K, reserved 393216K
  class space    used 544K, committed 640K, reserved 327680K
}
Event: 4.473 GC heap before
{Heap before GC invocations=2 (full 0):
 garbage-first heap   total 262144K, used 143989K [0x00000000e0000000, 0x0000000100000000)
  region size 1024K, 130 young (133120K), 2 survivors (2048K)
 Metaspace       used 20819K, committed 21504K, reserved 393216K
  class space    used 3082K, committed 3392K, reserved 327680K
}
Event: 4.485 GC heap after
{Heap after GC invocations=3 (full 0):
 garbage-first heap   total 262144K, used 24818K [0x00000000e0000000, 0x0000000100000000)
  region size 1024K, 14 young (14336K), 14 survivors (14336K)
 Metaspace       used 20819K, committed 21504K, reserved 393216K
  class space    used 3082K, committed 3392K, reserved 327680K
}
Event: 6.538 GC heap before
{Heap before GC invocations=4 (full 0):
 garbage-first heap   total 262144K, used 115954K [0x00000000e0000000, 0x0000000100000000)
  region size 1024K, 105 young (107520K), 14 survivors (14336K)
 Metaspace       used 34770K, committed 35968K, reserved 393216K
  class space    used 5157K, committed 5760K, reserved 327680K
}
Event: 6.551 GC heap after
{Heap after GC invocations=5 (full 0):
 garbage-first heap   total 262144K, used 32546K [0x00000000e0000000, 0x0000000100000000)
  region size 1024K, 8 young (8192K), 8 survivors (8192K)
 Metaspace       used 34770K, committed 35968K, reserved 393216K
  class space    used 5157K, committed 5760K, reserved 327680K
}
Event: 13.893 GC heap before
{Heap before GC invocations=6 (full 0):
 garbage-first heap   total 262144K, used 187170K [0x00000000e0000000, 0x0000000100000000)
  region size 1024K, 153 young (156672K), 8 survivors (8192K)
 Metaspace       used 46439K, committed 48192K, reserved 393216K
  class space    used 6762K, committed 7616K, reserved 327680K
}
Event: 13.910 GC heap after
{Heap after GC invocations=7 (full 0):
 garbage-first heap   total 262144K, used 42980K [0x00000000e0000000, 0x0000000100000000)
  region size 1024K, 18 young (18432K), 18 survivors (18432K)
 Metaspace       used 46439K, committed 48192K, reserved 393216K
  class space    used 6762K, committed 7616K, reserved 327680K
}
Event: 16.251 GC heap before
{Heap before GC invocations=7 (full 0):
 garbage-first heap   total 262144K, used 166884K [0x00000000e0000000, 0x0000000100000000)
  region size 1024K, 135 young (138240K), 18 survivors (18432K)
 Metaspace       used 58176K, committed 60096K, reserved 393216K
  class space    used 8574K, committed 9536K, reserved 327680K
}
Event: 16.267 GC heap after
{Heap after GC invocations=8 (full 0):
 garbage-first heap   total 262144K, used 56527K [0x00000000e0000000, 0x0000000100000000)
  region size 1024K, 19 young (19456K), 19 survivors (19456K)
 Metaspace       used 58176K, committed 60096K, reserved 393216K
  class space    used 8574K, committed 9536K, reserved 327680K
}

Dll operation events (14 events):
Event: 0.015 Loaded shared library C:\Users\HP\.vscode\extensions\redhat.java-1.54.0-win32-x64\jre\21.0.10-win32-x86_64\bin\java.dll
Event: 0.100 Loaded shared library C:\Users\HP\.vscode\extensions\redhat.java-1.54.0-win32-x64\jre\21.0.10-win32-x86_64\bin\zip.dll
Event: 0.122 Loaded shared library C:\Users\HP\.vscode\extensions\redhat.java-1.54.0-win32-x64\jre\21.0.10-win32-x86_64\bin\instrument.dll
Event: 0.128 Loaded shared library C:\Users\HP\.vscode\extensions\redhat.java-1.54.0-win32-x64\jre\21.0.10-win32-x86_64\bin\net.dll
Event: 0.130 Loaded shared library C:\Users\HP\.vscode\extensions\redhat.java-1.54.0-win32-x64\jre\21.0.10-win32-x86_64\bin\nio.dll
Event: 0.133 Loaded shared library C:\Users\HP\.vscode\extensions\redhat.java-1.54.0-win32-x64\jre\21.0.10-win32-x86_64\bin\zip.dll
Event: 0.383 Loaded shared library C:\Users\HP\.vscode\extensions\redhat.java-1.54.0-win32-x64\jre\21.0.10-win32-x86_64\bin\jimage.dll
Event: 0.587 Loaded shared library C:\Users\HP\.vscode\extensions\redhat.java-1.54.0-win32-x64\jre\21.0.10-win32-x86_64\bin\verify.dll
Event: 0.754 Loaded shared library C:\Users\HP\.gradle\native\c067742578af261105cb4f569cf0c3c89f3d7b1fecec35dd04571415982c5e48\windows-amd64\native-platform.dll
Event: 0.763 Loaded shared library C:\Users\HP\.gradle\native\100fb08df4bc3b14c8652ba06237920a3bd2aa13389f12d3474272988ae205f9\windows-amd64\native-platform-file-events.dll
Event: 2.049 Loaded shared library C:\Users\HP\.vscode\extensions\redhat.java-1.54.0-win32-x64\jre\21.0.10-win32-x86_64\bin\management.dll
Event: 2.053 Loaded shared library C:\Users\HP\.vscode\extensions\redhat.java-1.54.0-win32-x64\jre\21.0.10-win32-x86_64\bin\management_ext.dll
Event: 2.289 Loaded shared library C:\Users\HP\.vscode\extensions\redhat.java-1.54.0-win32-x64\jre\21.0.10-win32-x86_64\bin\extnet.dll
Event: 2.465 Loaded shared library C:\Users\HP\.vscode\extensions\redhat.java-1.54.0-win32-x64\jre\21.0.10-win32-x86_64\bin\sunmscapi.dll

Deoptimization events (20 events):
Event: 18.167 Thread 0x00000241f0a7c970 DEOPT PACKING pc=0x00000241cabf8a4c sp=0x00000055c52f67b0
Event: 18.167 Thread 0x00000241f0a7c970 DEOPT UNPACKING pc=0x00000241ca517ba2 sp=0x00000055c52f6698 mode 2
Event: 18.167 Thread 0x00000241f0a7c970 Uncommon trap: trap_request=0xffffffde fr.pc=0x00000241cabf8a4c relative=0x00000000000004cc
Event: 18.167 Thread 0x00000241f0a7c970 Uncommon trap: reason=class_check action=maybe_recompile pc=0x00000241cabf8a4c method=kotlin.reflect.jvm.internal.impl.protobuf.CodedInputStream.tryRefillBuffer(I)Z @ 175 c2
Event: 18.167 Thread 0x00000241f0a7c970 DEOPT PACKING pc=0x00000241cabf8a4c sp=0x00000055c52f68b0
Event: 18.167 Thread 0x00000241f0a7c970 DEOPT UNPACKING pc=0x00000241ca517ba2 sp=0x00000055c52f6798 mode 2
Event: 18.167 Thread 0x00000241f0a7c970 Uncommon trap: trap_request=0xffffffde fr.pc=0x00000241cabf8a4c relative=0x00000000000004cc
Event: 18.167 Thread 0x00000241f0a7c970 Uncommon trap: reason=class_check action=maybe_recompile pc=0x00000241cabf8a4c method=kotlin.reflect.jvm.internal.impl.protobuf.CodedInputStream.tryRefillBuffer(I)Z @ 175 c2
Event: 18.167 Thread 0x00000241f0a7c970 DEOPT PACKING pc=0x00000241cabf8a4c sp=0x00000055c52f68b0
Event: 18.167 Thread 0x00000241f0a7c970 DEOPT UNPACKING pc=0x00000241ca517ba2 sp=0x00000055c52f6798 mode 2
Event: 18.406 Thread 0x00000241f0a7c970 Uncommon trap: trap_request=0xffffff45 fr.pc=0x00000241cae559b8 relative=0x0000000000000958
Event: 18.406 Thread 0x00000241f0a7c970 Uncommon trap: reason=unstable_if action=reinterpret pc=0x00000241cae559b8 method=java.util.concurrent.ConcurrentHashMap.replaceNode(Ljava/lang/Object;Ljava/lang/Object;Ljava/lang/Object;)Ljava/lang/Object; @ 17 c2
Event: 18.406 Thread 0x00000241f0a7c970 DEOPT PACKING pc=0x00000241cae559b8 sp=0x00000055c52f56b0
Event: 18.406 Thread 0x00000241f0a7c970 DEOPT UNPACKING pc=0x00000241ca517ba2 sp=0x00000055c52f5640 mode 2
Event: 18.466 Thread 0x00000241f0a7c970 Uncommon trap: trap_request=0xffffff45 fr.pc=0x00000241cae48f00 relative=0x0000000000000b80
Event: 18.466 Thread 0x00000241f0a7c970 Uncommon trap: reason=unstable_if action=reinterpret pc=0x00000241cae48f00 method=java.util.regex.Pattern.escape(ZZZ)I @ 8 c2
Event: 18.466 Thread 0x00000241f0a7c970 DEOPT PACKING pc=0x00000241cae48f00 sp=0x00000055c52f6bb0
Event: 18.466 Thread 0x00000241f0a7c970 DEOPT UNPACKING pc=0x00000241ca517ba2 sp=0x00000055c52f6b48 mode 2
Event: 18.661 Thread 0x00000241f0a7c970 DEOPT PACKING pc=0x00000241c39c04f7 sp=0x00000055c52f6390
Event: 18.661 Thread 0x00000241f0a7c970 DEOPT UNPACKING pc=0x00000241ca5186e2 sp=0x00000055c52f5850 mode 0

Classes loaded (20 events):
Event: 16.691 Loading class javax/management/JMException
Event: 16.691 Loading class javax/management/JMException done
Event: 16.691 Loading class javax/management/OperationsException done
Event: 16.691 Loading class javax/management/ListenerNotFoundException done
Event: 16.692 Loading class jdk/jfr/Recording
Event: 16.692 Loading class jdk/jfr/Recording done
Event: 16.692 Loading class jdk/jfr/FlightRecorder
Event: 16.692 Loading class jdk/jfr/FlightRecorder done
Event: 16.692 Loading class jdk/management/jfr/FlightRecorderMXBeanImpl$MXBeanListener
Event: 16.692 Loading class jdk/jfr/FlightRecorderListener
Event: 16.692 Loading class jdk/jfr/FlightRecorderListener done
Event: 16.692 Loading class jdk/management/jfr/FlightRecorderMXBeanImpl$MXBeanListener done
Event: 16.735 Loading class com/sun/jmx/mbeanserver/StandardMBeanSupport
Event: 16.735 Loading class com/sun/jmx/mbeanserver/StandardMBeanSupport done
Event: 16.735 Loading class com/sun/jmx/mbeanserver/StandardMBeanIntrospector
Event: 16.735 Loading class com/sun/jmx/mbeanserver/StandardMBeanIntrospector done
Event: 16.830 Loading class java/util/HashMap$UnsafeHolder
Event: 16.830 Loading class java/util/HashMap$UnsafeHolder done
Event: 18.400 Loading class java/util/regex/Pattern$Pos
Event: 18.400 Loading class java/util/regex/Pattern$Pos done

Classes unloaded (0 events):
No events

Classes redefined (0 events):
No events

Internal exceptions (20 events):
Event: 15.000 Thread 0x00000241f0a7c970 Exception <a 'java/lang/NoSuchMethodError'{0x00000000ecba2d78}: 'void java.lang.invoke.DirectMethodHandle$Holder.invokeStatic(java.lang.Object, java.lang.Object, java.lang.Object, int, java.lang.Object)'> (0x00000000ecba2d78) 
thrown [s\src\hotspot\share\interpreter\linkResolver.cpp, line 773]
Event: 15.364 Thread 0x00000241f0a7c970 Exception <a 'java/lang/NoSuchMethodError'{0x00000000eb935bc0}: 'java.lang.Object java.lang.invoke.DirectMethodHandle$Holder.invokeSpecialIFC(java.lang.Object, java.lang.Object, java.lang.Object)'> (0x00000000eb935bc0) 
thrown [s\src\hotspot\share\interpreter\linkResolver.cpp, line 773]
Event: 15.644 Thread 0x00000241f0a7c970 Exception <a 'java/lang/NoSuchMethodError'{0x00000000ea5a5748}: 'java.lang.Object java.lang.invoke.DirectMethodHandle$Holder.newInvokeSpecial(java.lang.Object, java.lang.Object, java.lang.Object, java.lang.Object, java.lang.Object, java.lang.Object, java.lang.Object, java.lang.Object, java.lang.Object, java.lang.Object, java.lang.Object, java.lang.Object, java.lang.Object, java.lang.Object, java.lang.Object, java.lang.Object)'> (0x00000000ea5a5748) 
thrown [s\src\hotspot\share\interpreter\linkResolver.cpp,
Event: 15.644 Thread 0x00000241f0a7c970 Exception <a 'java/lang/NoSuchMethodError'{0x00000000ea5ac3c0}: 'java.lang.Object java.lang.invoke.DirectMethodHandle$Holder.invokeSpecial(java.lang.Object, java.lang.Object, java.lang.Object, java.lang.Object, java.lang.Object, java.lang.Object, java.lang.Object, java.lang.Object, java.lang.Object, java.lang.Object, java.lang.Object, java.lang.Object, java.lang.Object, java.lang.Object, java.lang.Object, java.lang.Object, java.lang.Object)'> (0x00000000ea5ac3c0) 
thrown [s\src\hotspot\share\interpreter\li
Event: 15.645 Thread 0x00000241f0a7c970 Exception <a 'java/lang/NoSuchMethodError'{0x00000000ea5b2250}: 'java.lang.Object java.lang.invoke.DelegatingMethodHandle$Holder.reinvoke_L(java.lang.Object, java.lang.Object, java.lang.Object, java.lang.Object, java.lang.Object, java.lang.Object, java.lang.Object, java.lang.Object, java.lang.Object, java.lang.Object, java.lang.Object, java.lang.Object, java.lang.Object, java.lang.Object, java.lang.Object, java.lang.Object)'> (0x00000000ea5b2250) 
thrown [s\src\hotspot\share\interpreter\linkResolver.cpp, l
Event: 16.007 Thread 0x00000241f0a7c970 Exception <a 'java/lang/NoSuchMethodError'{0x00000000e958cd60}: 'java.lang.Object java.lang.invoke.DirectMethodHandle$Holder.newInvokeSpecial(java.lang.Object, java.lang.Object, java.lang.Object, java.lang.Object, java.lang.Object, java.lang.Object, java.lang.Object, java.lang.Object, java.lang.Object, java.lang.Object, java.lang.Object, java.lang.Object, java.lang.Object, java.lang.Object, java.lang.Object, java.lang.Object, java.lang.Object, java.lang.Object, java.lang.Object, java.lang.Object, java.lang
Event: 16.007 Thread 0x00000241f0a7c970 Exception <a 'java/lang/NoSuchMethodError'{0x00000000e9594d00}: 'java.lang.Object java.lang.invoke.DirectMethodHandle$Holder.invokeSpecial(java.lang.Object, java.lang.Object, java.lang.Object, java.lang.Object, java.lang.Object, java.lang.Object, java.lang.Object, java.lang.Object, java.lang.Object, java.lang.Object, java.lang.Object, java.lang.Object, java.lang.Object, java.lang.Object, java.lang.Object, java.lang.Object, java.lang.Object, java.lang.Object, java.lang.Object, java.lang.Object, java.lang.Ob
Event: 16.007 Thread 0x00000241f0a7c970 Exception <a 'java/lang/NoSuchMethodError'{0x00000000e959b578}: 'java.lang.Object java.lang.invoke.DelegatingMethodHandle$Holder.reinvoke_L(java.lang.Object, java.lang.Object, java.lang.Object, java.lang.Object, java.lang.Object, java.lang.Object, java.lang.Object, java.lang.Object, java.lang.Object, java.lang.Object, java.lang.Object, java.lang.Object, java.lang.Object, java.lang.Object, java.lang.Object, java.lang.Object, java.lang.Object, java.lang.Object, java.lang.Object, java.lang.Object, java.lang.O
Event: 16.402 Thread 0x00000241f0a7c970 Exception <a 'java/lang/ClassNotFoundException'{0x00000000ef97a540}: sun/misc/SharedSecrets> (0x00000000ef97a540) 
thrown [s\src\hotspot\share\classfile\systemDictionary.cpp, line 312]
Event: 16.402 Thread 0x00000241f0a7c970 Exception <a 'java/lang/NoClassDefFoundError'{0x00000000ef97b878}: com/android/Version> (0x00000000ef97b878) 
thrown [s\src\hotspot\share\classfile\systemDictionary.cpp, line 301]
Event: 16.515 Thread 0x00000241f0a7c970 Exception <a 'java/lang/NoSuchMethodError'{0x00000000ef337a00}: static Lorg/jetbrains/kotlin/gradle/plugin/internal/DefaultProjectIsolationStartParameterAccessor$Factory;.<clinit>()V> (0x00000000ef337a00) 
thrown [s\src\hotspot\share\prims\jni.cpp, line 1111]
Event: 16.520 Thread 0x00000241f0a7c970 Exception <a 'java/lang/NoSuchMethodError'{0x00000000ef370df0}: static Lorg/jetbrains/kotlin/gradle/plugin/internal/DefaultJavaExecTaskParametersCompatibility$Factory;.<clinit>()V> (0x00000000ef370df0) 
thrown [s\src\hotspot\share\prims\jni.cpp, line 1111]
Event: 16.522 Thread 0x00000241f0a7c970 Exception <a 'java/lang/NoSuchMethodError'{0x00000000ef398d68}: static Lorg/jetbrains/kotlin/gradle/plugin/internal/DefaultMavenPublicationComponentAccessorFactory;.<clinit>()V> (0x00000000ef398d68) 
thrown [s\src\hotspot\share\prims\jni.cpp, line 1111]
Event: 16.524 Thread 0x00000241f0a7c970 Exception <a 'java/lang/NoSuchMethodError'{0x00000000ef3bcbf8}: static Lorg/jetbrains/kotlin/gradle/plugin/internal/DefaultCompatibilityConventionRegistrar$Factory;.<clinit>()V> (0x00000000ef3bcbf8) 
thrown [s\src\hotspot\share\prims\jni.cpp, line 1111]
Event: 16.526 Thread 0x00000241f0a7c970 Exception <a 'java/lang/NoSuchMethodError'{0x00000000ef3d81a8}: static Lorg/jetbrains/kotlin/gradle/plugin/internal/DefaultConfigurationCacheStartParameterAccessorVariantFactory;.<clinit>()V> (0x00000000ef3d81a8) 
thrown [s\src\hotspot\share\prims\jni.cpp, line 1111]
Event: 16.527 Thread 0x00000241f0a7c970 Exception <a 'java/lang/NoSuchMethodError'{0x00000000ef3e0198}: 'void java.lang.invoke.DirectMethodHandle$Holder.invokeSpecial(java.lang.Object, java.lang.Object, java.lang.Object, int)'> (0x00000000ef3e0198) 
thrown [s\src\hotspot\share\interpreter\linkResolver.cpp, line 773]
Event: 16.567 Thread 0x00000241f0a7c970 Exception <a 'java/lang/IncompatibleClassChangeError'{0x00000000ef162af0}: Found class java.lang.Object, but interface was expected> (0x00000000ef162af0) 
thrown [s\src\hotspot\share\interpreter\linkResolver.cpp, line 840]
Event: 16.800 Thread 0x00000241f0a7c970 Exception <a 'java/lang/NoSuchMethodError'{0x00000000ee7065f0}: static Ljava/lang/Object;.<clinit>()V> (0x00000000ee7065f0) 
thrown [s\src\hotspot\share\prims\jni.cpp, line 1111]
Event: 16.827 Thread 0x00000241f0a7c970 Exception <a 'java/lang/NoSuchMethodError'{0x00000000ee7ef550}: static Lorg/jetbrains/kotlin/gradle/plugin/statistics/MetricContainer;.<clinit>()V> (0x00000000ee7ef550) 
thrown [s\src\hotspot\share\prims\jni.cpp, line 1111]
Event: 18.406 Thread 0x00000241f0a7c970 Implicit null exception at 0x00000241cae55120 to 0x00000241cae559a8

ZGC Phase Switch (0 events):
No events

VM Operations (20 events):
Event: 15.371 Executing safepoint VM operation: ICBufferFull
Event: 15.371 Executing safepoint VM operation: ICBufferFull done
Event: 15.665 Executing safepoint VM operation: ICBufferFull
Event: 15.666 Executing safepoint VM operation: ICBufferFull done
Event: 16.161 Executing safepoint VM operation: ICBufferFull
Event: 16.162 Executing safepoint VM operation: ICBufferFull done
Event: 16.251 Executing safepoint VM operation: CollectForMetadataAllocation (Metadata GC Threshold)
Event: 16.267 Executing safepoint VM operation: CollectForMetadataAllocation (Metadata GC Threshold) done
Event: 16.298 Executing safepoint VM operation: G1PauseRemark
Event: 16.302 Executing safepoint VM operation: G1PauseRemark done
Event: 16.311 Executing safepoint VM operation: G1PauseCleanup
Event: 16.311 Executing safepoint VM operation: G1PauseCleanup done
Event: 16.371 Executing non-safepoint VM operation: HandshakeAllThreads (Deoptimize)
Event: 16.371 Executing non-safepoint VM operation: HandshakeAllThreads (Deoptimize) done
Event: 17.386 Executing safepoint VM operation: Cleanup
Event: 17.387 Executing safepoint VM operation: Cleanup done
Event: 18.394 Executing safepoint VM operation: Cleanup
Event: 18.394 Executing safepoint VM operation: Cleanup done
Event: 19.404 Executing safepoint VM operation: Cleanup
Event: 19.404 Executing safepoint VM operation: Cleanup done

Memory protections (0 events):
No events

Nmethod flushes (20 events):
Event: 16.301 Thread 0x00000241d573bda0 flushing  nmethod 0x00000241c2fed490
Event: 16.301 Thread 0x00000241d573bda0 flushing  nmethod 0x00000241c3054710
Event: 16.301 Thread 0x00000241d573bda0 flushing  nmethod 0x00000241c3055110
Event: 16.301 Thread 0x00000241d573bda0 flushing  nmethod 0x00000241c313db90
Event: 16.301 Thread 0x00000241d573bda0 flushing  nmethod 0x00000241c313e110
Event: 16.301 Thread 0x00000241d573bda0 flushing  nmethod 0x00000241c313ee10
Event: 16.301 Thread 0x00000241d573bda0 flushing  nmethod 0x00000241c3140610
Event: 16.301 Thread 0x00000241d573bda0 flushing  nmethod 0x00000241c3140f90
Event: 16.301 Thread 0x00000241d573bda0 flushing  nmethod 0x00000241c3144210
Event: 16.301 Thread 0x00000241d573bda0 flushing  nmethod 0x00000241c3144810
Event: 16.301 Thread 0x00000241d573bda0 flushing  nmethod 0x00000241c330a910
Event: 16.301 Thread 0x00000241d573bda0 flushing  nmethod 0x00000241c330b810
Event: 16.301 Thread 0x00000241d573bda0 flushing  nmethod 0x00000241c330fa10
Event: 16.301 Thread 0x00000241d573bda0 flushing  nmethod 0x00000241c33fcc10
Event: 16.301 Thread 0x00000241d573bda0 flushing  nmethod 0x00000241c351c710
Event: 16.301 Thread 0x00000241d573bda0 flushing  nmethod 0x00000241c351e710
Event: 16.301 Thread 0x00000241d573bda0 flushing  nmethod 0x00000241c35a3610
Event: 16.301 Thread 0x00000241d573bda0 flushing  nmethod 0x00000241c3611990
Event: 16.301 Thread 0x00000241d573bda0 flushing  nmethod 0x00000241c373b210
Event: 16.301 Thread 0x00000241d573bda0 flushing  nmethod 0x00000241c373d590

Events (20 events):
Event: 15.212 Thread 0x00000241f0a7c970 Thread added: 0x00000241f1bc9c20
Event: 15.284 Thread 0x00000241f0a7c970 Thread added: 0x00000241f1bc7b50
Event: 15.286 Thread 0x00000241f0a7c970 Thread added: 0x00000241f1bcb660
Event: 15.288 Thread 0x00000241f0a7c970 Thread added: 0x00000241f1bc81e0
Event: 15.290 Thread 0x00000241f0a7c970 Thread added: 0x00000241f1bcbcf0
Event: 15.292 Thread 0x00000241f0a7c970 Thread added: 0x00000241f1bcc380
Event: 15.296 Thread 0x00000241f0a7c970 Thread added: 0x00000241f0a7c2e0
Event: 15.297 Thread 0x00000241f0a7c970 Thread added: 0x00000241f0a7d000
Event: 15.323 Thread 0x00000241d576abe0 Thread added: 0x00000241f094f8a0
Event: 15.365 Thread 0x00000241f0a7c970 Thread added: 0x00000241f0a7d690
Event: 15.366 Thread 0x00000241f0a7c970 Thread added: 0x00000241f32f2840
Event: 15.367 Thread 0x00000241f0a7c970 Thread added: 0x00000241f32f0e00
Event: 15.367 Thread 0x00000241f0a7c970 Thread added: 0x00000241f32f1490
Event: 15.368 Thread 0x00000241f0a7c970 Thread added: 0x00000241f32f0770
Event: 15.369 Thread 0x00000241f0a7c970 Thread added: 0x00000241f32f3560
Event: 15.370 Thread 0x00000241f0a7c970 Thread added: 0x00000241f32f21b0
Event: 15.452 Thread 0x00000241d576abe0 Thread added: 0x00000241f094d690
Event: 15.745 Thread 0x00000241f0a7c970 Thread added: 0x00000241f32f1b20
Event: 16.861 Thread 0x00000241f0a7c970 Thread added: 0x00000241f32f00e0
Event: 18.271 Thread 0x00000241f094d690 Thread exited: 0x00000241f094d690


Dynamic libraries:
0x00007ff7f2e80000 - 0x00007ff7f2e8e000 	C:\Users\HP\.vscode\extensions\redhat.java-1.54.0-win32-x64\jre\21.0.10-win32-x86_64\bin\java.exe
0x00007ffb36fc0000 - 0x00007ffb37227000 	C:\WINDOWS\SYSTEM32\ntdll.dll
0x00007ffb05400000 - 0x00007ffb05421000 	C:\Program Files\Avast Software\Avast\aswhook.dll
0x00007ffb36c60000 - 0x00007ffb36d29000 	C:\WINDOWS\System32\KERNEL32.DLL
0x00007ffb34640000 - 0x00007ffb34a34000 	C:\WINDOWS\System32\KERNELBASE.dll
0x00007ffb30b70000 - 0x00007ffb30c0f000 	C:\WINDOWS\SYSTEM32\apphelp.dll
0x00007ffb34100000 - 0x00007ffb3424b000 	C:\WINDOWS\System32\ucrtbase.dll
0x00007ffabb310000 - 0x00007ffabb32e000 	C:\Users\HP\.vscode\extensions\redhat.java-1.54.0-win32-x64\jre\21.0.10-win32-x86_64\bin\VCRUNTIME140.dll
0x00007ffac0f80000 - 0x00007ffac0f98000 	C:\Users\HP\.vscode\extensions\redhat.java-1.54.0-win32-x64\jre\21.0.10-win32-x86_64\bin\jli.dll
0x00007ffb36730000 - 0x00007ffb368f5000 	C:\WINDOWS\System32\USER32.dll
0x00007ffb34d20000 - 0x00007ffb34d47000 	C:\WINDOWS\System32\win32u.dll
0x00007ffb35460000 - 0x00007ffb3548b000 	C:\WINDOWS\System32\GDI32.dll
0x00007ffb16fb0000 - 0x00007ffb17243000 	C:\WINDOWS\WinSxS\amd64_microsoft.windows.common-controls_6595b64144ccf1df_6.0.26100.8115_none_3e075c82e3354f9c\COMCTL32.dll
0x00007ffb34510000 - 0x00007ffb3463b000 	C:\WINDOWS\System32\gdi32full.dll
0x00007ffb36900000 - 0x00007ffb369a9000 	C:\WINDOWS\System32\msvcrt.dll
0x00007ffb34bb0000 - 0x00007ffb34c53000 	C:\WINDOWS\System32\msvcp_win.dll
0x00007ffb36dc0000 - 0x00007ffb36df2000 	C:\WINDOWS\System32\IMM32.DLL
0x00007ffb0a350000 - 0x00007ffb0a35c000 	C:\Users\HP\.vscode\extensions\redhat.java-1.54.0-win32-x64\jre\21.0.10-win32-x86_64\bin\vcruntime140_1.dll
0x00007ffaa1bb0000 - 0x00007ffaa1c3d000 	C:\Users\HP\.vscode\extensions\redhat.java-1.54.0-win32-x64\jre\21.0.10-win32-x86_64\bin\msvcp140.dll
0x00007ffa436d0000 - 0x00007ffa44471000 	C:\Users\HP\.vscode\extensions\redhat.java-1.54.0-win32-x64\jre\21.0.10-win32-x86_64\bin\server\jvm.dll
0x00007ffb365f0000 - 0x00007ffb366a6000 	C:\WINDOWS\System32\ADVAPI32.dll
0x00007ffb358d0000 - 0x00007ffb35977000 	C:\WINDOWS\System32\sechost.dll
0x00007ffb36e60000 - 0x00007ffb36f78000 	C:\WINDOWS\System32\RPCRT4.dll
0x00007ffb36560000 - 0x00007ffb365e0000 	C:\WINDOWS\System32\WS2_32.dll
0x00007ffb33710000 - 0x00007ffb3376e000 	C:\WINDOWS\SYSTEM32\POWRPROF.dll
0x00007ffb286e0000 - 0x00007ffb28716000 	C:\WINDOWS\SYSTEM32\WINMM.dll
0x00007ffb27900000 - 0x00007ffb2790b000 	C:\WINDOWS\SYSTEM32\VERSION.dll
0x00007ffb336f0000 - 0x00007ffb33704000 	C:\WINDOWS\SYSTEM32\UMPDC.dll
0x00007ffb32620000 - 0x00007ffb3263b000 	C:\WINDOWS\SYSTEM32\kernel.appcore.dll
0x00007ffb04050000 - 0x00007ffb0405a000 	C:\Users\HP\.vscode\extensions\redhat.java-1.54.0-win32-x64\jre\21.0.10-win32-x86_64\bin\jimage.dll
0x00007ffb316e0000 - 0x00007ffb31922000 	C:\WINDOWS\SYSTEM32\DBGHELP.DLL
0x00007ffb35980000 - 0x00007ffb35d02000 	C:\WINDOWS\System32\combase.dll
0x00007ffb36480000 - 0x00007ffb36558000 	C:\WINDOWS\System32\OLEAUT32.dll
0x00007ffb20240000 - 0x00007ffb2027b000 	C:\WINDOWS\SYSTEM32\dbgcore.DLL
0x00007ffb343d0000 - 0x00007ffb34475000 	C:\WINDOWS\System32\bcryptPrimitives.dll
0x00007ffb00560000 - 0x00007ffb0056f000 	C:\Users\HP\.vscode\extensions\redhat.java-1.54.0-win32-x64\jre\21.0.10-win32-x86_64\bin\instrument.dll
0x00007ffaba1b0000 - 0x00007ffaba1d0000 	C:\Users\HP\.vscode\extensions\redhat.java-1.54.0-win32-x64\jre\21.0.10-win32-x86_64\bin\java.dll
0x00007ffb35d10000 - 0x00007ffb36477000 	C:\WINDOWS\System32\SHELL32.dll
0x00007ffb34a40000 - 0x00007ffb34baa000 	C:\WINDOWS\System32\wintypes.dll
0x00007ffb33890000 - 0x00007ffb340f8000 	C:\WINDOWS\System32\windows.storage.dll
0x00007ffb34e60000 - 0x00007ffb34f58000 	C:\WINDOWS\System32\SHCORE.dll
0x00007ffb34f60000 - 0x00007ffb34fc6000 	C:\WINDOWS\System32\shlwapi.dll
0x00007ffb337b0000 - 0x00007ffb337d9000 	C:\WINDOWS\SYSTEM32\profapi.dll
0x00007ffaba170000 - 0x00007ffaba188000 	C:\Users\HP\.vscode\extensions\redhat.java-1.54.0-win32-x64\jre\21.0.10-win32-x86_64\bin\zip.dll
0x00007ffaff690000 - 0x00007ffaff6a0000 	C:\Users\HP\.vscode\extensions\redhat.java-1.54.0-win32-x64\jre\21.0.10-win32-x86_64\bin\net.dll
0x00007ffb22f10000 - 0x00007ffb2303d000 	C:\WINDOWS\SYSTEM32\WINHTTP.dll
0x00007ffb32b90000 - 0x00007ffb32bfc000 	C:\WINDOWS\system32\mswsock.dll
0x00007ffab9f70000 - 0x00007ffab9f86000 	C:\Users\HP\.vscode\extensions\redhat.java-1.54.0-win32-x64\jre\21.0.10-win32-x86_64\bin\nio.dll
0x00007ffafe760000 - 0x00007ffafe770000 	C:\Users\HP\.vscode\extensions\redhat.java-1.54.0-win32-x64\jre\21.0.10-win32-x86_64\bin\verify.dll
0x00007ffab9ec0000 - 0x00007ffab9ee7000 	C:\Users\HP\.gradle\native\c067742578af261105cb4f569cf0c3c89f3d7b1fecec35dd04571415982c5e48\windows-amd64\native-platform.dll
0x00007ffa6f9a0000 - 0x00007ffa6fae4000 	C:\Users\HP\.gradle\native\100fb08df4bc3b14c8652ba06237920a3bd2aa13389f12d3474272988ae205f9\windows-amd64\native-platform-file-events.dll
0x00007ffaf5a00000 - 0x00007ffaf5a0a000 	C:\Users\HP\.vscode\extensions\redhat.java-1.54.0-win32-x64\jre\21.0.10-win32-x86_64\bin\management.dll
0x00007ffaf58e0000 - 0x00007ffaf58ec000 	C:\Users\HP\.vscode\extensions\redhat.java-1.54.0-win32-x64\jre\21.0.10-win32-x86_64\bin\management_ext.dll
0x00007ffb35490000 - 0x00007ffb35498000 	C:\WINDOWS\System32\PSAPI.DLL
0x00007ffb32e70000 - 0x00007ffb32e8b000 	C:\WINDOWS\SYSTEM32\CRYPTSP.dll
0x00007ffb32580000 - 0x00007ffb325b9000 	C:\WINDOWS\system32\rsaenh.dll
0x00007ffb32c40000 - 0x00007ffb32c73000 	C:\WINDOWS\SYSTEM32\USERENV.dll
0x00007ffb33780000 - 0x00007ffb337aa000 	C:\WINDOWS\SYSTEM32\bcrypt.dll
0x00007ffb32e90000 - 0x00007ffb32e9c000 	C:\WINDOWS\SYSTEM32\CRYPTBASE.dll
0x00007ffb32020000 - 0x00007ffb32052000 	C:\WINDOWS\SYSTEM32\IPHLPAPI.DLL
0x00007ffb36a70000 - 0x00007ffb36a7a000 	C:\WINDOWS\System32\NSI.dll
0x00007ffaf9490000 - 0x00007ffaf9499000 	C:\Users\HP\.vscode\extensions\redhat.java-1.54.0-win32-x64\jre\21.0.10-win32-x86_64\bin\extnet.dll
0x00007ffafe4f0000 - 0x00007ffafe4fe000 	C:\Users\HP\.vscode\extensions\redhat.java-1.54.0-win32-x64\jre\21.0.10-win32-x86_64\bin\sunmscapi.dll
0x00007ffb34250000 - 0x00007ffb343c7000 	C:\WINDOWS\System32\CRYPT32.dll
0x00007ffb33090000 - 0x00007ffb330c0000 	C:\WINDOWS\SYSTEM32\ncrypt.dll
0x00007ffb33040000 - 0x00007ffb3307f000 	C:\WINDOWS\SYSTEM32\NTASN1.dll
0x00007ffb1fc60000 - 0x00007ffb1fc68000 	C:\WINDOWS\system32\wshunix.dll

JVMTI agents:
C:\Users\HP\.gradle\wrapper\dists\gradle-8.9-bin\90cnw93cvbtalezasaz0blq0a\gradle-8.9\lib\agents\gradle-instrumentation-agent-8.9.jar path:C:\Users\HP\.vscode\extensions\redhat.java-1.54.0-win32-x64\jre\21.0.10-win32-x86_64\bin\instrument.dll, loaded, initialized, instrumentlib options:none

dbghelp: loaded successfully - version: 4.0.5 - missing functions: none
symbol engine: initialized successfully - sym options: 0x614 - pdb path: .;C:\Users\HP\.vscode\extensions\redhat.java-1.54.0-win32-x64\jre\21.0.10-win32-x86_64\bin;C:\WINDOWS\SYSTEM32;C:\Program Files\Avast Software\Avast;C:\WINDOWS\WinSxS\amd64_microsoft.windows.common-controls_6595b64144ccf1df_6.0.26100.8115_none_3e075c82e3354f9c;C:\Users\HP\.vscode\extensions\redhat.java-1.54.0-win32-x64\jre\21.0.10-win32-x86_64\bin\server;C:\Users\HP\.gradle\native\c067742578af261105cb4f569cf0c3c89f3d7b1fecec35dd04571415982c5e48\windows-amd64;C:\Users\HP\.gradle\native\100fb08df4bc3b14c8652ba06237920a3bd2aa13389f12d3474272988ae205f9\windows-amd64

VM Arguments:
jvm_args: --add-opens=java.base/java.util=ALL-UNNAMED --add-opens=java.base/java.lang=ALL-UNNAMED --add-opens=java.base/java.lang.invoke=ALL-UNNAMED --add-opens=java.prefs/java.util.prefs=ALL-UNNAMED --add-exports=jdk.compiler/com.sun.tools.javac.api=ALL-UNNAMED --add-exports=jdk.compiler/com.sun.tools.javac.util=ALL-UNNAMED --add-opens=java.base/java.nio.charset=ALL-UNNAMED --add-opens=java.base/java.net=ALL-UNNAMED --add-opens=java.base/java.util.concurrent.atomic=ALL-UNNAMED -XX:MaxMetaspaceSize=384m -XX:+HeapDumpOnOutOfMemoryError -Xms256m -Xmx512m -Dfile.encoding=utf8 -Duser.country=US -Duser.language=en -Duser.variant -javaagent:C:\Users\HP\.gradle\wrapper\dists\gradle-8.9-bin\90cnw93cvbtalezasaz0blq0a\gradle-8.9\lib\agents\gradle-instrumentation-agent-8.9.jar 
java_command: org.gradle.launcher.daemon.bootstrap.GradleDaemon 8.9
java_class_path (initial): C:\Users\HP\.gradle\wrapper\dists\gradle-8.9-bin\90cnw93cvbtalezasaz0blq0a\gradle-8.9\lib\gradle-daemon-main-8.9.jar
Launcher Type: SUN_STANDARD

[Global flags]
     intx CICompilerCount                          = 4                                         {product} {ergonomic}
   size_t CompressedClassSpaceSize                 = 335544320                                 {product} {ergonomic}
     uint ConcGCThreads                            = 2                                         {product} {ergonomic}
     uint G1ConcRefinementThreads                  = 8                                         {product} {ergonomic}
   size_t G1HeapRegionSize                         = 1048576                                   {product} {ergonomic}
    uintx GCDrainStackTargetSize                   = 64                                        {product} {ergonomic}
     bool HeapDumpOnOutOfMemoryError               = true                                   {manageable} {command line}
   size_t InitialHeapSize                          = 268435456                                 {product} {command line}
   size_t MarkStackSize                            = 4194304                                   {product} {ergonomic}
   size_t MaxHeapSize                              = 536870912                                 {product} {command line}
   size_t MaxMetaspaceSize                         = 402653184                                 {product} {command line}
   size_t MaxNewSize                               = 321912832                                 {product} {ergonomic}
   size_t MinHeapDeltaBytes                        = 1048576                                   {product} {ergonomic}
   size_t MinHeapSize                              = 268435456                                 {product} {command line}
    uintx NonNMethodCodeHeapSize                   = 5839372                                {pd product} {ergonomic}
    uintx NonProfiledCodeHeapSize                  = 122909434                              {pd product} {ergonomic}
    uintx ProfiledCodeHeapSize                     = 122909434                              {pd product} {ergonomic}
    uintx ReservedCodeCacheSize                    = 251658240                              {pd product} {ergonomic}
     bool SegmentedCodeCache                       = true                                      {product} {ergonomic}
   size_t SoftMaxHeapSize                          = 536870912                              {manageable} {ergonomic}
     bool UseCompressedOops                        = true                           {product lp64_product} {ergonomic}
     bool UseG1GC                                  = true                                      {product} {ergonomic}
     bool UseLargePagesIndividualAllocation        = false                                  {pd product} {ergonomic}

Logging:
Log output configuration:
 #0: stdout all=warning uptime,level,tags foldmultilines=false
 #1: stderr all=off uptime,level,tags foldmultilines=false

Release file:
JAVA_VERSION="21.0.10" 
MODULES="java.base java.compiler java.datatransfer java.xml java.prefs java.desktop java.instrument java.logging java.management java.security.sasl java.naming java.rmi java.management.rmi java.net.http java.scripting java.security.jgss java.transaction.xa java.sql java.sql.rowset java.xml.crypto java.se java.smartcardio jdk.accessibility jdk.internal.jvmstat jdk.attach jdk.charsets jdk.internal.opt jdk.zipfs jdk.compiler jdk.crypto.ec jdk.crypto.cryptoki jdk.crypto.mscapi jdk.dynalink jdk.internal.ed jdk.editpad jdk.hotspot.agent jdk.httpserver jdk.internal.le jdk.internal.vm.ci jdk.internal.vm.compiler jdk.internal.vm.compiler.management jdk.jartool jdk.javadoc jdk.jcmd jdk.management jdk.management.agent jdk.jconsole jdk.jdeps jdk.jdwp.agent jdk.jdi jdk.jfr jdk.jshell jdk.jsobject jdk.jstatd jdk.localedata jdk.management.jfr jdk.naming.dns jdk.naming.rmi jdk.net jdk.nio.mapmode jdk.random jdk.sctp jdk.security.auth jdk.security.jgss jdk.unsupported jdk.unsupported.desktop jdk.xml.dom" 

Environment Variables:
JAVA_HOME=C:\Program Files\Java\jdk-17
PATH=C:\Program Files\Java\jdk-17\bin;C:\Ruby34-x64\bin;C:\Program Files\dotnet;C:\Program Files\Java\jdk-24\bin;C:\Users\HP\AppData\Local\Programs\Python\Python312\Scripts;C:\Users\HP\AppData\Local\Programs\Python\Python312;C:\WINDOWS\system32;C:\WINDOWS;C:\WINDOWS\System32\Wbem;C:\WINDOWS\System32\WindowsPowerShell\v1.0\;C:\WINDOWS\System32\OpenSSH\;C:\Program Files\nodejs\;C:\ProgramData\chocolatey\bin;C:\Program Files\Git\cmd;C:\Program Files\dotnet\;C:\flutter\bin;C:\tools\dart-sdk;C:\Program Files\eSpeak NG\;C:\Program Files\PostgreSQL\17\bin;C:\Program Files\Go\bin;C:\Program Files\swipl\bin;C:\Users\HP\AppData\Local\Programs\Python\Python312\Scripts\;C:\Users\HP\AppData\Local\Programs\Python\Python312\;C:\Users\HP\.local\bin;C:\Users\HP\AppData\Local\Microsoft\WindowsApps;C:\Users\HP\AppData\Local\Programs\Microsoft VS Code\bin;C:\Users\HP\AppData\Roaming\npm;C:\tools\dart-sdk\bin;C:\Users\HP\AppData\Local\Pub\Cache\bin;C:\Users\HP\.dotnet\tools;C:\Users\HP\go\bin;C:\ghcup\bin;C:\Users\HP\AppData\Local\Programs\Antigravity\bin;C:\Users\HP\AppData\Local\PowerToys\DSCModules\;C:\Users\HP\AppData\Local\Android\Sdk\platform-tools
USERNAME=HP
OS=Windows_NT
PROCESSOR_IDENTIFIER=Intel64 Family 6 Model 140 Stepping 1, GenuineIntel
TMP=C:\Users\HP\AppData\Local\Temp
TEMP=C:\Users\HP\AppData\Local\Temp




Periodic native trim disabled

---------------  S Y S T E M  ---------------

OS:
 Windows 11 , 64 bit Build 26100 (10.0.26100.8246)
OS uptime: 0 days 9:15 hours
Hyper-V role detected

CPU: total 8 (initial active 8) (4 cores per cpu, 2 threads per core) family 6 model 140 stepping 1 microcode 0xb8, cx8, cmov, fxsr, ht, mmx, 3dnowpref, sse, sse2, sse3, ssse3, sse4.1, sse4.2, popcnt, lzcnt, tsc, tscinvbit, avx, avx2, aes, erms, clmul, bmi1, bmi2, adx, avx512f, avx512dq, avx512cd, avx512bw, avx512vl, sha, fma, vzeroupper, avx512_vpopcntdq, avx512_vpclmulqdq, avx512_vaes, avx512_vnni, clflush, clflushopt, clwb, avx512_vbmi2, avx512_vbmi, hv, rdtscp, rdpid, fsrm, gfni, avx512_bitalg, f16c, cet_ibt, cet_ss, avx512_ifma
Processor Information for the first 8 processors :
  Max Mhz: 2419, Current Mhz: 2419, Mhz Limit: 2419

Memory: 4k page, system-wide physical 24243M (5647M free)
TotalPageFile size 28339M (AvailPageFile size 13M)
current process WorkingSet (physical memory assigned to process): 421M, peak: 421M
current process commit charge ("private bytes"): 506M, peak: 507M

vm_info: OpenJDK 64-Bit Server VM (21.0.10+7-LTS) for windows-amd64 JRE (21.0.10+7-LTS), built on 2026-01-20T00:00:00Z by "admin" with MS VC++ 17.12 (VS2022)

END.
